MPLINK 5.09, LINKER
Linker Map File - Created Fri Mar 22 11:38:33 2019

                                 Section Info
                  Section       Type    Address   Location Size(Bytes)
                ---------  ---------  ---------  ---------  ---------
                   .org_0       code   0x000000    program   0x000004
                   .cinit    romdata   0x000004    program   0x000002
                   .org_1       code   0x000020    program   0x000016
.config_300001_BUILD/DEFAULT/DEBUG/CONTADOREITO    romdata   0x300001    program   0x000001
.config_300002_BUILD/DEFAULT/DEBUG/CONTADOREITO    romdata   0x300002    program   0x000001
.config_300003_BUILD/DEFAULT/DEBUG/CONTADOREITO    romdata   0x300003    program   0x000001
.config_300005_BUILD/DEFAULT/DEBUG/CONTADOREITO    romdata   0x300005    program   0x000001
.config_300006_BUILD/DEFAULT/DEBUG/CONTADOREITO    romdata   0x300006    program   0x000001



                              Program Memory Usage 
                               Start         End      
                           ---------   ---------      
                            0x000000    0x000005      
                            0x000020    0x000035      
                            0x300001    0x300003      
                            0x300005    0x300006      
            33 out of 33048 program addresses used, program memory utilization is 0%



                              Symbols - Sorted by Name
                     Name    Address   Location    Storage File                     
                ---------  ---------  ---------  --------- ---------                
                  inicion   0x000020    program     static E:\Miercocontrollers\contadoreitor.X\contadoreitor.asm
                   looper   0x000024    program     static E:\Miercocontrollers\contadoreitor.X\contadoreitor.asm
                     papa   0x00002c    program     static E:\Miercocontrollers\contadoreitor.X\contadoreitor.asm



                              Symbols - Sorted by Address
                     Name    Address   Location    Storage File                     
                ---------  ---------  ---------  --------- ---------                
                  inicion   0x000020    program     static E:\Miercocontrollers\contadoreitor.X\contadoreitor.asm
                   looper   0x000024    program     static E:\Miercocontrollers\contadoreitor.X\contadoreitor.asm
                     papa   0x00002c    program     static E:\Miercocontrollers\contadoreitor.X\contadoreitor.asm


