MPLINK 5.08, LINKER
Linker Map File - Created Wed Jan 24 16:38:34 2018

                                 Section Info
                  Section       Type    Address   Location Size(Bytes)
                ---------  ---------  ---------  ---------  ---------
                   .org_0       code   0x000000    program   0x000004
                   .cinit    romdata   0x000004    program   0x000002
                   .org_2       code   0x000008    program   0x000004
                   .org_3       code   0x000020    program   0x0000c4
                   .org_1       code   0x000600    program   0x000018
.config_300001_BUILD/DEFAULT/PRODUCTION/MAINCOD    romdata   0x300001    program   0x000001
.config_300002_BUILD/DEFAULT/PRODUCTION/MAINCOD    romdata   0x300002    program   0x000001
.config_300003_BUILD/DEFAULT/PRODUCTION/MAINCOD    romdata   0x300003    program   0x000001
.config_300005_BUILD/DEFAULT/PRODUCTION/MAINCOD    romdata   0x300005    program   0x000001
.config_300006_BUILD/DEFAULT/PRODUCTION/MAINCOD    romdata   0x300006    program   0x000001



                              Program Memory Usage 
                               Start         End      
                           ---------   ---------      
                            0x000000    0x000005      
                            0x000008    0x00000b      
                            0x000020    0x0000e3      
                            0x000600    0x000617      
                            0x300001    0x300003      
                            0x300005    0x300006      
            235 out of 33048 program addresses used, program memory utilization is 0%



                              Symbols - Sorted by Name
                     Name    Address   Location    Storage File                     
                ---------  ---------  ---------  --------- ---------                
                   aunnon   0x00004a    program     static D:\Microbios veraniegos\corredora version 2.X\maincode.asm
                   bucle1   0x0000c6    program     static D:\Microbios veraniegos\corredora version 2.X\maincode.asm
                   bucle2   0x0000d6    program     static D:\Microbios veraniegos\corredora version 2.X\maincode.asm
                   inicio   0x00003c    program     static D:\Microbios veraniegos\corredora version 2.X\maincode.asm
             interrupcion   0x000054    program     static D:\Microbios veraniegos\corredora version 2.X\maincode.asm
                    nopes   0x000094    program     static D:\Microbios veraniegos\corredora version 2.X\maincode.asm
                     otro   0x00004c    program     static D:\Microbios veraniegos\corredora version 2.X\maincode.asm
                    otro1   0x0000ba    program     static D:\Microbios veraniegos\corredora version 2.X\maincode.asm
                    otro2   0x0000ca    program     static D:\Microbios veraniegos\corredora version 2.X\maincode.asm
                    otro3   0x0000da    program     static D:\Microbios veraniegos\corredora version 2.X\maincode.asm
                 programa   0x000020    program     static D:\Microbios veraniegos\corredora version 2.X\maincode.asm
                  retardo   0x0000b6    program     static D:\Microbios veraniegos\corredora version 2.X\maincode.asm
                    t_str   0x000600    program     static D:\Microbios veraniegos\corredora version 2.X\maincode.asm



                              Symbols - Sorted by Address
                     Name    Address   Location    Storage File                     
                ---------  ---------  ---------  --------- ---------                
                 programa   0x000020    program     static D:\Microbios veraniegos\corredora version 2.X\maincode.asm
                   inicio   0x00003c    program     static D:\Microbios veraniegos\corredora version 2.X\maincode.asm
                   aunnon   0x00004a    program     static D:\Microbios veraniegos\corredora version 2.X\maincode.asm
                     otro   0x00004c    program     static D:\Microbios veraniegos\corredora version 2.X\maincode.asm
             interrupcion   0x000054    program     static D:\Microbios veraniegos\corredora version 2.X\maincode.asm
                    nopes   0x000094    program     static D:\Microbios veraniegos\corredora version 2.X\maincode.asm
                  retardo   0x0000b6    program     static D:\Microbios veraniegos\corredora version 2.X\maincode.asm
                    otro1   0x0000ba    program     static D:\Microbios veraniegos\corredora version 2.X\maincode.asm
                   bucle1   0x0000c6    program     static D:\Microbios veraniegos\corredora version 2.X\maincode.asm
                    otro2   0x0000ca    program     static D:\Microbios veraniegos\corredora version 2.X\maincode.asm
                   bucle2   0x0000d6    program     static D:\Microbios veraniegos\corredora version 2.X\maincode.asm
                    otro3   0x0000da    program     static D:\Microbios veraniegos\corredora version 2.X\maincode.asm
                    t_str   0x000600    program     static D:\Microbios veraniegos\corredora version 2.X\maincode.asm


