MPLINK 5.09, LINKER
Linker Map File - Created Fri Mar 22 12:06:35 2019

                                 Section Info
                  Section       Type    Address   Location Size(Bytes)
                ---------  ---------  ---------  ---------  ---------
                   .org_0       code   0x000000    program   0x000004
                   .cinit    romdata   0x000004    program   0x000002
                   .org_1       code   0x000020    program   0x000026
.config_300001_BUILD/DEFAULT/PRODUCTION/CONTADO    romdata   0x300001    program   0x000001
.config_300002_BUILD/DEFAULT/PRODUCTION/CONTADO    romdata   0x300002    program   0x000001
.config_300003_BUILD/DEFAULT/PRODUCTION/CONTADO    romdata   0x300003    program   0x000001
.config_300005_BUILD/DEFAULT/PRODUCTION/CONTADO    romdata   0x300005    program   0x000001
.config_300006_BUILD/DEFAULT/PRODUCTION/CONTADO    romdata   0x300006    program   0x000001



                              Program Memory Usage 
                               Start         End      
                           ---------   ---------      
                            0x000000    0x000005      
                            0x000020    0x000045      
                            0x300001    0x300003      
                            0x300005    0x300006      
            49 out of 33048 program addresses used, program memory utilization is 0%



                              Symbols - Sorted by Name
                     Name    Address   Location    Storage File                     
                ---------  ---------  ---------  --------- ---------                
                  falsete   0x000036    program     static E:\Miercocontrollers\contadoreitor.X\contadoreitor_ud.asm
                  inicion   0x000020    program     static E:\Miercocontrollers\contadoreitor.X\contadoreitor_ud.asm
                   looper   0x000024    program     static E:\Miercocontrollers\contadoreitor.X\contadoreitor_ud.asm
                     papa   0x00003c    program     static E:\Miercocontrollers\contadoreitor.X\contadoreitor_ud.asm



                              Symbols - Sorted by Address
                     Name    Address   Location    Storage File                     
                ---------  ---------  ---------  --------- ---------                
                  inicion   0x000020    program     static E:\Miercocontrollers\contadoreitor.X\contadoreitor_ud.asm
                   looper   0x000024    program     static E:\Miercocontrollers\contadoreitor.X\contadoreitor_ud.asm
                  falsete   0x000036    program     static E:\Miercocontrollers\contadoreitor.X\contadoreitor_ud.asm
                     papa   0x00003c    program     static E:\Miercocontrollers\contadoreitor.X\contadoreitor_ud.asm


