Microchip MPLAB XC8 Compiler V2.36

Linker command line:

-W-3 --edf=C:\Program Files\Microchip\xc8\v2.36\pic\dat\en_msgs.txt -cn \
  -h+dist/default/production\semana_13_el51_g2_varios.X.production.sym \
  --cmf=dist/default/production\semana_13_el51_g2_varios.X.production.cmf \
  -z -Q18F4550 -oC:\Users\Alumnos\AppData\Local\Temp\xcAsd1k.4 \
  --defsym=__MPLAB_BUILD=1 \
  -Mdist/default/production/semana_13_el51_g2_varios.X.production.map \
  --md=C:\Users\Alumnos\AppData\Local\Temp\xcAsd1k.dat -E1 \
  -ver=XC8 Compiler --acfsm=1493 -ACODE=00h-07FFFh -ACONST=00h-07FFFh \
  -ASMALLCONST=0800h-08FFhx120 -AMEDIUMCONST=0800h-07FFFh -ACOMRAM=01h-05Fh \
  -AABS1=00h-07FFh -ABIGRAM=01h-07FFh -ARAM=060h-0FFh,0100h-01FFhx7 \
  -ABANK0=060h-0FFh -ABANK1=0100h-01FFh -ABANK2=0200h-02FFh \
  -ABANK3=0300h-03FFh -ABANK4=0400h-04FFh -ABANK5=0500h-05FFh \
  -ABANK6=0600h-06FFh -ABANK7=0700h-07FFh -ASFR=0F60h-0FFFh \
  -ABIGSFR=0F60h-0FFFh -ACONFIG=0300000h-030000Dh -AIDLOC=0200000h-0200007h \
  -AEEDATA=0F00000h-0F000FFh -peeprom_data=EEDATA \
  -preset_vec=00h,intcode=08h,intcodelo=018h,powerup,init -pramtop=0800h \
  -psmallconst=SMALLCONST -pmediumconst=MEDIUMCONST -pconst=CONST \
  -AFARRAM=00h-00h \
  -prdata=COMRAM,nvrram=COMRAM,nvbit=COMRAM,rbss=COMRAM,rbit=COMRAM \
  -pfarbss=FARRAM,fardata=FARRAM,nvFARRAM=FARRAM \
  -pintsave_regs=BIGRAM,bigbss=BIGRAM,bigdata=BIGRAM -pbss=RAM \
  -pidata=CODE,irdata=CODE,ibigdata=CODE,ifardata=CODE -prparam=COMRAM \
  C:\Users\Alumnos\AppData\Local\Temp\xcAsd1k.o \
  dist/default/production\semana_13_el51_g2_varios.X.production.o 

Object code version is 3.11

Machine type is 18F4550



                Name                               Link     Load   Length Selector   Space Scale
C:\Users\Alumnos\AppData\Local\Temp\xcAsd1k.o
                idloc                            200000   200000        8        0       5
                config                           300000   300000        E        0       4
                init                                186      186        4        C       0
                reset_vec                             0        0        4        0       0
dist/default/production\semana_13_el51_g2_varios.X.production.o
                intcodelo                            18       18      16E        C       0
                intcode                               8        8        6        4       0
                idloc                            200000   200000        8        0       5
                config                           300000   300000        E        0       4
                temp                                 55       55        1        1       1
                smallconst                          800      800       1A      400       0
                intcode_body                        D82      D82       24      40D       0
                text16                              D5C      D5C       26      40D       0
                text14                              D32      D32       2A      40D       0
                text13                              DA6      DA6       1C      40D       0
                text12                              A08      A08       72      40D       0
                text11                              CCE      CCE       34      40D       0
                text10                              DCA      DCA        8      40D       0
                text9                               DC2      DC2        8      40D       0
                text8                               D02      D02       30      40D       0
                text7                               C9A      C9A       34      40D       0
                text6                               BEE      BEE       3C      40D       0
                text5                               A7A      A7A       60      40D       0
                text4                               B2C      B2C       46      40D       0
                text3                               BB0      BB0       3E      40D       0
                text2                               C2A      C2A       3A      40D       0
                text1                               992      992       76      40D       0
                text0                               81A      81A      178      40D       0
                cstackCOMRAM                         3F       3F       14        1       1
                dataBANK0                            60       60       36       60       1
                dataCOMRAM                            1        1       3E        1       1
                bssCOMRAM                            53       53        2        1       1
                cinit                               ADA      ADA       52      40D       0
                idataBANK0                          C64      C64       36      40D       0
                idataCOMRAM                         B72      B72       3E      40D       0

TOTAL           Name                               Link     Load   Length     Space
        CLASS   CODE           
                intcodelo                            18       18      16E         0
                intcode                               8        8        6         0
                init                                186      186        4         0
                reset_vec                             0        0        4         0
                intcode_body                        D82      D82       24         0
                text16                              D5C      D5C       26         0
                text14                              D32      D32       2A         0
                text13                              DA6      DA6       1C         0
                text12                              A08      A08       72         0
                text11                              CCE      CCE       34         0
                text10                              DCA      DCA        8         0
                text9                               DC2      DC2        8         0
                text8                               D02      D02       30         0
                text7                               C9A      C9A       34         0
                text6                               BEE      BEE       3C         0
                text5                               A7A      A7A       60         0
                text4                               B2C      B2C       46         0
                text3                               BB0      BB0       3E         0
                text2                               C2A      C2A       3A         0
                text1                               992      992       76         0
                text0                               81A      81A      178         0
                cinit                               ADA      ADA       52         0
                idataBANK0                          C64      C64       36         0
                idataCOMRAM                         B72      B72       3E         0

        CLASS   CONST          

        CLASS   SMALLCONST     
                smallconst                          800      800       1A         0

        CLASS   MEDIUMCONST    

        CLASS   COMRAM         
                temp                                 55       55        1         1
                cstackCOMRAM                         3F       3F       14         1
                dataCOMRAM                            1        1       3E         1
                bssCOMRAM                            53       53        2         1

        CLASS   ABS1           

        CLASS   BIGRAM         

        CLASS   RAM            

        CLASS   BANK0          
                dataBANK0                            60       60       36         1

        CLASS   BANK1          

        CLASS   BANK2          

        CLASS   BANK3          

        CLASS   BANK4          

        CLASS   BANK5          

        CLASS   BANK6          

        CLASS   BANK7          

        CLASS   SFR            

        CLASS   BIGSFR         

        CLASS   CONFIG         
                config                           300000   300000        E         4

        CLASS   IDLOC          
                idloc                            200000   200000        8         5

        CLASS   EEDATA         

        CLASS   FARRAM         

        CLASS   HEAP           

        CLASS   STACK          



SEGMENTS        Name                           Load    Length   Top    Selector   Space  Class

                reset_vec                      000000  000004  000004         0       0  CODE    
                dataCOMRAM                     000001  000055  000056         1       1  COMRAM  
                intcode                        000008  000006  00000E         4       0  CODE    
                intcodelo                      000018  000172  00018A         C       0  CODE    
                dataBANK0                      000060  000036  000096        60       1  BANK0   
                smallconst                     000800  00001A  00081A       400       0  SMALLCON
                text0                          00081A  0005B8  000DD2       40D       0  CODE    


UNUSED ADDRESS RANGES

        Name                Unused          Largest block    Delta
        BANK0            000096-0000FF               6A
        BANK1            000100-0001FF              100
        BANK2            000200-0002FF              100
        BANK3            000300-0003FF              100
        BANK4            000400-0004FF              100
        BANK5            000500-0005FF              100
        BANK6            000600-0006FF              100
        BANK7            000700-0007FF              100
        BIGRAM           000056-00005F                A
                         000096-0007FF              76A
        BIGSFR           000F60-000FFF               A0
        CODE             000004-000007                4
                         00000E-000017                A
                         00018A-0007FF              676
                         000DD2-007FFF             722E
        COMRAM           000056-00005F                A
        CONST            000004-000007                4
                         00000E-000017                A
                         00018A-0007FF              676
                         000DD2-007FFF             722E
        EEDATA           F00000-F000FF              100
        MEDIUMCONST      000DD2-007FFF             722E
        RAM              000096-0007FF              100
        SFR              000F60-000FFF               A0
        SMALLCONST       000DD2-007FFF              100

                                  Symbol Table

CURSOR_ONOFF@estado      cstackCOMRAM 00004A
ENVIA_CHAR@aux           cstackCOMRAM 000049
ENVIA_CHAR@dato          cstackCOMRAM 000048
ENVIA_LCD_CMD@aux        cstackCOMRAM 000049
ENVIA_LCD_CMD@dato       cstackCOMRAM 000048
ENVIA_NIBBLE@dato        cstackCOMRAM 000047
ESCRIBE_MENSAJE@cadena   cstackCOMRAM 00004A
ESCRIBE_MENSAJE@i        cstackCOMRAM 00004F
ESCRIBE_MENSAJE@tam      cstackCOMRAM 00004C
GENERACARACTER@i         cstackCOMRAM 00004D
GENERACARACTER@pos       cstackCOMRAM 00004C
GENERACARACTER@vector    cstackCOMRAM 00004A
INT2_ISR@y               cstackCOMRAM 000046
LEER_LCD@aux             cstackCOMRAM 000047
POS_CURSOR@columna       cstackCOMRAM 00004A
POS_CURSOR@fila          cstackCOMRAM 00004B
_ADCON1                  (abs)        000FC1
_BORRAR_LCD              text10       000DCA
_CURSOR_HOME             text9        000DC2
_CURSOR_ONOFF            text8        000D02
_ENVIA_CHAR              text7        000C9A
_ENVIA_LCD_CMD           text11       000CCE
_ENVIA_NIBBLE            text13       000DA6
_ESCRIBE_MENSAJE         text3        000BB0
_GENERACARACTER          text6        000BEE
_INT0_ISR                intcode      000008
_INT2_ISR                intcodelo    000018
_INTCON2bits             (abs)        000FF1
_INTCON3bits             (abs)        000FF0
_INTCONbits              (abs)        000FF2
_LATD                    (abs)        000F8C
_LATDbits                (abs)        000F8C
_LATE                    (abs)        000F8D
_LCD_CONFIG              text5        000A7A
_LEER_LCD                text12       000A08
_OSCCON                  (abs)        000FD3
_PORTD                   (abs)        000F83
_PORTEbits               (abs)        000F84
_POS_CURSOR              text2        000C2A
_RCONbits                (abs)        000FD0
_RCSTAbits               (abs)        000FAB
_SPBRG                   (abs)        000FAF
_TRISCbits               (abs)        000F94
_TRISD                   (abs)        000F95
_TRISE                   (abs)        000F96
_TXREG                   (abs)        000FAD
_TXSTAbits               (abs)        000FAC
__HRAM                   (abs)        000000
__Habs1                  abs1         000000
__Hbank0                 bank0        000000
__Hbank1                 bank1        000000
__Hbank2                 bank2        000000
__Hbank3                 bank3        000000
__Hbank4                 bank4        000000
__Hbank5                 bank5        000000
__Hbank6                 bank6        000000
__Hbank7                 bank7        000000
__Hbigbss                bigbss       000000
__Hbigdata               bigdata      000000
__Hbigram                bigram       000000
__Hbigsfr                bigsfr       000000
__Hbss                   bss          000000
__HbssCOMRAM             bssCOMRAM    000000
__Hcinit                 cinit        000000
__Hclrtext               clrtext      000000
__Hcomram                comram       000000
__Hconfig                config       30000E
__Hconst                 const        000000
__HcstackCOMRAM          cstackCOMRAM 000000
__Hdata                  data         000000
__HdataBANK0             dataBANK0    000000
__HdataCOMRAM            dataCOMRAM   000000
__Heeprom_data           eeprom_data  000000
__Hfarbss                farbss       000000
__Hfardata               fardata      000000
__Hheap                  heap         000000
__Hibigdata              ibigdata     000000
__Hidata                 idata        000000
__HidataBANK0            idataBANK0   000000
__HidataCOMRAM           idataCOMRAM  000000
__Hidloc                 idloc        200008
__Hifardata              ifardata     000000
__Hinit                  init         00018A
__Hintcode               intcode      00000E
__Hintcode_body          intcode_body 000000
__Hintcodelo             intcodelo    000186
__Hintentry              intentry     000000
__Hintret                intret       000000
__Hintsave_regs          intsave_regs 000000
__Hirdata                irdata       000000
__Hmediumconst           mediumconst  000000
__HnvFARRAM              nvFARRAM     000000
__Hnvbit                 nvbit        000000
__Hnvrram                nvrram       000000
__Hparam                 rparam       000000
__Hpowerup               powerup      000186
__Hram                   ram          000000
__Hramtop                ramtop       000800
__Hrbit                  rbit         000000
__Hrbss                  rbss         000000
__Hrdata                 rdata        000000
__Hreset_vec             reset_vec    000004
__Hrparam                rparam       000000
__Hsfr                   sfr          000000
__Hsmallconst            smallconst   00081A
__Hspace_0               (abs)        000DD2
__Hspace_1               (abs)        000096
__Hspace_2               (abs)        000000
__Hspace_4               (abs)        60000E
__Hstack                 stack        000000
__Hstruct                struct       000000
__Htemp                  temp         000056
__Htext                  text         000000
__Htext0                 text0        000000
__Htext1                 text1        000000
__Htext10                text10       000000
__Htext11                text11       000000
__Htext12                text12       000000
__Htext13                text13       000000
__Htext14                text14       000000
__Htext16                text16       000000
__Htext2                 text2        000000
__Htext3                 text3        000000
__Htext4                 text4        000000
__Htext5                 text5        000000
__Htext6                 text6        000000
__Htext7                 text7        000000
__Htext8                 text8        000000
__Htext9                 text9        000000
__LRAM                   (abs)        000001
__Labs1                  abs1         000000
__Lbank0                 bank0        000000
__Lbank1                 bank1        000000
__Lbank2                 bank2        000000
__Lbank3                 bank3        000000
__Lbank4                 bank4        000000
__Lbank5                 bank5        000000
__Lbank6                 bank6        000000
__Lbank7                 bank7        000000
__Lbigbss                bigbss       000000
__Lbigdata               bigdata      000000
__Lbigram                bigram       000000
__Lbigsfr                bigsfr       000000
__Lbss                   bss          000000
__LbssCOMRAM             bssCOMRAM    000000
__Lcinit                 cinit        000000
__Lclrtext               clrtext      000000
__Lcomram                comram       000000
__Lconfig                config       000000
__Lconst                 const        000000
__LcstackCOMRAM          cstackCOMRAM 000000
__Ldata                  data         000000
__LdataBANK0             dataBANK0    000000
__LdataCOMRAM            dataCOMRAM   000000
__Leeprom_data           eeprom_data  000000
__Lfarbss                farbss       000000
__Lfardata               fardata      000000
__Lheap                  heap         000000
__Libigdata              ibigdata     000000
__Lidata                 idata        000000
__LidataBANK0            idataBANK0   000000
__LidataCOMRAM           idataCOMRAM  000000
__Lidloc                 idloc        000000
__Lifardata              ifardata     000000
__Linit                  init         000186
__Lintcode               intcode      000008
__Lintcode_body          intcode_body 000000
__Lintcodelo             intcodelo    000018
__Lintentry              intentry     000000
__Lintret                intret       000000
__Lintsave_regs          intsave_regs 000000
__Lirdata                irdata       000000
__Lmediumconst           mediumconst  000000
__LnvFARRAM              nvFARRAM     000000
__Lnvbit                 nvbit        000000
__Lnvrram                nvrram       000000
__Lparam                 rparam       000000
__Lpowerup               powerup      000186
__Lram                   ram          000000
__Lramtop                ramtop       000800
__Lrbit                  rbit         000000
__Lrbss                  rbss         000000
__Lrdata                 rdata        000000
__Lreset_vec             reset_vec    000000
__Lrparam                rparam       000000
__Lsfr                   sfr          000000
__Lsmallconst            smallconst   000800
__Lspace_0               (abs)        000000
__Lspace_1               (abs)        000000
__Lspace_2               (abs)        000000
__Lspace_4               (abs)        000000
__Lstack                 stack        000000
__Lstruct                struct       000000
__Ltemp                  temp         000055
__Ltext                  text         000000
__Ltext0                 text0        000000
__Ltext1                 text1        000000
__Ltext10                text10       000000
__Ltext11                text11       000000
__Ltext12                text12       000000
__Ltext13                text13       000000
__Ltext14                text14       000000
__Ltext16                text16       000000
__Ltext2                 text2        000000
__Ltext3                 text3        000000
__Ltext4                 text4        000000
__Ltext5                 text5        000000
__Ltext6                 text6        000000
__Ltext7                 text7        000000
__Ltext8                 text8        000000
__Ltext9                 text9        000000
__S0                     (abs)        000DD2
__S1                     (abs)        000096
__S4                     (abs)        000000
__S5                     (abs)        000000
___heap_hi               (abs)        000000
___heap_lo               (abs)        000000
___inthi_sp              stack        000000
___intlo_sp              stack        000000
___param_bank            (abs)        000000
___rparam_used           (abs)        000001
___sp                    stack        000000
__accesstop              (abs)        000060
__activetblptr           (abs)        000002
__end_of_BORRAR_LCD      text10       000DD2
__end_of_CURSOR_HOME     text9        000DCA
__end_of_CURSOR_ONOFF    text8        000D32
__end_of_ENVIA_CHAR      text7        000CCE
__end_of_ENVIA_LCD_CMD   text11       000D02
__end_of_ENVIA_NIBBLE    text13       000DC2
__end_of_ESCRIBE_MENSAJE text3        000BEE
__end_of_GENERACARACTER  text6        000C2A
__end_of_INT0_ISR        intcode_body 000DA6
__end_of_INT2_ISR        intcodelo    000186
__end_of_LCD_CONFIG      text5        000ADA
__end_of_LEER_LCD        text12       000A7A
__end_of_POS_CURSOR      text2        000C64
__end_of__initialization cinit        000B1E
__end_of_configuro       text14       000D5C
__end_of_init_LCD        text4        000B72
__end_of_main            text0        000992
__end_of_salto_del_tigre text16       000D82
__end_of_vis_focos       text1        000A08
__initialization         cinit        000ADA
__mediumconst            mediumconst  000000
__pbssCOMRAM             bssCOMRAM    000053
__pcinit                 cinit        000ADA
__pcstackCOMRAM          cstackCOMRAM 00003F
__pdataBANK0             dataBANK0    000060
__pdataCOMRAM            dataCOMRAM   000001
__pidataBANK0            idataBANK0   000C64
__pidataCOMRAM           idataCOMRAM  000B72
__pintcode               intcode      000008
__pintcode_body          intcode_body 000D82
__pintcodelo             intcodelo    000018
__psmallconst            smallconst   000800
__ptext0                 text0        00081A
__ptext1                 text1        000992
__ptext10                text10       000DCA
__ptext11                text11       000CCE
__ptext12                text12       000A08
__ptext13                text13       000DA6
__ptext14                text14       000D32
__ptext16                text16       000D5C
__ptext2                 text2        000C2A
__ptext3                 text3        000BB0
__ptext4                 text4        000B2C
__ptext5                 text5        000A7A
__ptext6                 text6        000BEE
__ptext7                 text7        000C9A
__ptext8                 text8        000D02
__ptext9                 text9        000DC2
__ramtop                 ramtop       000800
__smallconst             smallconst   000800
_configuro               text14       000D32
_estado1                 bssCOMRAM    000054
_estado2                 bssCOMRAM    000053
_foco_off                dataCOMRAM   000037
_foco_on                 dataCOMRAM   00002F
_init_LCD                text4        000B2C
_main                    text0        00081A
_mensaje1                dataCOMRAM   00001A
_mensaje2                dataBANK0    00007B
_mensaje3                dataBANK0    000060
_mensaje4                dataCOMRAM   000001
_salida                  dataCOMRAM   000025
_salto_del_tigre         text16       000D5C
_vis_focos               text1        000992
btemp                    temp         000055
end_of_initialization    cinit        000B1E
int$flags                temp         000055
int_func                 intcode_body 000D82
intlevel0                text         000000
intlevel1                text         000000
intlevel2                text         000000
intlevel3                text         000000
isa$std                  (abs)        000001
isa$xinst                (abs)        000000
main@x                   cstackCOMRAM 000052
stackhi                  (abs)        000000
stacklo                  (abs)        000000
start                    init         000186
start_initialization     cinit        000ADA
ttemp5                   temp         000056
ttemp6                   temp         000059
ttemp7                   temp         00005D
wtemp8                   temp         000056


MODULE INFORMATION

Module		Function		Class		Link	Load	Size
maincode5.c
		_configuro     		CODE           	0D32	0000	42
		_salto_del_tigre		CODE           	0D5C	0000	38
		_main          		CODE           	081A	0000	376
		_vis_focos     		CODE           	0992	0000	118
		_init_LCD      		CODE           	0B2C	0000	70
		_INT0_ISR      		CODE           	0008	0000	42
		_INT2_ISR      		CODE           	0018	0000	366

maincode5.c estimated size: 1052

shared
		__initialization		CODE           	0ADA	0000	68

shared estimated size: 68

LCD.c
		_ENVIA_NIBBLE  		CODE           	0DA6	0000	28
		_GENERACARACTER		CODE           	0BEE	0000	60
		_ENVIA_CHAR    		CODE           	0C9A	0000	52
		_CURSOR_HOME   		CODE           	0DC2	0000	8
		_CURSOR_ONOFF  		CODE           	0D02	0000	48
		_POS_CURSOR    		CODE           	0C2A	0000	58
		_ESCRIBE_MENSAJE		CODE           	0BB0	0000	62
		_ENVIA_LCD_CMD 		CODE           	0CCE	0000	52
		_LCD_CONFIG    		CODE           	0A7A	0000	96
		_BORRAR_LCD    		CODE           	0DCA	0000	8
		_LEER_LCD      		CODE           	0A08	0000	114

LCD.c estimated size: 586

