Microchip MPLAB XC8 Compiler V2.32

Linker command line:

-W-3 --edf=C:\Program Files\Microchip\xc8\v2.32\pic\dat\en_msgs.txt -cn \
  -h+dist/default/production\20212_c_el51_servo_ex.X.production.sym \
  --cmf=dist/default/production\20212_c_el51_servo_ex.X.production.cmf -z \
  -Q18F4550 -oC:\Users\klnla\AppData\Local\Temp\xcAsgnc.4 \
  --defsym=__MPLAB_BUILD=1 \
  -Mdist/default/production/20212_c_el51_servo_ex.X.production.map -E1 \
  -ver=XC8 Compiler --acfsm=1493 -ASTACK=060h-07FFh -pstack=STACK \
  -ACODE=00h-07FFFh -ACONST=00h-07FFFh -ASMALLCONST=0800h-08FFhx120 \
  -AMEDIUMCONST=0800h-07FFFh -ACOMRAM=01h-05Fh -AABS1=00h-07FFh \
  -ABIGRAM=01h-07FFh -ARAM=060h-0FFh,0100h-01FFhx7 -ABANK0=060h-0FFh \
  -ABANK1=0100h-01FFh -ABANK2=0200h-02FFh -ABANK3=0300h-03FFh \
  -ABANK4=0400h-04FFh -ABANK5=0500h-05FFh -ABANK6=0600h-06FFh \
  -ABANK7=0700h-07FFh -ASFR=0F60h-0FFFh -ACONFIG=0300000h-030000Dh \
  -AIDLOC=0200000h-0200007h -AEEDATA=0F00000h-0F000FFh -peeprom_data=EEDATA \
  -preset_vec=00h,intcode,intcodelo,powerup,init -pramtop=0800h \
  -psmallconst=SMALLCONST -pmediumconst=MEDIUMCONST -pconst=CONST \
  -AFARRAM=00h-00h \
  -prdata=COMRAM,nvrram=COMRAM,nvbit=COMRAM,rbss=COMRAM,rbit=COMRAM \
  -pfarbss=FARRAM,fardata=FARRAM,nvFARRAM=FARRAM \
  -pintsave_regs=BIGRAM,bigbss=BIGRAM,bigdata=BIGRAM -pbss=RAM \
  -pidata=CODE,irdata=CODE,ibigdata=CODE,ifardata=CODE -prparam=COMRAM \
  C:\Users\klnla\AppData\Local\Temp\xcAsgnc.o \
  dist/default/production\20212_c_el51_servo_ex.X.production.o 

Object code version is 3.11

Machine type is 18F4550



                Name                               Link     Load   Length Selector   Space Scale
C:\Users\klnla\AppData\Local\Temp\xcAsgnc.o
                idloc                            200000   200000        8        0       5
                config                           300000   300000        E        0       4
                init                                  0        0        4        0       0
dist/default/production\20212_c_el51_servo_ex.X.production.o
                idloc                            200000   200000        8        0       5
                config                           300000   300000        E        0       4
                smallconst                          800      800       28      400       0
                text12                              B24      B24       1C      414       0
                text11                              90A      90A       72      414       0
                text10                              AC0      AC0       34      414       0
                text9                               9DC      9DC       3E      414       0
                text8                               A8C      A8C       34      414       0
                text7                               A1A      A1A       3A      414       0
                text6                               B4E      B4E        C      414       0
                text5                               B62      B62        8      414       0
                text4                               B5A      B5A        8      414       0
                text3                               AF4      AF4       30      414       0
                text2                               97C      97C       60      414       0
                text1                               A54      A54       38      414       0
                text0                               828      828       E2      414       0
                cstackCOMRAM                          1        1        B        1       1
                cinit                               B40      B40        E      414       0

TOTAL           Name                               Link     Load   Length     Space
        CLASS   STACK          

        CLASS   CODE           
                init                                  0        0        4         0
                text12                              B24      B24       1C         0
                text11                              90A      90A       72         0
                text10                              AC0      AC0       34         0
                text9                               9DC      9DC       3E         0
                text8                               A8C      A8C       34         0
                text7                               A1A      A1A       3A         0
                text6                               B4E      B4E        C         0
                text5                               B62      B62        8         0
                text4                               B5A      B5A        8         0
                text3                               AF4      AF4       30         0
                text2                               97C      97C       60         0
                text1                               A54      A54       38         0
                text0                               828      828       E2         0
                cinit                               B40      B40        E         0

        CLASS   CONST          

        CLASS   SMALLCONST     
                smallconst                          800      800       28         0

        CLASS   MEDIUMCONST    

        CLASS   COMRAM         
                cstackCOMRAM                          1        1        B         1

        CLASS   ABS1           

        CLASS   BIGRAM         

        CLASS   RAM            

        CLASS   BANK0          

        CLASS   BANK1          

        CLASS   BANK2          

        CLASS   BANK3          

        CLASS   BANK4          

        CLASS   BANK5          

        CLASS   BANK6          

        CLASS   BANK7          

        CLASS   SFR            

        CLASS   CONFIG         
                config                           300000   300000        E         4

        CLASS   IDLOC          
                idloc                            200000   200000        8         5

        CLASS   EEDATA         

        CLASS   FARRAM         



SEGMENTS        Name                           Load    Length   Top    Selector   Space  Class

                reset_vec                      000000  000004  000004         0       0  CODE    
                cstackCOMRAM                   000001  00000B  00000C         1       1  COMRAM  
                smallconst                     000800  000028  000828       400       0  SMALLCON
                text0                          000828  000342  000B6A       414       0  CODE    


UNUSED ADDRESS RANGES

        Name                Unused          Largest block    Delta
        BANK0            000060-0000FF               A0
        BANK1            000100-0001FF              100
        BANK2            000200-0002FF              100
        BANK3            000300-0003FF              100
        BANK4            000400-0004FF              100
        BANK5            000500-0005FF              100
        BANK6            000600-0006FF              100
        BANK7            000700-0007FF              100
        BIGRAM           00000C-0007FF              7F4
        CODE             000004-0007FF              7FC
                         000B6A-007FFF             7496
        COMRAM           00000C-00005F               54
        CONST            000004-0007FF              7FC
                         000B6A-007FFF             7496
        EEDATA           F00000-F000FF              100
        MEDIUMCONST      000B6A-007FFF             7496
        RAM              000060-0007FF              100
        SFR              000F60-000FFF               A0
        SMALLCONST       000B6A-007FFF              100
        STACK            000060-0007FF              7A0

                                  Symbol Table

CURSOR_ONOFF@estado       cstackCOMRAM 000004
ENVIA_CHAR@aux            cstackCOMRAM 000003
ENVIA_CHAR@dato           cstackCOMRAM 000002
ENVIA_LCD_CMD@aux         cstackCOMRAM 000003
ENVIA_LCD_CMD@dato        cstackCOMRAM 000002
ENVIA_NIBBLE@dato         cstackCOMRAM 000001
ESCRIBE_MENSAJE@cadena    cstackCOMRAM 000004
ESCRIBE_MENSAJE@i         cstackCOMRAM 000009
ESCRIBE_MENSAJE@tam       cstackCOMRAM 000006
LEER_LCD@aux              cstackCOMRAM 000001
POS_CURSOR@columna        cstackCOMRAM 000004
POS_CURSOR@fila           cstackCOMRAM 000005
_ADCON1                   (abs)        000FC1
_BORRAR_LCD               text5        000B62
_CURSOR_HOME              text4        000B5A
_CURSOR_ONOFF             text3        000AF4
_ENVIA_CHAR               text10       000AC0
_ENVIA_LCD_CMD            text8        000A8C
_ENVIA_NIBBLE             text12       000B24
_ESCRIBE_MENSAJE          text9        0009DC
_LATD                     (abs)        000F8C
_LATDbits                 (abs)        000F8C
_LATEbits                 (abs)        000F8D
_LCD_CONFIG               text2        00097C
_LEER_LCD                 text11       00090A
_PIR2bits                 (abs)        000FA1
_PORTBbits                (abs)        000F81
_PORTD                    (abs)        000F83
_POS_CURSOR               text7        000A1A
_T3CON                    (abs)        000FB1
_TMR3H                    (abs)        000FB3
_TMR3L                    (abs)        000FB2
_TRISD                    (abs)        000F95
_TRISEbits                (abs)        000F96
__HRAM                    (abs)        000000
__Habs1                   abs1         000000
__Hbank0                  bank0        000000
__Hbank1                  bank1        000000
__Hbank2                  bank2        000000
__Hbank3                  bank3        000000
__Hbank4                  bank4        000000
__Hbank5                  bank5        000000
__Hbank6                  bank6        000000
__Hbank7                  bank7        000000
__Hbigbss                 bigbss       000000
__Hbigdata                bigdata      000000
__Hbigram                 bigram       000000
__Hbss                    bss          000000
__Hcinit                  cinit        000000
__Hclrtext                clrtext      000000
__Hcomram                 comram       000000
__Hconfig                 config       30000E
__Hconst                  const        000000
__HcstackCOMRAM           cstackCOMRAM 000000
__Hdata                   data         000000
__Heeprom_data            eeprom_data  000000
__Hfarbss                 farbss       000000
__Hfardata                fardata      000000
__Hibigdata               ibigdata     000000
__Hidata                  idata        000000
__Hidloc                  idloc        200008
__Hifardata               ifardata     000000
__Hinit                   init         000004
__Hintcode                intcode      000000
__Hintcode_body           intcode_body 000000
__Hintcodelo              intcodelo    000000
__Hintentry               intentry     000000
__Hintret                 intret       000000
__Hintsave_regs           intsave_regs 000000
__Hirdata                 irdata       000000
__Hmediumconst            mediumconst  000000
__HnvFARRAM               nvFARRAM     000000
__Hnvbit                  nvbit        000000
__Hnvrram                 nvrram       000000
__Hparam                  rparam       000000
__Hpowerup                powerup      000000
__Hram                    ram          000000
__Hramtop                 ramtop       000800
__Hrbit                   rbit         000000
__Hrbss                   rbss         000000
__Hrdata                  rdata        000000
__Hreset_vec              reset_vec    000000
__Hrparam                 rparam       000000
__Hsfr                    sfr          000000
__Hsmallconst             smallconst   000828
__Hspace_0                (abs)        000B6A
__Hspace_1                (abs)        00000C
__Hspace_2                (abs)        000000
__Hspace_4                (abs)        60000E
__Hstack                  stack        000000
__Hstruct                 struct       000000
__Htemp                   temp         000000
__Htext                   text         000000
__Htext0                  text0        000000
__Htext1                  text1        000000
__Htext10                 text10       000000
__Htext11                 text11       000000
__Htext12                 text12       000000
__Htext2                  text2        000000
__Htext3                  text3        000000
__Htext4                  text4        000000
__Htext5                  text5        000000
__Htext6                  text6        000000
__Htext7                  text7        000000
__Htext8                  text8        000000
__Htext9                  text9        000000
__LRAM                    (abs)        000001
__Labs1                   abs1         000000
__Lbank0                  bank0        000000
__Lbank1                  bank1        000000
__Lbank2                  bank2        000000
__Lbank3                  bank3        000000
__Lbank4                  bank4        000000
__Lbank5                  bank5        000000
__Lbank6                  bank6        000000
__Lbank7                  bank7        000000
__Lbigbss                 bigbss       000000
__Lbigdata                bigdata      000000
__Lbigram                 bigram       000000
__Lbss                    bss          000000
__Lcinit                  cinit        000000
__Lclrtext                clrtext      000000
__Lcomram                 comram       000000
__Lconfig                 config       000000
__Lconst                  const        000000
__LcstackCOMRAM           cstackCOMRAM 000000
__Ldata                   data         000000
__Leeprom_data            eeprom_data  000000
__Lfarbss                 farbss       000000
__Lfardata                fardata      000000
__Libigdata               ibigdata     000000
__Lidata                  idata        000000
__Lidloc                  idloc        000000
__Lifardata               ifardata     000000
__Linit                   init         000000
__Lintcode                intcode      000000
__Lintcode_body           intcode_body 000000
__Lintcodelo              intcodelo    000000
__Lintentry               intentry     000000
__Lintret                 intret       000000
__Lintsave_regs           intsave_regs 000000
__Lirdata                 irdata       000000
__Lmediumconst            mediumconst  000000
__LnvFARRAM               nvFARRAM     000000
__Lnvbit                  nvbit        000000
__Lnvrram                 nvrram       000000
__Lparam                  rparam       000000
__Lpowerup                powerup      000000
__Lram                    ram          000000
__Lramtop                 ramtop       000800
__Lrbit                   rbit         000000
__Lrbss                   rbss         000000
__Lrdata                  rdata        000000
__Lreset_vec              reset_vec    000000
__Lrparam                 rparam       000000
__Lsfr                    sfr          000000
__Lsmallconst             smallconst   000800
__Lspace_0                (abs)        000000
__Lspace_1                (abs)        000000
__Lspace_2                (abs)        000000
__Lspace_4                (abs)        000000
__Lstack                  stack        000000
__Lstruct                 struct       000000
__Ltemp                   temp         000000
__Ltext                   text         000000
__Ltext0                  text0        000000
__Ltext1                  text1        000000
__Ltext10                 text10       000000
__Ltext11                 text11       000000
__Ltext12                 text12       000000
__Ltext2                  text2        000000
__Ltext3                  text3        000000
__Ltext4                  text4        000000
__Ltext5                  text5        000000
__Ltext6                  text6        000000
__Ltext7                  text7        000000
__Ltext8                  text8        000000
__Ltext9                  text9        000000
__S0                      (abs)        000B6A
__S1                      (abs)        00000C
__S2                      (abs)        000000
__S4                      (abs)        000000
__S5                      (abs)        000000
___inthi_sp               stack        000000
___intlo_sp               stack        000000
___param_bank             (abs)        000000
___rparam_used            (abs)        000001
___sp                     stack        000000
__accesstop               (abs)        000060
__activetblptr            (abs)        000001
__end_of_BORRAR_LCD       text5        000B6A
__end_of_CURSOR_HOME      text4        000B62
__end_of_CURSOR_ONOFF     text3        000B24
__end_of_ENVIA_CHAR       text10       000AF4
__end_of_ENVIA_LCD_CMD    text8        000AC0
__end_of_ENVIA_NIBBLE     text12       000B40
__end_of_ESCRIBE_MENSAJE  text9        000A1A
__end_of_LCD_CONFIG       text2        0009DC
__end_of_LEER_LCD         text11       00097C
__end_of_POS_CURSOR       text7        000A54
__end_of__initialization  cinit        000B40
__end_of_configuracion    text6        000B5A
__end_of_lcd_init         text1        000A8C
__end_of_main             text0        00090A
__initialization          cinit        000B40
__mediumconst             mediumconst  000000
__pcinit                  cinit        000B40
__pcstackCOMRAM           cstackCOMRAM 000001
__psmallconst             smallconst   000800
__ptext0                  text0        000828
__ptext1                  text1        000A54
__ptext10                 text10       000AC0
__ptext11                 text11       00090A
__ptext12                 text12       000B24
__ptext2                  text2        00097C
__ptext3                  text3        000AF4
__ptext4                  text4        000B5A
__ptext5                  text5        000B62
__ptext6                  text6        000B4E
__ptext7                  text7        000A1A
__ptext8                  text8        000A8C
__ptext9                  text9        0009DC
__ramtop                  ramtop       000800
__size_of_BORRAR_LCD      (abs)        000000
__size_of_CURSOR_HOME     (abs)        000000
__size_of_CURSOR_ONOFF    (abs)        000000
__size_of_ENVIA_CHAR      (abs)        000000
__size_of_ENVIA_LCD_CMD   (abs)        000000
__size_of_ENVIA_NIBBLE    (abs)        000000
__size_of_ESCRIBE_MENSAJE (abs)        000000
__size_of_LCD_CONFIG      (abs)        000000
__size_of_LEER_LCD        (abs)        000000
__size_of_POS_CURSOR      (abs)        000000
__size_of_configuracion   (abs)        000000
__size_of_lcd_init        (abs)        000000
__size_of_main            (abs)        000000
__smallconst              smallconst   000800
_configuracion            text6        000B4E
_lcd_init                 text1        000A54
_main                     text0        000828
end_of_initialization     cinit        000B40
intlevel0                 text         000000
intlevel1                 text         000000
intlevel2                 text         000000
intlevel3                 text         000000
isa$std                   (abs)        000001
isa$xinst                 (abs)        000000
stackhi                   (abs)        0007FF
stacklo                   (abs)        000060
start                     init         000000
start_initialization      cinit        000B40


MODULE INFORMATION

Module		Function		Class		Link	Load	Size
maincode4.c
		_configuracion 		CODE           	0B4E	0000	12
		_main          		CODE           	0828	0000	226
		_lcd_init      		CODE           	0A54	0000	56

maincode4.c estimated size: 294

shared
		__initialization		CODE           	0B40	0000	1

shared estimated size: 1

LCD.c
		_ENVIA_NIBBLE  		CODE           	0B24	0000	28
		_ENVIA_CHAR    		CODE           	0AC0	0000	52
		_CURSOR_HOME   		CODE           	0B5A	0000	8
		_CURSOR_ONOFF  		CODE           	0AF4	0000	48
		_POS_CURSOR    		CODE           	0A1A	0000	58
		_ESCRIBE_MENSAJE		CODE           	09DC	0000	62
		_ENVIA_LCD_CMD 		CODE           	0A8C	0000	52
		_LCD_CONFIG    		CODE           	097C	0000	96
		_BORRAR_LCD    		CODE           	0B62	0000	8
		_LEER_LCD      		CODE           	090A	0000	114

LCD.c estimated size: 526

