MPLINK 5.08, LINKER
Linker Map File - Created Thu Apr 12 13:43:52 2018

                                 Section Info
                  Section       Type    Address   Location Size(Bytes)
                ---------  ---------  ---------  ---------  ---------
                   .org_0       code   0x000000    program   0x000004
                   .cinit    romdata   0x000004    program   0x000002
                   .org_1       code   0x000008    program   0x000004
                   .org_2       code   0x000018    program   0x000004
                   .org_3       code   0x000020    program   0x000078
.config_300001_BUILD/DEFAULT/PRODUCTION/MAICOND    romdata   0x300001    program   0x000001
.config_300002_BUILD/DEFAULT/PRODUCTION/MAICOND    romdata   0x300002    program   0x000001
.config_300003_BUILD/DEFAULT/PRODUCTION/MAICOND    romdata   0x300003    program   0x000001
.config_300005_BUILD/DEFAULT/PRODUCTION/MAICOND    romdata   0x300005    program   0x000001
.config_300006_BUILD/DEFAULT/PRODUCTION/MAICOND    romdata   0x300006    program   0x000001



                              Program Memory Usage 
                               Start         End      
                           ---------   ---------      
                            0x000000    0x000005      
                            0x000008    0x00000b      
                            0x000018    0x00001b      
                            0x000020    0x000097      
                            0x300001    0x300003      
                            0x300005    0x300006      
            139 out of 33048 program addresses used, program memory utilization is 0%



                              Symbols - Sorted by Name
                     Name    Address   Location    Storage File                     
                ---------  ---------  ---------  --------- ---------                
                    anid2   0x000050    program     static C:\Users\klnla\MPLABXProjects\int0 con titileo.X\maicondemon.asm
                    anid3   0x000060    program     static C:\Users\klnla\MPLABXProjects\int0 con titileo.X\maicondemon.asm
                   camote   0x000020    program     static C:\Users\klnla\MPLABXProjects\int0 con titileo.X\maicondemon.asm
                 enterrop   0x00006c    program     static C:\Users\klnla\MPLABXProjects\int0 con titileo.X\maicondemon.asm
                enterropa   0x00007e    program     static C:\Users\klnla\MPLABXProjects\int0 con titileo.X\maicondemon.asm
                   inicio   0x000034    program     static C:\Users\klnla\MPLABXProjects\int0 con titileo.X\maicondemon.asm
                   nunanu   0x00008c    program     static C:\Users\klnla\MPLABXProjects\int0 con titileo.X\maicondemon.asm
                   nununu   0x000078    program     static C:\Users\klnla\MPLABXProjects\int0 con titileo.X\maicondemon.asm
                    otro1   0x000044    program     static C:\Users\klnla\MPLABXProjects\int0 con titileo.X\maicondemon.asm
                    otro2   0x000054    program     static C:\Users\klnla\MPLABXProjects\int0 con titileo.X\maicondemon.asm
                    otro3   0x000064    program     static C:\Users\klnla\MPLABXProjects\int0 con titileo.X\maicondemon.asm
                 retardon   0x000040    program     static C:\Users\klnla\MPLABXProjects\int0 con titileo.X\maicondemon.asm
                   tratra   0x00008e    program     static C:\Users\klnla\MPLABXProjects\int0 con titileo.X\maicondemon.asm
                tratratra   0x00007a    program     static C:\Users\klnla\MPLABXProjects\int0 con titileo.X\maicondemon.asm



                              Symbols - Sorted by Address
                     Name    Address   Location    Storage File                     
                ---------  ---------  ---------  --------- ---------                
                   camote   0x000020    program     static C:\Users\klnla\MPLABXProjects\int0 con titileo.X\maicondemon.asm
                   inicio   0x000034    program     static C:\Users\klnla\MPLABXProjects\int0 con titileo.X\maicondemon.asm
                 retardon   0x000040    program     static C:\Users\klnla\MPLABXProjects\int0 con titileo.X\maicondemon.asm
                    otro1   0x000044    program     static C:\Users\klnla\MPLABXProjects\int0 con titileo.X\maicondemon.asm
                    anid2   0x000050    program     static C:\Users\klnla\MPLABXProjects\int0 con titileo.X\maicondemon.asm
                    otro2   0x000054    program     static C:\Users\klnla\MPLABXProjects\int0 con titileo.X\maicondemon.asm
                    anid3   0x000060    program     static C:\Users\klnla\MPLABXProjects\int0 con titileo.X\maicondemon.asm
                    otro3   0x000064    program     static C:\Users\klnla\MPLABXProjects\int0 con titileo.X\maicondemon.asm
                 enterrop   0x00006c    program     static C:\Users\klnla\MPLABXProjects\int0 con titileo.X\maicondemon.asm
                   nununu   0x000078    program     static C:\Users\klnla\MPLABXProjects\int0 con titileo.X\maicondemon.asm
                tratratra   0x00007a    program     static C:\Users\klnla\MPLABXProjects\int0 con titileo.X\maicondemon.asm
                enterropa   0x00007e    program     static C:\Users\klnla\MPLABXProjects\int0 con titileo.X\maicondemon.asm
                   nunanu   0x00008c    program     static C:\Users\klnla\MPLABXProjects\int0 con titileo.X\maicondemon.asm
                   tratra   0x00008e    program     static C:\Users\klnla\MPLABXProjects\int0 con titileo.X\maicondemon.asm


