MPLINK 5.08, LINKER
Linker Map File - Created Wed Sep 19 11:43:08 2018

                                 Section Info
                  Section       Type    Address   Location Size(Bytes)
                ---------  ---------  ---------  ---------  ---------
                   .org_1       code   0x000000    program   0x000058
                   .cinit    romdata   0x000058    program   0x000002
                   .org_0       code   0x000600    program   0x0001ce
.config_300001_BUILD/DEFAULT/PRODUCTION/CIRUELA    romdata   0x300001    program   0x000001
.config_300002_BUILD/DEFAULT/PRODUCTION/CIRUELA    romdata   0x300002    program   0x000001
.config_300003_BUILD/DEFAULT/PRODUCTION/CIRUELA    romdata   0x300003    program   0x000001
.config_300005_BUILD/DEFAULT/PRODUCTION/CIRUELA    romdata   0x300005    program   0x000001
.config_300006_BUILD/DEFAULT/PRODUCTION/CIRUELA    romdata   0x300006    program   0x000001



                              Program Memory Usage 
                               Start         End      
                           ---------   ---------      
                            0x000000    0x000059      
                            0x000600    0x0007cd      
                            0x300001    0x300003      
                            0x300005    0x300006      
            557 out of 33048 program addresses used, program memory utilization is 1%



                              Symbols - Sorted by Name
                     Name    Address   Location    Storage File                     
                ---------  ---------  ---------  --------- ---------                
                  BIN_BCD   0x000780    program     static C:\Users\klau\MPLABXProjects\20182_lcdhelloworld.X\LCD_LIB.asm
               BORRAR_LCD   0x00064e    program     static C:\Users\klau\MPLABXProjects\20182_lcdhelloworld.X\LCD_LIB.asm
                     CONV   0x00078a    program     static C:\Users\klau\MPLABXProjects\20182_lcdhelloworld.X\LCD_LIB.asm
              CURSOR_HOME   0x000628    program     static C:\Users\klau\MPLABXProjects\20182_lcdhelloworld.X\LCD_LIB.asm
               CURSOR_OFF   0x000632    program     static C:\Users\klau\MPLABXProjects\20182_lcdhelloworld.X\LCD_LIB.asm
                CURSOR_ON   0x00063c    program     static C:\Users\klau\MPLABXProjects\20182_lcdhelloworld.X\LCD_LIB.asm
               DELAY100uS   0x00076a    program     static C:\Users\klau\MPLABXProjects\20182_lcdhelloworld.X\LCD_LIB.asm
              DELAY15MSEG   0x000754    program     static C:\Users\klau\MPLABXProjects\20182_lcdhelloworld.X\LCD_LIB.asm
               DELAY2MSEG   0x00073e    program     static C:\Users\klau\MPLABXProjects\20182_lcdhelloworld.X\LCD_LIB.asm
              DISPLAY_OFF   0x00061e    program     static C:\Users\klau\MPLABXProjects\20182_lcdhelloworld.X\LCD_LIB.asm
               DISPLAY_ON   0x000614    program     static C:\Users\klau\MPLABXProjects\20182_lcdhelloworld.X\LCD_LIB.asm
               ENVIA_CHAR   0x000646    program     static C:\Users\klau\MPLABXProjects\20182_lcdhelloworld.X\LCD_LIB.asm
            ENVIA_LCD_CMD   0x0006aa    program     static C:\Users\klau\MPLABXProjects\20182_lcdhelloworld.X\LCD_LIB.asm
           ENVIA_LCD_DATO   0x0006dc    program     static C:\Users\klau\MPLABXProjects\20182_lcdhelloworld.X\LCD_LIB.asm
             ENVIA_NIBBLE   0x000694    program     static C:\Users\klau\MPLABXProjects\20182_lcdhelloworld.X\LCD_LIB.asm
        GENERA_CHAR_CGRAM   0x00070e    program     static C:\Users\klau\MPLABXProjects\20182_lcdhelloworld.X\LCD_LIB.asm
               LCD_CONFIG   0x000658    program     static C:\Users\klau\MPLABXProjects\20182_lcdhelloworld.X\LCD_LIB.asm
             POS_CUR_FIL1   0x00060a    program     static C:\Users\klau\MPLABXProjects\20182_lcdhelloworld.X\LCD_LIB.asm
             POS_CUR_FIL2   0x000600    program     static C:\Users\klau\MPLABXProjects\20182_lcdhelloworld.X\LCD_LIB.asm
                   REPITE   0x000718    program     static C:\Users\klau\MPLABXProjects\20182_lcdhelloworld.X\LCD_LIB.asm
                   RETAR1   0x000742    program     static C:\Users\klau\MPLABXProjects\20182_lcdhelloworld.X\LCD_LIB.asm
                   RETAR2   0x000746    program     static C:\Users\klau\MPLABXProjects\20182_lcdhelloworld.X\LCD_LIB.asm
                   RETAR3   0x000758    program     static C:\Users\klau\MPLABXProjects\20182_lcdhelloworld.X\LCD_LIB.asm
                   RETAR4   0x00075c    program     static C:\Users\klau\MPLABXProjects\20182_lcdhelloworld.X\LCD_LIB.asm
                   RETAR7   0x00076e    program     static C:\Users\klau\MPLABXProjects\20182_lcdhelloworld.X\LCD_LIB.asm
                   RETAR8   0x000772    program     static C:\Users\klau\MPLABXProjects\20182_lcdhelloworld.X\LCD_LIB.asm
                    SALIR   0x000734    program     static C:\Users\klau\MPLABXProjects\20182_lcdhelloworld.X\LCD_LIB.asm
               SUMA3_BCD0   0x0007c2    program     static C:\Users\klau\MPLABXProjects\20182_lcdhelloworld.X\LCD_LIB.asm
               SUMA3_BCD1   0x0007c8    program     static C:\Users\klau\MPLABXProjects\20182_lcdhelloworld.X\LCD_LIB.asm
                configuro   0x000004    program     static C:\Users\klau\MPLABXProjects\20182_lcdhelloworld.X\ciruela.asm
                      fin   0x000052    program     static C:\Users\klau\MPLABXProjects\20182_lcdhelloworld.X\ciruela.asm
                   inicio   0x000012    program     static C:\Users\klau\MPLABXProjects\20182_lcdhelloworld.X\ciruela.asm



                              Symbols - Sorted by Address
                     Name    Address   Location    Storage File                     
                ---------  ---------  ---------  --------- ---------                
                configuro   0x000004    program     static C:\Users\klau\MPLABXProjects\20182_lcdhelloworld.X\ciruela.asm
                   inicio   0x000012    program     static C:\Users\klau\MPLABXProjects\20182_lcdhelloworld.X\ciruela.asm
                      fin   0x000052    program     static C:\Users\klau\MPLABXProjects\20182_lcdhelloworld.X\ciruela.asm
             POS_CUR_FIL2   0x000600    program     static C:\Users\klau\MPLABXProjects\20182_lcdhelloworld.X\LCD_LIB.asm
             POS_CUR_FIL1   0x00060a    program     static C:\Users\klau\MPLABXProjects\20182_lcdhelloworld.X\LCD_LIB.asm
               DISPLAY_ON   0x000614    program     static C:\Users\klau\MPLABXProjects\20182_lcdhelloworld.X\LCD_LIB.asm
              DISPLAY_OFF   0x00061e    program     static C:\Users\klau\MPLABXProjects\20182_lcdhelloworld.X\LCD_LIB.asm
              CURSOR_HOME   0x000628    program     static C:\Users\klau\MPLABXProjects\20182_lcdhelloworld.X\LCD_LIB.asm
               CURSOR_OFF   0x000632    program     static C:\Users\klau\MPLABXProjects\20182_lcdhelloworld.X\LCD_LIB.asm
                CURSOR_ON   0x00063c    program     static C:\Users\klau\MPLABXProjects\20182_lcdhelloworld.X\LCD_LIB.asm
               ENVIA_CHAR   0x000646    program     static C:\Users\klau\MPLABXProjects\20182_lcdhelloworld.X\LCD_LIB.asm
               BORRAR_LCD   0x00064e    program     static C:\Users\klau\MPLABXProjects\20182_lcdhelloworld.X\LCD_LIB.asm
               LCD_CONFIG   0x000658    program     static C:\Users\klau\MPLABXProjects\20182_lcdhelloworld.X\LCD_LIB.asm
             ENVIA_NIBBLE   0x000694    program     static C:\Users\klau\MPLABXProjects\20182_lcdhelloworld.X\LCD_LIB.asm
            ENVIA_LCD_CMD   0x0006aa    program     static C:\Users\klau\MPLABXProjects\20182_lcdhelloworld.X\LCD_LIB.asm
           ENVIA_LCD_DATO   0x0006dc    program     static C:\Users\klau\MPLABXProjects\20182_lcdhelloworld.X\LCD_LIB.asm
        GENERA_CHAR_CGRAM   0x00070e    program     static C:\Users\klau\MPLABXProjects\20182_lcdhelloworld.X\LCD_LIB.asm
                   REPITE   0x000718    program     static C:\Users\klau\MPLABXProjects\20182_lcdhelloworld.X\LCD_LIB.asm
                    SALIR   0x000734    program     static C:\Users\klau\MPLABXProjects\20182_lcdhelloworld.X\LCD_LIB.asm
               DELAY2MSEG   0x00073e    program     static C:\Users\klau\MPLABXProjects\20182_lcdhelloworld.X\LCD_LIB.asm
                   RETAR1   0x000742    program     static C:\Users\klau\MPLABXProjects\20182_lcdhelloworld.X\LCD_LIB.asm
                   RETAR2   0x000746    program     static C:\Users\klau\MPLABXProjects\20182_lcdhelloworld.X\LCD_LIB.asm
              DELAY15MSEG   0x000754    program     static C:\Users\klau\MPLABXProjects\20182_lcdhelloworld.X\LCD_LIB.asm
                   RETAR3   0x000758    program     static C:\Users\klau\MPLABXProjects\20182_lcdhelloworld.X\LCD_LIB.asm
                   RETAR4   0x00075c    program     static C:\Users\klau\MPLABXProjects\20182_lcdhelloworld.X\LCD_LIB.asm
               DELAY100uS   0x00076a    program     static C:\Users\klau\MPLABXProjects\20182_lcdhelloworld.X\LCD_LIB.asm
                   RETAR7   0x00076e    program     static C:\Users\klau\MPLABXProjects\20182_lcdhelloworld.X\LCD_LIB.asm
                   RETAR8   0x000772    program     static C:\Users\klau\MPLABXProjects\20182_lcdhelloworld.X\LCD_LIB.asm
                  BIN_BCD   0x000780    program     static C:\Users\klau\MPLABXProjects\20182_lcdhelloworld.X\LCD_LIB.asm
                     CONV   0x00078a    program     static C:\Users\klau\MPLABXProjects\20182_lcdhelloworld.X\LCD_LIB.asm
               SUMA3_BCD0   0x0007c2    program     static C:\Users\klau\MPLABXProjects\20182_lcdhelloworld.X\LCD_LIB.asm
               SUMA3_BCD1   0x0007c8    program     static C:\Users\klau\MPLABXProjects\20182_lcdhelloworld.X\LCD_LIB.asm


