Microchip MPLAB XC8 Compiler V2.31

Linker command line:

-W-3 --edf=C:\Program Files\Microchip\xc8\v2.31\pic\dat\en_msgs.txt -cn \
  -h+dist/default/production\20210_c_lcdhola.X.production.sym \
  --cmf=dist/default/production\20210_c_lcdhola.X.production.cmf -z \
  -Q18F4550 -oC:\Users\klnla\AppData\Local\Temp\sj4o.2 \
  --defsym=__MPLAB_BUILD=1 \
  -Mdist/default/production/20210_c_lcdhola.X.production.map -E1 \
  -ver=XC8 Compiler --acfsm=1493 -ASTACK=0B1h-07FFh -pstack=STACK \
  -ACODE=00h-07FFFh -ACONST=00h-07FFFh -ASMALLCONST=0800h-08FFhx120 \
  -AMEDIUMCONST=0800h-07FFFh -ACOMRAM=01h-05Fh -AABS1=00h-07FFh \
  -ABIGRAM=01h-07FFh -ARAM=060h-0FFh,0100h-01FFhx7 -ABANK0=060h-0FFh \
  -ABANK1=0100h-01FFh -ABANK2=0200h-02FFh -ABANK3=0300h-03FFh \
  -ABANK4=0400h-04FFh -ABANK5=0500h-05FFh -ABANK6=0600h-06FFh \
  -ABANK7=0700h-07FFh -ASFR=0F60h-0FFFh -ACONFIG=0300000h-030000Dh \
  -AIDLOC=0200000h-0200007h -AEEDATA=0F00000h-0F000FFh -peeprom_data=EEDATA \
  -preset_vec=00h,intcode=08h,intcodelo,powerup,init -pramtop=0800h \
  -psmallconst=SMALLCONST -pmediumconst=MEDIUMCONST -pconst=CONST \
  -AFARRAM=00h-00h \
  -prdata=COMRAM,nvrram=COMRAM,nvbit=COMRAM,rbss=COMRAM,rbit=COMRAM \
  -pfarbss=FARRAM,fardata=FARRAM,nvFARRAM=FARRAM \
  -pintsave_regs=BIGRAM,bigbss=BIGRAM,bigdata=BIGRAM -pbss=RAM \
  -pidata=CODE,irdata=CODE,ibigdata=CODE,ifardata=CODE -prparam=COMRAM \
  C:\Users\klnla\AppData\Local\Temp\sj4o.o \
  dist/default/production\20210_c_lcdhola.X.production.o 

Object code version is 3.11

Machine type is 18F4550



                Name                               Link     Load   Length Selector   Space Scale
C:\Users\klnla\AppData\Local\Temp\sj4o.o
                idloc                            200000   200000        8        0       5
                config                           300000   300000        E        0       4
                init                                  E        E        4        4       0
                reset_vec                             0        0        4        0       0
dist/default/production\20210_c_lcdhola.X.production.o
                intcode                               8        8        6        4       0
                idloc                            200000   200000        8        0       5
                config                           300000   300000        E        0       4
                temp                                 2A       2A        1        1       1
                smallconst                          800      800       1A      400       0
                text19                              E0A      E0A       1C      606       0
                text18                              9D2      9D2       72      40D       0
                text17                              D62      D62       34      606       0
                text16                              C88      C88       3E      606       0
                text15                              D2E      D2E       34      606       0
                text14                              B62      B62       58      40D       0
                intcode_body                        A44      A44       66      40D       0
                text12                              DEE      DEE       1C      606       0
                text11                              960      960       72      40D       0
                text10                              CFA      CFA       34      606       0
                text9                               C4A      C4A       3E      606       0
                text8                               CC6      CC6       34      606       0
                text7                               B0A      B0A       58      40D       0
                text6                               E36      E36        6      606       0
                text5                               E2E      E2E        8      606       0
                text4                               E26      E26        8      606       0
                text3                               D96      D96       30      606       0
                text2                               AAA      AAA       60      40D       0
                text1                               DC6      DC6       28      606       0
                text0                               81A      81A      146      40D       0
                cstackCOMRAM                          1        1       1C        1       1
                dataBANK0                            60       60       51       60       1
                bssCOMRAM                            1D       1D        D        1       1
                cinit                               C0C      C0C       3E      606       0
                idataBANK0                          BBA      BBA       51      40D       0

TOTAL           Name                               Link     Load   Length     Space
        CLASS   STACK          

        CLASS   CODE           
                intcode                               8        8        6         0
                init                                  E        E        4         0
                reset_vec                             0        0        4         0
                text19                              E0A      E0A       1C         0
                text18                              9D2      9D2       72         0
                text17                              D62      D62       34         0
                text16                              C88      C88       3E         0
                text15                              D2E      D2E       34         0
                text14                              B62      B62       58         0
                intcode_body                        A44      A44       66         0
                text12                              DEE      DEE       1C         0
                text11                              960      960       72         0
                text10                              CFA      CFA       34         0
                text9                               C4A      C4A       3E         0
                text8                               CC6      CC6       34         0
                text7                               B0A      B0A       58         0
                text6                               E36      E36        6         0
                text5                               E2E      E2E        8         0
                text4                               E26      E26        8         0
                text3                               D96      D96       30         0
                text2                               AAA      AAA       60         0
                text1                               DC6      DC6       28         0
                text0                               81A      81A      146         0
                cinit                               C0C      C0C       3E         0
                idataBANK0                          BBA      BBA       51         0

        CLASS   CONST          

        CLASS   SMALLCONST     
                smallconst                          800      800       1A         0

        CLASS   MEDIUMCONST    

        CLASS   COMRAM         
                temp                                 2A       2A        1         1
                cstackCOMRAM                          1        1       1C         1
                bssCOMRAM                            1D       1D        D         1

        CLASS   ABS1           

        CLASS   BIGRAM         

        CLASS   RAM            

        CLASS   BANK0          
                dataBANK0                            60       60       51         1

        CLASS   BANK1          

        CLASS   BANK2          

        CLASS   BANK3          

        CLASS   BANK4          

        CLASS   BANK5          

        CLASS   BANK6          

        CLASS   BANK7          

        CLASS   SFR            

        CLASS   CONFIG         
                config                           300000   300000        E         4

        CLASS   IDLOC          
                idloc                            200000   200000        8         5

        CLASS   EEDATA         

        CLASS   FARRAM         



SEGMENTS        Name                           Load    Length   Top    Selector   Space  Class

                reset_vec                      000000  000004  000004         0       0  CODE    
                cstackCOMRAM                   000001  00002A  00002B         1       1  COMRAM  
                intcode                        000008  00000A  000012         4       0  CODE    
                dataBANK0                      000060  000051  0000B1        60       1  BANK0   
                smallconst                     000800  00001A  00081A       400       0  SMALLCON
                text0                          00081A  0003F1  000C0B       40D       0  CODE    
                cinit                          000C0C  000230  000E3C       606       0  CODE    


UNUSED ADDRESS RANGES

        Name                Unused          Largest block    Delta
        BANK0            0000B1-0000FF               4F
        BANK1            000100-0001FF              100
        BANK2            000200-0002FF              100
        BANK3            000300-0003FF              100
        BANK4            000400-0004FF              100
        BANK5            000500-0005FF              100
        BANK6            000600-0006FF              100
        BANK7            000700-0007FF              100
        BIGRAM           00002B-00005F               35
                         0000B1-0007FF              74F
        CODE             000004-000007                4
                         000012-0007FF              7EE
                         000C0B-000C0B                1
                         000E3C-007FFF             71C4
        COMRAM           00002B-00005F               35
        CONST            000004-000007                4
                         000012-0007FF              7EE
                         000C0B-000C0B                1
                         000E3C-007FFF             71C4
        EEDATA           F00000-F000FF              100
        MEDIUMCONST      000C0B-000C0B                1
                         000E3C-007FFF             71C4
        RAM              0000B1-0007FF              100
        SFR              000F60-000FFF               A0
        SMALLCONST       000C0B-000C0B                1
                         000E3C-007FFF              100
        STACK            0000B1-0007FF              74F

                                  Symbol Table

CURSOR_ONOFF@estado         cstackCOMRAM 000011
ENVIA_CHAR@aux              cstackCOMRAM 000010
ENVIA_CHAR@dato             cstackCOMRAM 00000F
ENVIA_LCD_CMD@aux           cstackCOMRAM 000010
ENVIA_LCD_CMD@dato          cstackCOMRAM 00000F
ENVIA_NIBBLE@dato           cstackCOMRAM 00000E
ESCRIBE_MENSAJE@cadena      cstackCOMRAM 000011
ESCRIBE_MENSAJE@i           cstackCOMRAM 000016
ESCRIBE_MENSAJE@tam         cstackCOMRAM 000013
LEER_LCD@aux                cstackCOMRAM 00000E
POS_CURSOR@columna          cstackCOMRAM 000011
POS_CURSOR@fila             cstackCOMRAM 000012
_BORRAR_LCD                 text5        000E2E
_CURSOR_HOME                text4        000E26
_CURSOR_ONOFF               text3        000D96
_ENVIA_CHAR                 text10       000CFA
_ENVIA_LCD_CMD              text8        000CC6
_ENVIA_NIBBLE               text12       000DEE
_ESCRIBE_MENSAJE            text9        000C4A
_INT0_ISR                   intcode      000008
_INTCON                     (abs)        000FF2
_INTCONbits                 (abs)        000FF2
_LATD                       (abs)        000F8C
_LATDbits                   (abs)        000F8C
_LCD_CONFIG                 text2        000AAA
_LEER_LCD                   text11       000960
_PORTD                      (abs)        000F83
_POS_CURSOR                 text7        000B0A
_TRISD                      (abs)        000F95
__HRAM                      (abs)        000000
__Habs1                     abs1         000000
__Hbank0                    bank0        000000
__Hbank1                    bank1        000000
__Hbank2                    bank2        000000
__Hbank3                    bank3        000000
__Hbank4                    bank4        000000
__Hbank5                    bank5        000000
__Hbank6                    bank6        000000
__Hbank7                    bank7        000000
__Hbigbss                   bigbss       000000
__Hbigdata                  bigdata      000000
__Hbigram                   bigram       000000
__Hbss                      bss          000000
__HbssCOMRAM                bssCOMRAM    000000
__Hcinit                    cinit        000000
__Hclrtext                  clrtext      000000
__Hcomram                   comram       000000
__Hconfig                   config       30000E
__Hconst                    const        000000
__HcstackCOMRAM             cstackCOMRAM 000000
__Hdata                     data         000000
__HdataBANK0                dataBANK0    000000
__Heeprom_data              eeprom_data  000000
__Hfarbss                   farbss       000000
__Hfardata                  fardata      000000
__Hibigdata                 ibigdata     000000
__Hidata                    idata        000000
__HidataBANK0               idataBANK0   000000
__Hidloc                    idloc        200008
__Hifardata                 ifardata     000000
__Hinit                     init         000012
__Hintcode                  intcode      00000E
__Hintcode_body             intcode_body 000000
__Hintcodelo                intcodelo    00000E
__Hintentry                 intentry     000000
__Hintret                   intret       000000
__Hintsave_regs             intsave_regs 000000
__Hirdata                   irdata       000000
__Hmediumconst              mediumconst  000000
__HnvFARRAM                 nvFARRAM     000000
__Hnvbit                    nvbit        000000
__Hnvrram                   nvrram       000000
__Hparam                    rparam       000000
__Hpowerup                  powerup      00000E
__Hram                      ram          000000
__Hramtop                   ramtop       000800
__Hrbit                     rbit         000000
__Hrbss                     rbss         000000
__Hrdata                    rdata        000000
__Hreset_vec                reset_vec    000004
__Hrparam                   rparam       000000
__Hsfr                      sfr          000000
__Hsmallconst               smallconst   00081A
__Hspace_0                  (abs)        000E3C
__Hspace_1                  (abs)        0000B1
__Hspace_2                  (abs)        000000
__Hspace_4                  (abs)        60000E
__Hstack                    stack        000000
__Hstruct                   struct       000000
__Htemp                     temp         00002B
__Htext                     text         000000
__Htext0                    text0        000000
__Htext1                    text1        000000
__Htext10                   text10       000000
__Htext11                   text11       000000
__Htext12                   text12       000000
__Htext14                   text14       000000
__Htext15                   text15       000000
__Htext16                   text16       000000
__Htext17                   text17       000000
__Htext18                   text18       000000
__Htext19                   text19       000000
__Htext2                    text2        000000
__Htext3                    text3        000000
__Htext4                    text4        000000
__Htext5                    text5        000000
__Htext6                    text6        000000
__Htext7                    text7        000000
__Htext8                    text8        000000
__Htext9                    text9        000000
__LRAM                      (abs)        000001
__Labs1                     abs1         000000
__Lbank0                    bank0        000000
__Lbank1                    bank1        000000
__Lbank2                    bank2        000000
__Lbank3                    bank3        000000
__Lbank4                    bank4        000000
__Lbank5                    bank5        000000
__Lbank6                    bank6        000000
__Lbank7                    bank7        000000
__Lbigbss                   bigbss       000000
__Lbigdata                  bigdata      000000
__Lbigram                   bigram       000000
__Lbss                      bss          000000
__LbssCOMRAM                bssCOMRAM    000000
__Lcinit                    cinit        000000
__Lclrtext                  clrtext      000000
__Lcomram                   comram       000000
__Lconfig                   config       000000
__Lconst                    const        000000
__LcstackCOMRAM             cstackCOMRAM 000000
__Ldata                     data         000000
__LdataBANK0                dataBANK0    000000
__Leeprom_data              eeprom_data  000000
__Lfarbss                   farbss       000000
__Lfardata                  fardata      000000
__Libigdata                 ibigdata     000000
__Lidata                    idata        000000
__LidataBANK0               idataBANK0   000000
__Lidloc                    idloc        000000
__Lifardata                 ifardata     000000
__Linit                     init         00000E
__Lintcode                  intcode      000008
__Lintcode_body             intcode_body 000000
__Lintcodelo                intcodelo    00000E
__Lintentry                 intentry     000000
__Lintret                   intret       000000
__Lintsave_regs             intsave_regs 000000
__Lirdata                   irdata       000000
__Lmediumconst              mediumconst  000000
__LnvFARRAM                 nvFARRAM     000000
__Lnvbit                    nvbit        000000
__Lnvrram                   nvrram       000000
__Lparam                    rparam       000000
__Lpowerup                  powerup      00000E
__Lram                      ram          000000
__Lramtop                   ramtop       000800
__Lrbit                     rbit         000000
__Lrbss                     rbss         000000
__Lrdata                    rdata        000000
__Lreset_vec                reset_vec    000000
__Lrparam                   rparam       000000
__Lsfr                      sfr          000000
__Lsmallconst               smallconst   000800
__Lspace_0                  (abs)        000000
__Lspace_1                  (abs)        000000
__Lspace_2                  (abs)        000000
__Lspace_4                  (abs)        000000
__Lstack                    stack        000000
__Lstruct                   struct       000000
__Ltemp                     temp         00002A
__Ltext                     text         000000
__Ltext0                    text0        000000
__Ltext1                    text1        000000
__Ltext10                   text10       000000
__Ltext11                   text11       000000
__Ltext12                   text12       000000
__Ltext14                   text14       000000
__Ltext15                   text15       000000
__Ltext16                   text16       000000
__Ltext17                   text17       000000
__Ltext18                   text18       000000
__Ltext19                   text19       000000
__Ltext2                    text2        000000
__Ltext3                    text3        000000
__Ltext4                    text4        000000
__Ltext5                    text5        000000
__Ltext6                    text6        000000
__Ltext7                    text7        000000
__Ltext8                    text8        000000
__Ltext9                    text9        000000
__S0                        (abs)        000E3C
__S1                        (abs)        0000B1
__S2                        (abs)        000000
__S4                        (abs)        000000
__S5                        (abs)        000000
___inthi_sp                 stack        000000
___intlo_sp                 stack        000000
___param_bank               (abs)        000000
___rparam_used              (abs)        000001
___sp                       stack        000000
__accesstop                 (abs)        000060
__activetblptr              (abs)        000001
__end_of_BORRAR_LCD         text5        000E36
__end_of_CURSOR_HOME        text4        000E2E
__end_of_CURSOR_ONOFF       text3        000DC6
__end_of_ENVIA_CHAR         text10       000D2E
__end_of_ENVIA_LCD_CMD      text8        000CFA
__end_of_ENVIA_NIBBLE       text12       000E0A
__end_of_ESCRIBE_MENSAJE    text9        000C88
__end_of_INT0_ISR           intcode_body 000AAA
__end_of_LCD_CONFIG         text2        000B0A
__end_of_LEER_LCD           text11       0009D2
__end_of_POS_CURSOR         text7        000B62
__end_of__initialization    cinit        000C38
__end_of_init_conf          text6        000E3C
__end_of_lcd_init           text1        000DEE
__end_of_main               text0        000960
__end_ofi2_ENVIA_CHAR       text17       000D96
__end_ofi2_ENVIA_LCD_CMD    text15       000D62
__end_ofi2_ENVIA_NIBBLE     text19       000E26
__end_ofi2_ESCRIBE_MENSAJE  text16       000CC6
__end_ofi2_LEER_LCD         text18       000A44
__end_ofi2_POS_CURSOR       text14       000BBA
__initialization            cinit        000C0C
__mediumconst               mediumconst  000000
__pbssCOMRAM                bssCOMRAM    00001D
__pcinit                    cinit        000C0C
__pcstackCOMRAM             cstackCOMRAM 000001
__pdataBANK0                dataBANK0    000060
__pidataBANK0               idataBANK0   000BBA
__pintcode                  intcode      000008
__pintcode_body             intcode_body 000A44
__psmallconst               smallconst   000800
__ptext0                    text0        00081A
__ptext1                    text1        000DC6
__ptext10                   text10       000CFA
__ptext11                   text11       000960
__ptext12                   text12       000DEE
__ptext14                   text14       000B62
__ptext15                   text15       000D2E
__ptext16                   text16       000C88
__ptext17                   text17       000D62
__ptext18                   text18       0009D2
__ptext19                   text19       000E0A
__ptext2                    text2        000AAA
__ptext3                    text3        000D96
__ptext4                    text4        000E26
__ptext5                    text5        000E2E
__ptext6                    text6        000E36
__ptext7                    text7        000B0A
__ptext8                    text8        000CC6
__ptext9                    text9        000C4A
__ramtop                    ramtop       000800
__size_of_BORRAR_LCD        (abs)        000000
__size_of_CURSOR_HOME       (abs)        000000
__size_of_CURSOR_ONOFF      (abs)        000000
__size_of_ENVIA_CHAR        (abs)        000000
__size_of_ENVIA_LCD_CMD     (abs)        000000
__size_of_ENVIA_NIBBLE      (abs)        000000
__size_of_ESCRIBE_MENSAJE   (abs)        000000
__size_of_INT0_ISR          (abs)        000000
__size_of_LCD_CONFIG        (abs)        000000
__size_of_LEER_LCD          (abs)        000000
__size_of_POS_CURSOR        (abs)        000000
__size_of_init_conf         (abs)        000000
__size_of_lcd_init          (abs)        000000
__size_of_main              (abs)        000000
__size_ofi2_ENVIA_CHAR      (abs)        000000
__size_ofi2_ENVIA_LCD_CMD   (abs)        000000
__size_ofi2_ENVIA_NIBBLE    (abs)        000000
__size_ofi2_ESCRIBE_MENSAJE (abs)        000000
__size_ofi2_LEER_LCD        (abs)        000000
__size_ofi2_POS_CURSOR      (abs)        000000
__smallconst                smallconst   000800
_cadenon                    dataBANK0    000060
_centena                    bssCOMRAM    000023
_cuenta                     bssCOMRAM    00001D
_d_millar                   bssCOMRAM    000027
_decena                     bssCOMRAM    000021
_estado                     bssCOMRAM    000029
_init_conf                  text6        000E36
_lcd_init                   text1        000DC6
_main                       text0        00081A
_millar                     bssCOMRAM    000025
_unidad                     bssCOMRAM    00001F
btemp                       temp         00002A
end_of_initialization       cinit        000C38
i2ENVIA_CHAR@aux            cstackCOMRAM 000003
i2ENVIA_CHAR@dato           cstackCOMRAM 000002
i2ENVIA_LCD_CMD@aux         cstackCOMRAM 000003
i2ENVIA_LCD_CMD@dato        cstackCOMRAM 000002
i2ENVIA_NIBBLE@dato         cstackCOMRAM 000001
i2ESCRIBE_MENSAJE@cadena    cstackCOMRAM 000004
i2ESCRIBE_MENSAJE@i         cstackCOMRAM 000009
i2ESCRIBE_MENSAJE@tam       cstackCOMRAM 000006
i2LEER_LCD@aux              cstackCOMRAM 000001
i2POS_CURSOR@columna        cstackCOMRAM 000004
i2POS_CURSOR@fila           cstackCOMRAM 000005
i2_ENVIA_CHAR               text17       000D62
i2_ENVIA_LCD_CMD            text15       000D2E
i2_ENVIA_NIBBLE             text19       000E0A
i2_ESCRIBE_MENSAJE          text16       000C88
i2_LEER_LCD                 text18       0009D2
i2_POS_CURSOR               text14       000B62
int$flags                   temp         00002A
int_func                    intcode_body 000A44
intlevel0                   text         000000
intlevel1                   text         000000
intlevel2                   text         000000
intlevel3                   text         000000
main@i                      cstackCOMRAM 000019
main@i_217                  cstackCOMRAM 00001B
main@j                      cstackCOMRAM 00001A
main@j_218                  cstackCOMRAM 00001C
stackhi                     (abs)        0007FF
stacklo                     (abs)        0000B1
start                       init         00000E
start_initialization        cinit        000C0C
ttemp5                      temp         00002B
ttemp6                      temp         00002E
ttemp7                      temp         000032
wtemp8                      temp         00002B


FUNCTION INFORMATION:

 *************** function _main *****************
 Defined at:
		line 41 in file "maincode3.c"
 Parameters:    Size  Location     Type
		None
 Auto vars:     Size  Location     Type
  j               1   27[COMRAM] unsigned char 
  j               1   25[COMRAM] unsigned char 
  i               1   26[COMRAM] unsigned char 
  i               1   24[COMRAM] unsigned char 
 Return value:  Size  Location     Type
                  1    wreg      void 
 Registers used:
		wreg, fsr2l, fsr2h, status,2, status,0, tblptrl, tblptrh, tblptru, cstack
 Tracked objects:
		On entry : 
		On exit  : 
		Unchanged: 
 Data sizes:     COMRAM   BANK0   BANK1   BANK2   BANK3   BANK4   BANK5   BANK6   BANK7
      Params:         0       0       0       0       0       0       0       0       0
      Locals:         4       0       0       0       0       0       0       0       0
      Temps:          2       0       0       0       0       0       0       0       0
      Totals:         6       0       0       0       0       0       0       0       0
Total ram usage:        6 bytes
 Hardware stack levels required when called:    8
 This function calls:
		_ENVIA_CHAR
		_ESCRIBE_MENSAJE
		_POS_CURSOR
		_init_conf
		_lcd_init
 This function is called by:
		Startup code after reset
 This function uses a non-reentrant model


 *************** function _lcd_init *****************
 Defined at:
		line 28 in file "maincode3.c"
 Parameters:    Size  Location     Type
		None
 Auto vars:     Size  Location     Type
		None
 Return value:  Size  Location     Type
                  1    wreg      void 
 Registers used:
		wreg, status,2, status,0, cstack
 Tracked objects:
		On entry : 
		On exit  : 
		Unchanged: 
 Data sizes:     COMRAM   BANK0   BANK1   BANK2   BANK3   BANK4   BANK5   BANK6   BANK7
      Params:         0       0       0       0       0       0       0       0       0
      Locals:         0       0       0       0       0       0       0       0       0
      Temps:          1       0       0       0       0       0       0       0       0
      Totals:         1       0       0       0       0       0       0       0       0
Total ram usage:        1 bytes
 Hardware stack levels used:    1
 Hardware stack levels required when called:    7
 This function calls:
		_BORRAR_LCD
		_CURSOR_HOME
		_CURSOR_ONOFF
		_LCD_CONFIG
 This function is called by:
		_main
 This function uses a non-reentrant model


 *************** function _LCD_CONFIG *****************
 Defined at:
		line 76 in file "LCD.c"
 Parameters:    Size  Location     Type
		None
 Auto vars:     Size  Location     Type
		None
 Return value:  Size  Location     Type
                  1    wreg      void 
 Registers used:
		wreg, status,2, status,0, cstack
 Tracked objects:
		On entry : 
		On exit  : 
		Unchanged: 
 Data sizes:     COMRAM   BANK0   BANK1   BANK2   BANK3   BANK4   BANK5   BANK6   BANK7
      Params:         0       0       0       0       0       0       0       0       0
      Locals:         0       0       0       0       0       0       0       0       0
      Temps:          1       0       0       0       0       0       0       0       0
      Totals:         1       0       0       0       0       0       0       0       0
Total ram usage:        1 bytes
 Hardware stack levels used:    1
 Hardware stack levels required when called:    6
 This function calls:
		_ENVIA_LCD_CMD
		_ENVIA_NIBBLE
 This function is called by:
		_lcd_init
 This function uses a non-reentrant model


 *************** function _CURSOR_ONOFF *****************
 Defined at:
		line 39 in file "LCD.c"
 Parameters:    Size  Location     Type
  estado          1    wreg     unsigned char 
 Auto vars:     Size  Location     Type
  estado          1   16[COMRAM] unsigned char 
 Return value:  Size  Location     Type
                  1    wreg      void 
 Registers used:
		wreg, status,2, status,0, cstack
 Tracked objects:
		On entry : 
		On exit  : 
		Unchanged: 
 Data sizes:     COMRAM   BANK0   BANK1   BANK2   BANK3   BANK4   BANK5   BANK6   BANK7
      Params:         0       0       0       0       0       0       0       0       0
      Locals:         1       0       0       0       0       0       0       0       0
      Temps:          0       0       0       0       0       0       0       0       0
      Totals:         1       0       0       0       0       0       0       0       0
Total ram usage:        1 bytes
 Hardware stack levels used:    1
 Hardware stack levels required when called:    6
 This function calls:
		_ENVIA_LCD_CMD
 This function is called by:
		_lcd_init
 This function uses a non-reentrant model


 *************** function _CURSOR_HOME *****************
 Defined at:
		line 34 in file "LCD.c"
 Parameters:    Size  Location     Type
		None
 Auto vars:     Size  Location     Type
		None
 Return value:  Size  Location     Type
                  1    wreg      void 
 Registers used:
		wreg, status,2, status,0, cstack
 Tracked objects:
		On entry : 
		On exit  : 
		Unchanged: 
 Data sizes:     COMRAM   BANK0   BANK1   BANK2   BANK3   BANK4   BANK5   BANK6   BANK7
      Params:         0       0       0       0       0       0       0       0       0
      Locals:         0       0       0       0       0       0       0       0       0
      Temps:          0       0       0       0       0       0       0       0       0
      Totals:         0       0       0       0       0       0       0       0       0
Total ram usage:        0 bytes
 Hardware stack levels used:    1
 Hardware stack levels required when called:    6
 This function calls:
		_ENVIA_LCD_CMD
 This function is called by:
		_lcd_init
 This function uses a non-reentrant model


 *************** function _BORRAR_LCD *****************
 Defined at:
		line 71 in file "LCD.c"
 Parameters:    Size  Location     Type
		None
 Auto vars:     Size  Location     Type
		None
 Return value:  Size  Location     Type
                  1    wreg      void 
 Registers used:
		wreg, status,2, status,0, cstack
 Tracked objects:
		On entry : 
		On exit  : 
		Unchanged: 
 Data sizes:     COMRAM   BANK0   BANK1   BANK2   BANK3   BANK4   BANK5   BANK6   BANK7
      Params:         0       0       0       0       0       0       0       0       0
      Locals:         0       0       0       0       0       0       0       0       0
      Temps:          0       0       0       0       0       0       0       0       0
      Totals:         0       0       0       0       0       0       0       0       0
Total ram usage:        0 bytes
 Hardware stack levels used:    1
 Hardware stack levels required when called:    6
 This function calls:
		_ENVIA_LCD_CMD
 This function is called by:
		_lcd_init
 This function uses a non-reentrant model


 *************** function _init_conf *****************
 Defined at:
		line 37 in file "maincode3.c"
 Parameters:    Size  Location     Type
		None
 Auto vars:     Size  Location     Type
		None
 Return value:  Size  Location     Type
                  1    wreg      void 
 Registers used:
		wreg, status,2
 Tracked objects:
		On entry : 
		On exit  : 
		Unchanged: 
 Data sizes:     COMRAM   BANK0   BANK1   BANK2   BANK3   BANK4   BANK5   BANK6   BANK7
      Params:         0       0       0       0       0       0       0       0       0
      Locals:         0       0       0       0       0       0       0       0       0
      Temps:          0       0       0       0       0       0       0       0       0
      Totals:         0       0       0       0       0       0       0       0       0
Total ram usage:        0 bytes
 Hardware stack levels used:    1
 Hardware stack levels required when called:    4
 This function calls:
		Nothing
 This function is called by:
		_main
 This function uses a non-reentrant model


 *************** function _POS_CURSOR *****************
 Defined at:
		line 6 in file "LCD.c"
 Parameters:    Size  Location     Type
  fila            1    wreg     unsigned char 
  columna         1   16[COMRAM] unsigned char 
 Auto vars:     Size  Location     Type
  fila            1   17[COMRAM] unsigned char 
 Return value:  Size  Location     Type
                  1    wreg      void 
 Registers used:
		wreg, status,2, status,0, cstack
 Tracked objects:
		On entry : 
		On exit  : 
		Unchanged: 
 Data sizes:     COMRAM   BANK0   BANK1   BANK2   BANK3   BANK4   BANK5   BANK6   BANK7
      Params:         1       0       0       0       0       0       0       0       0
      Locals:         1       0       0       0       0       0       0       0       0
      Temps:          0       0       0       0       0       0       0       0       0
      Totals:         2       0       0       0       0       0       0       0       0
Total ram usage:        2 bytes
 Hardware stack levels used:    1
 Hardware stack levels required when called:    6
 This function calls:
		_ENVIA_LCD_CMD
 This function is called by:
		_main
 This function uses a non-reentrant model


 *************** function _ENVIA_LCD_CMD *****************
 Defined at:
		line 108 in file "LCD.c"
 Parameters:    Size  Location     Type
  dato            1    wreg     unsigned char 
 Auto vars:     Size  Location     Type
  dato            1   14[COMRAM] unsigned char 
  aux             1   15[COMRAM] unsigned char 
 Return value:  Size  Location     Type
                  1    wreg      void 
 Registers used:
		wreg, status,2, status,0, cstack
 Tracked objects:
		On entry : 
		On exit  : 
		Unchanged: 
 Data sizes:     COMRAM   BANK0   BANK1   BANK2   BANK3   BANK4   BANK5   BANK6   BANK7
      Params:         0       0       0       0       0       0       0       0       0
      Locals:         2       0       0       0       0       0       0       0       0
      Temps:          0       0       0       0       0       0       0       0       0
      Totals:         2       0       0       0       0       0       0       0       0
Total ram usage:        2 bytes
 Hardware stack levels used:    1
 Hardware stack levels required when called:    5
 This function calls:
		_ENVIA_NIBBLE
		_LEER_LCD
 This function is called by:
		_POS_CURSOR
		_CURSOR_HOME
		_CURSOR_ONOFF
		_BORRAR_LCD
		_LCD_CONFIG
		_BLINK_CURSOR
		_DISPLAY_ONOFF
		_GENERACARACTER
 This function uses a non-reentrant model


 *************** function _ESCRIBE_MENSAJE *****************
 Defined at:
		line 45 in file "LCD.c"
 Parameters:    Size  Location     Type
  cadena          2   16[COMRAM] PTR const unsigned char 
		 -> STR_3(8), STR_2(8), STR_1(16), 
  tam             1   18[COMRAM] unsigned char 
 Auto vars:     Size  Location     Type
  i               1   21[COMRAM] unsigned char 
 Return value:  Size  Location     Type
                  1    wreg      void 
 Registers used:
		wreg, status,2, status,0, tblptrl, tblptrh, tblptru, cstack
 Tracked objects:
		On entry : 
		On exit  : 
		Unchanged: 
 Data sizes:     COMRAM   BANK0   BANK1   BANK2   BANK3   BANK4   BANK5   BANK6   BANK7
      Params:         3       0       0       0       0       0       0       0       0
      Locals:         1       0       0       0       0       0       0       0       0
      Temps:          2       0       0       0       0       0       0       0       0
      Totals:         6       0       0       0       0       0       0       0       0
Total ram usage:        6 bytes
 Hardware stack levels used:    1
 Hardware stack levels required when called:    6
 This function calls:
		_ENVIA_CHAR
 This function is called by:
		_main
 This function uses a non-reentrant model


 *************** function _ENVIA_CHAR *****************
 Defined at:
		line 54 in file "LCD.c"
 Parameters:    Size  Location     Type
  dato            1    wreg     unsigned char 
 Auto vars:     Size  Location     Type
  dato            1   14[COMRAM] unsigned char 
  aux             1   15[COMRAM] unsigned char 
 Return value:  Size  Location     Type
                  1    wreg      void 
 Registers used:
		wreg, status,2, status,0, cstack
 Tracked objects:
		On entry : 
		On exit  : 
		Unchanged: 
 Data sizes:     COMRAM   BANK0   BANK1   BANK2   BANK3   BANK4   BANK5   BANK6   BANK7
      Params:         0       0       0       0       0       0       0       0       0
      Locals:         2       0       0       0       0       0       0       0       0
      Temps:          0       0       0       0       0       0       0       0       0
      Totals:         2       0       0       0       0       0       0       0       0
Total ram usage:        2 bytes
 Hardware stack levels used:    1
 Hardware stack levels required when called:    5
 This function calls:
		_ENVIA_NIBBLE
		_LEER_LCD
 This function is called by:
		_ESCRIBE_MENSAJE
		_main
		_GENERACARACTER
 This function uses a non-reentrant model


 *************** function _LEER_LCD *****************
 Defined at:
		line 125 in file "LCD.c"
 Parameters:    Size  Location     Type
		None
 Auto vars:     Size  Location     Type
  aux             1   13[COMRAM] unsigned char 
 Return value:  Size  Location     Type
                  1    wreg      void 
 Registers used:
		wreg, status,2, status,0
 Tracked objects:
		On entry : 
		On exit  : 
		Unchanged: 
 Data sizes:     COMRAM   BANK0   BANK1   BANK2   BANK3   BANK4   BANK5   BANK6   BANK7
      Params:         0       0       0       0       0       0       0       0       0
      Locals:         1       0       0       0       0       0       0       0       0
      Temps:          0       0       0       0       0       0       0       0       0
      Totals:         1       0       0       0       0       0       0       0       0
Total ram usage:        1 bytes
 Hardware stack levels used:    1
 Hardware stack levels required when called:    4
 This function calls:
		Nothing
 This function is called by:
		_ENVIA_CHAR
		_ENVIA_LCD_CMD
 This function uses a non-reentrant model


 *************** function _ENVIA_NIBBLE *****************
 Defined at:
		line 97 in file "LCD.c"
 Parameters:    Size  Location     Type
  dato            1    wreg     unsigned char 
 Auto vars:     Size  Location     Type
  dato            1   13[COMRAM] unsigned char 
 Return value:  Size  Location     Type
                  1    wreg      void 
 Registers used:
		wreg, status,2, status,0
 Tracked objects:
		On entry : 
		On exit  : 
		Unchanged: 
 Data sizes:     COMRAM   BANK0   BANK1   BANK2   BANK3   BANK4   BANK5   BANK6   BANK7
      Params:         0       0       0       0       0       0       0       0       0
      Locals:         1       0       0       0       0       0       0       0       0
      Temps:          0       0       0       0       0       0       0       0       0
      Totals:         1       0       0       0       0       0       0       0       0
Total ram usage:        1 bytes
 Hardware stack levels used:    1
 Hardware stack levels required when called:    4
 This function calls:
		Nothing
 This function is called by:
		_ENVIA_CHAR
		_LCD_CONFIG
		_ENVIA_LCD_CMD
 This function uses a non-reentrant model


 *************** function _INT0_ISR *****************
 Defined at:
		line 71 in file "maincode3.c"
 Parameters:    Size  Location     Type
		None
 Auto vars:     Size  Location     Type
		None
 Return value:  Size  Location     Type
                  1    wreg      void 
 Registers used:
		wreg, status,2, status,0, tblptrl, tblptrh, tblptru, cstack
 Tracked objects:
		On entry : 
		On exit  : 
		Unchanged: 
 Data sizes:     COMRAM   BANK0   BANK1   BANK2   BANK3   BANK4   BANK5   BANK6   BANK7
      Params:         0       0       0       0       0       0       0       0       0
      Locals:         0       0       0       0       0       0       0       0       0
      Temps:          4       0       0       0       0       0       0       0       0
      Totals:         4       0       0       0       0       0       0       0       0
Total ram usage:        4 bytes
 Hardware stack levels used:    1
 Hardware stack levels required when called:    3
 This function calls:
		i2_ENVIA_CHAR
		i2_ESCRIBE_MENSAJE
		i2_POS_CURSOR
 This function is called by:
		Interrupt level 2
 This function uses a non-reentrant model


 *************** function i2_POS_CURSOR *****************
 Defined at:
		line 6 in file "LCD.c"
 Parameters:    Size  Location     Type
  fila            1    wreg     unsigned char 
  columna         1    3[COMRAM] unsigned char 
 Auto vars:     Size  Location     Type
  fila            1    4[COMRAM] unsigned char 
 Return value:  Size  Location     Type
                  1    wreg      void 
 Registers used:
		wreg, status,2, status,0, cstack
 Tracked objects:
		On entry : 
		On exit  : 
		Unchanged: 
 Data sizes:     COMRAM   BANK0   BANK1   BANK2   BANK3   BANK4   BANK5   BANK6   BANK7
      Params:         1       0       0       0       0       0       0       0       0
      Locals:         1       0       0       0       0       0       0       0       0
      Temps:          0       0       0       0       0       0       0       0       0
      Totals:         2       0       0       0       0       0       0       0       0
Total ram usage:        2 bytes
 Hardware stack levels used:    1
 Hardware stack levels required when called:    2
 This function calls:
		i2_ENVIA_LCD_CMD
 This function is called by:
		_INT0_ISR
 This function uses a non-reentrant model


 *************** function i2_ENVIA_LCD_CMD *****************
 Defined at:
		line 108 in file "LCD.c"
 Parameters:    Size  Location     Type
  dato            1    wreg     unsigned char 
 Auto vars:     Size  Location     Type
  dato            1    1[COMRAM] unsigned char 
  aux             1    2[COMRAM] unsigned char 
 Return value:  Size  Location     Type
                  1    wreg      void 
 Registers used:
		wreg, status,2, status,0, cstack
 Tracked objects:
		On entry : 
		On exit  : 
		Unchanged: 
 Data sizes:     COMRAM   BANK0   BANK1   BANK2   BANK3   BANK4   BANK5   BANK6   BANK7
      Params:         0       0       0       0       0       0       0       0       0
      Locals:         2       0       0       0       0       0       0       0       0
      Temps:          0       0       0       0       0       0       0       0       0
      Totals:         2       0       0       0       0       0       0       0       0
Total ram usage:        2 bytes
 Hardware stack levels used:    1
 Hardware stack levels required when called:    1
 This function calls:
		i2_ENVIA_NIBBLE
		i2_LEER_LCD
 This function is called by:
		i2_POS_CURSOR
 This function uses a non-reentrant model


 *************** function i2_ESCRIBE_MENSAJE *****************
 Defined at:
		line 45 in file "LCD.c"
 Parameters:    Size  Location     Type
  cadena          2    3[COMRAM] PTR const unsigned char 
		 -> STR_3(8), STR_2(8), STR_1(16), 
  tam             1    5[COMRAM] unsigned char 
 Auto vars:     Size  Location     Type
  i               1    8[COMRAM] unsigned char 
 Return value:  Size  Location     Type
                  1    wreg      void 
 Registers used:
		wreg, status,2, status,0, tblptrl, tblptrh, tblptru, cstack
 Tracked objects:
		On entry : 
		On exit  : 
		Unchanged: 
 Data sizes:     COMRAM   BANK0   BANK1   BANK2   BANK3   BANK4   BANK5   BANK6   BANK7
      Params:         3       0       0       0       0       0       0       0       0
      Locals:         1       0       0       0       0       0       0       0       0
      Temps:          2       0       0       0       0       0       0       0       0
      Totals:         6       0       0       0       0       0       0       0       0
Total ram usage:        6 bytes
 Hardware stack levels used:    1
 Hardware stack levels required when called:    2
 This function calls:
		i2_ENVIA_CHAR
 This function is called by:
		_INT0_ISR
 This function uses a non-reentrant model


 *************** function i2_ENVIA_CHAR *****************
 Defined at:
		line 54 in file "LCD.c"
 Parameters:    Size  Location     Type
  dato            1    wreg     unsigned char 
 Auto vars:     Size  Location     Type
  dato            1    1[COMRAM] unsigned char 
  aux             1    2[COMRAM] unsigned char 
 Return value:  Size  Location     Type
                  1    wreg      void 
 Registers used:
		wreg, status,2, status,0, cstack
 Tracked objects:
		On entry : 
		On exit  : 
		Unchanged: 
 Data sizes:     COMRAM   BANK0   BANK1   BANK2   BANK3   BANK4   BANK5   BANK6   BANK7
      Params:         0       0       0       0       0       0       0       0       0
      Locals:         2       0       0       0       0       0       0       0       0
      Temps:          0       0       0       0       0       0       0       0       0
      Totals:         2       0       0       0       0       0       0       0       0
Total ram usage:        2 bytes
 Hardware stack levels used:    1
 Hardware stack levels required when called:    1
 This function calls:
		i2_ENVIA_NIBBLE
		i2_LEER_LCD
 This function is called by:
		_INT0_ISR
		i2_ESCRIBE_MENSAJE
 This function uses a non-reentrant model


 *************** function i2_LEER_LCD *****************
 Defined at:
		line 125 in file "LCD.c"
 Parameters:    Size  Location     Type
		None
 Auto vars:     Size  Location     Type
  aux             1    0[COMRAM] unsigned char 
 Return value:  Size  Location     Type
                  1    wreg      void 
 Registers used:
		wreg, status,2, status,0
 Tracked objects:
		On entry : 
		On exit  : 
		Unchanged: 
 Data sizes:     COMRAM   BANK0   BANK1   BANK2   BANK3   BANK4   BANK5   BANK6   BANK7
      Params:         0       0       0       0       0       0       0       0       0
      Locals:         1       0       0       0       0       0       0       0       0
      Temps:          0       0       0       0       0       0       0       0       0
      Totals:         1       0       0       0       0       0       0       0       0
Total ram usage:        1 bytes
 Hardware stack levels used:    1
 This function calls:
		Nothing
 This function is called by:
		i2_ENVIA_CHAR
		i2_ENVIA_LCD_CMD
 This function uses a non-reentrant model


 *************** function i2_ENVIA_NIBBLE *****************
 Defined at:
		line 97 in file "LCD.c"
 Parameters:    Size  Location     Type
  dato            1    wreg     unsigned char 
 Auto vars:     Size  Location     Type
  dato            1    0[COMRAM] unsigned char 
 Return value:  Size  Location     Type
                  1    wreg      void 
 Registers used:
		wreg, status,2, status,0
 Tracked objects:
		On entry : 
		On exit  : 
		Unchanged: 
 Data sizes:     COMRAM   BANK0   BANK1   BANK2   BANK3   BANK4   BANK5   BANK6   BANK7
      Params:         0       0       0       0       0       0       0       0       0
      Locals:         1       0       0       0       0       0       0       0       0
      Temps:          0       0       0       0       0       0       0       0       0
      Totals:         1       0       0       0       0       0       0       0       0
Total ram usage:        1 bytes
 Hardware stack levels used:    1
 This function calls:
		Nothing
 This function is called by:
		i2_ENVIA_CHAR
		i2_ENVIA_LCD_CMD
 This function uses a non-reentrant model



MODULE INFORMATION

Module		Function		Class		Link	Load	Size
maincode3.c
		_main          		CODE           	081A	0000	326
		_init_conf     		CODE           	0E36	0000	6
		_INT0_ISR      		CODE           	0008	0000	108
		_lcd_init      		CODE           	0DC6	0000	40

maincode3.c estimated size: 480

shared
		i2_POS_CURSOR  		CODE           	0B62	0000	88
		i2_ENVIA_CHAR  		CODE           	0D62	0000	52
		i2_ENVIA_NIBBLE		CODE           	0E0A	0000	28
		i2_ESCRIBE_MENSAJE		CODE           	0C88	0000	62
		i2_LEER_LCD    		CODE           	09D2	0000	114
		i2_ENVIA_LCD_CMD		CODE           	0D2E	0000	52
		__initialization		CODE           	0C0C	0000	44

shared estimated size: 440

LCD.c
		_ENVIA_NIBBLE  		CODE           	0DEE	0000	28
		_ENVIA_CHAR    		CODE           	0CFA	0000	52
		_CURSOR_HOME   		CODE           	0E26	0000	8
		_CURSOR_ONOFF  		CODE           	0D96	0000	48
		_POS_CURSOR    		CODE           	0B0A	0000	88
		_ESCRIBE_MENSAJE		CODE           	0C4A	0000	62
		_ENVIA_LCD_CMD 		CODE           	0CC6	0000	52
		_LCD_CONFIG    		CODE           	0AAA	0000	96
		_BORRAR_LCD    		CODE           	0E2E	0000	8
		_LEER_LCD      		CODE           	0960	0000	114

LCD.c estimated size: 556

