MPLINK 5.09, LINKER
Linker Map File - Created Wed Mar 25 16:15:32 2020

                                 Section Info
                  Section       Type    Address   Location Size(Bytes)
                ---------  ---------  ---------  ---------  ---------
                   .org_0       code   0x000000    program   0x000004
                   .cinit    romdata   0x000004    program   0x000002
                   .org_2       code   0x000020    program   0x000028
.config_300000_BUILD/DEFAULT/PRODUCTION/MAINCOD    romdata   0x300000    program   0x000001
.config_300001_BUILD/DEFAULT/PRODUCTION/MAINCOD    romdata   0x300001    program   0x000001
.config_300002_BUILD/DEFAULT/PRODUCTION/MAINCOD    romdata   0x300002    program   0x000001
.config_300003_BUILD/DEFAULT/PRODUCTION/MAINCOD    romdata   0x300003    program   0x000001
.config_300005_BUILD/DEFAULT/PRODUCTION/MAINCOD    romdata   0x300005    program   0x000001
.config_300006_BUILD/DEFAULT/PRODUCTION/MAINCOD    romdata   0x300006    program   0x000001



                              Program Memory Usage 
                               Start         End      
                           ---------   ---------      
                            0x000000    0x000005      
                            0x000020    0x000047      
                            0x300000    0x300003      
                            0x300005    0x300006      
            52 out of 33048 program addresses used, program memory utilization is 0%



                              Symbols - Sorted by Name
                     Name    Address   Location    Storage File                     
                ---------  ---------  ---------  --------- ---------                
                init_conf   0x000020    program     static D:\Microcontroladores\20201-XOR.X\maincode.asm
                     loop   0x000026    program     static D:\Microcontroladores\20201-XOR.X\maincode.asm
                    noes1   0x00003e    program     static D:\Microcontroladores\20201-XOR.X\maincode.asm
                    noes2   0x000038    program     static D:\Microcontroladores\20201-XOR.X\maincode.asm
                  outzero   0x000032    program     static D:\Microcontroladores\20201-XOR.X\maincode.asm



                              Symbols - Sorted by Address
                     Name    Address   Location    Storage File                     
                ---------  ---------  ---------  --------- ---------                
                init_conf   0x000020    program     static D:\Microcontroladores\20201-XOR.X\maincode.asm
                     loop   0x000026    program     static D:\Microcontroladores\20201-XOR.X\maincode.asm
                  outzero   0x000032    program     static D:\Microcontroladores\20201-XOR.X\maincode.asm
                    noes2   0x000038    program     static D:\Microcontroladores\20201-XOR.X\maincode.asm
                    noes1   0x00003e    program     static D:\Microcontroladores\20201-XOR.X\maincode.asm


