MPLINK 5.09, LINKER
Linker Map File - Created Wed May 12 01:30:31 2021

                                 Section Info
                  Section       Type    Address   Location Size(Bytes)
                ---------  ---------  ---------  ---------  ---------
                   .cinit    romdata   0x000000    program   0x000002
                   .org_1       code   0x000030    program   0x000034
                   .org_0       code   0x000100    program   0x000002
.config_300000_BUILD/DEFAULT/PRODUCTION/EJEMPLO    romdata   0x300000    program   0x000001
.config_300001_BUILD/DEFAULT/PRODUCTION/EJEMPLO    romdata   0x300001    program   0x000001
.config_300002_BUILD/DEFAULT/PRODUCTION/EJEMPLO    romdata   0x300002    program   0x000001
.config_300003_BUILD/DEFAULT/PRODUCTION/EJEMPLO    romdata   0x300003    program   0x000001
.config_300005_BUILD/DEFAULT/PRODUCTION/EJEMPLO    romdata   0x300005    program   0x000001
.config_300006_BUILD/DEFAULT/PRODUCTION/EJEMPLO    romdata   0x300006    program   0x000001



                              Program Memory Usage 
                               Start         End      
                           ---------   ---------      
                            0x000000    0x000001      
                            0x000030    0x000063      
                            0x000100    0x000101      
                            0x300000    0x300003      
                            0x300005    0x300006      
            62 out of 33048 program addresses used, program memory utilization is 0%



                              Symbols - Sorted by Name
                     Name    Address   Location    Storage File                     
                ---------  ---------  ---------  --------- ---------                
             _.org_1_004E   0x00004e    program     static D:\Microcontroladores\20211_repaso.X\ejemplo2.asm
             _.org_1_0056   0x000056    program     static D:\Microcontroladores\20211_repaso.X\ejemplo2.asm
             _.org_1_0060   0x000060    program     static D:\Microcontroladores\20211_repaso.X\ejemplo2.asm



                              Symbols - Sorted by Address
                     Name    Address   Location    Storage File                     
                ---------  ---------  ---------  --------- ---------                
             _.org_1_004E   0x00004e    program     static D:\Microcontroladores\20211_repaso.X\ejemplo2.asm
             _.org_1_0056   0x000056    program     static D:\Microcontroladores\20211_repaso.X\ejemplo2.asm
             _.org_1_0060   0x000060    program     static D:\Microcontroladores\20211_repaso.X\ejemplo2.asm


