Microchip MPLAB XC8 Compiler V2.36

Linker command line:

-W-3 --edf=C:\Program Files\Microchip\xc8\v2.36\pic\dat\en_msgs.txt -cn \
  -h+dist/default/production\20221_el53_t_reloj.X.production.sym \
  --cmf=dist/default/production\20221_el53_t_reloj.X.production.cmf -z \
  -Q18F4550 -oC:\Users\klnla\AppData\Local\Temp\xcAsjl8.4 \
  --defsym=__MPLAB_BUILD=1 \
  -Mdist/default/production/20221_el53_t_reloj.X.production.map \
  --md=C:\Users\klnla\AppData\Local\Temp\xcAsjl8.dat -E1 -ver=XC8 Compiler \
  --acfsm=1493 -ACODE=00h-07FFFh -ACONST=00h-07FFFh \
  -ASMALLCONST=0800h-08FFhx120 -AMEDIUMCONST=0800h-07FFFh -ACOMRAM=01h-05Fh \
  -AABS1=00h-07FFh -ABIGRAM=01h-07FFh -ARAM=060h-0FFh,0100h-01FFhx7 \
  -ABANK0=060h-0FFh -ABANK1=0100h-01FFh -ABANK2=0200h-02FFh \
  -ABANK3=0300h-03FFh -ABANK4=0400h-04FFh -ABANK5=0500h-05FFh \
  -ABANK6=0600h-06FFh -ABANK7=0700h-07FFh -ASFR=0F60h-0FFFh \
  -ABIGSFR=0F60h-0FFFh -ACONFIG=0300000h-030000Dh -AIDLOC=0200000h-0200007h \
  -AEEDATA=0F00000h-0F000FFh -peeprom_data=EEDATA \
  -preset_vec=00h,intcode=08h,intcodelo,powerup,init -pramtop=0800h \
  -psmallconst=SMALLCONST -pmediumconst=MEDIUMCONST -pconst=CONST \
  -AFARRAM=00h-00h \
  -prdata=COMRAM,nvrram=COMRAM,nvbit=COMRAM,rbss=COMRAM,rbit=COMRAM \
  -pfarbss=FARRAM,fardata=FARRAM,nvFARRAM=FARRAM \
  -pintsave_regs=BIGRAM,bigbss=BIGRAM,bigdata=BIGRAM -pbss=RAM \
  -pidata=CODE,irdata=CODE,ibigdata=CODE,ifardata=CODE -prparam=COMRAM \
  C:\Users\klnla\AppData\Local\Temp\xcAsjl8.o \
  dist/default/production\20221_el53_t_reloj.X.production.o 

Object code version is 3.11

Machine type is 18F4550



                Name                               Link     Load   Length Selector   Space Scale
C:\Users\klnla\AppData\Local\Temp\xcAsjl8.o
                idloc                            200000   200000        8        0       5
                config                           300000   300000        E        0       4
                init                                  E        E        4        4       0
                reset_vec                             0        0        4        0       0
dist/default/production\20221_el53_t_reloj.X.production.o
                intcode                               8        8        6        4       0
                idloc                            200000   200000        8        0       5
                config                           300000   300000        E        0       4
                temp                                 1B       1B        1        1       1
                smallconst                          800      800       14      400       0
                intcode_body                        948      948       80      40A       0
                text15                              D0A      D0A       1C      40A       0
                text14                              A3C      A3C       72      40A       0
                text13                              C54      C54       34      40A       0
                text12                              B72      B72       3E      40A       0
                text11                              D26      D26       1A      40A       0
                text10                              C20      C20       34      40A       0
                text9                               D40      D40        8      40A       0
                text8                               C88      C88       30      40A       0
                text7                               B12      B12       60      40A       0
                text6                               CE6      CE6       24      40A       0
                text5                               BB0      BB0       3A      40A       0
                text4                               9C8      9C8       74      40A       0
                text3                               AAE      AAE       64      40A       0
                text2                               814      814       AE      40A       0
                text1                               8C2      8C2       86      40A       0
                text0                               CB8      CB8       2E      40A       0
                cstackCOMRAM                          1        1        E        1       1
                dataCOMRAM                           19       19        2        1       1
                bssCOMRAM                             F        F        A        1       1
                cinit                               BEA      BEA       36      40A       0
                idataCOMRAM                         D48      D48        2      40A       0

TOTAL           Name                               Link     Load   Length     Space
        CLASS   CODE           
                intcode                               8        8        6         0
                init                                  E        E        4         0
                reset_vec                             0        0        4         0
                intcode_body                        948      948       80         0
                text15                              D0A      D0A       1C         0
                text14                              A3C      A3C       72         0
                text13                              C54      C54       34         0
                text12                              B72      B72       3E         0
                text11                              D26      D26       1A         0
                text10                              C20      C20       34         0
                text9                               D40      D40        8         0
                text8                               C88      C88       30         0
                text7                               B12      B12       60         0
                text6                               CE6      CE6       24         0
                text5                               BB0      BB0       3A         0
                text4                               9C8      9C8       74         0
                text3                               AAE      AAE       64         0
                text2                               814      814       AE         0
                text1                               8C2      8C2       86         0
                text0                               CB8      CB8       2E         0
                cinit                               BEA      BEA       36         0
                idataCOMRAM                         D48      D48        2         0

        CLASS   CONST          

        CLASS   SMALLCONST     
                smallconst                          800      800       14         0

        CLASS   MEDIUMCONST    

        CLASS   COMRAM         
                temp                                 1B       1B        1         1
                cstackCOMRAM                          1        1        E         1
                dataCOMRAM                           19       19        2         1
                bssCOMRAM                             F        F        A         1

        CLASS   ABS1           

        CLASS   BIGRAM         

        CLASS   RAM            

        CLASS   BANK0          

        CLASS   BANK1          

        CLASS   BANK2          

        CLASS   BANK3          

        CLASS   BANK4          

        CLASS   BANK5          

        CLASS   BANK6          

        CLASS   BANK7          

        CLASS   SFR            

        CLASS   BIGSFR         

        CLASS   CONFIG         
                config                           300000   300000        E         4

        CLASS   IDLOC          
                idloc                            200000   200000        8         5

        CLASS   EEDATA         

        CLASS   FARRAM         

        CLASS   HEAP           

        CLASS   STACK          



SEGMENTS        Name                           Load    Length   Top    Selector   Space  Class

                reset_vec                      000000  000004  000004         0       0  CODE    
                cstackCOMRAM                   000001  00001B  00001C         1       1  COMRAM  
                intcode                        000008  00000A  000012         4       0  CODE    
                smallconst                     000800  000014  000814       400       0  SMALLCON
                text2                          000814  000536  000D4A       40A       0  CODE    


UNUSED ADDRESS RANGES

        Name                Unused          Largest block    Delta
        BANK0            000060-0000FF               A0
        BANK1            000100-0001FF              100
        BANK2            000200-0002FF              100
        BANK3            000300-0003FF              100
        BANK4            000400-0004FF              100
        BANK5            000500-0005FF              100
        BANK6            000600-0006FF              100
        BANK7            000700-0007FF              100
        BIGRAM           00001C-0007FF              7E4
        BIGSFR           000F60-000FFF               A0
        CODE             000004-000007                4
                         000012-0007FF              7EE
                         000D4A-007FFF             72B6
        COMRAM           00001C-00005F               44
        CONST            000004-000007                4
                         000012-0007FF              7EE
                         000D4A-007FFF             72B6
        EEDATA           F00000-F000FF              100
        MEDIUMCONST      000D4A-007FFF             72B6
        RAM              000060-0007FF              100
        SFR              000F60-000FFF               A0
        SMALLCONST       000D4A-007FFF              100

                                  Symbol Table

?___lwdiv                cstackCOMRAM 000006
?___lwmod                cstackCOMRAM 000001
CURSOR_ONOFF@estado      cstackCOMRAM 000004
ENVIA_CHAR@aux           cstackCOMRAM 000003
ENVIA_CHAR@dato          cstackCOMRAM 000002
ENVIA_LCD_CMD@aux        cstackCOMRAM 000003
ENVIA_LCD_CMD@dato       cstackCOMRAM 000002
ENVIA_NIBBLE@dato        cstackCOMRAM 000001
ESCRIBE_MENSAJE@cadena   cstackCOMRAM 000004
ESCRIBE_MENSAJE@i        cstackCOMRAM 000009
ESCRIBE_MENSAJE@tam      cstackCOMRAM 000006
LEER_LCD@aux             cstackCOMRAM 000001
POS_CURSOR@columna       cstackCOMRAM 000004
POS_CURSOR@fila          cstackCOMRAM 000005
_CCP1CON                 (abs)        000FBD
_CCP1_ISR                intcode      000008
_CCPR1H                  (abs)        000FBF
_CCPR1L                  (abs)        000FBE
_CURSOR_HOME             text9        000D40
_CURSOR_ONOFF            text8        000C88
_ENVIA_CHAR              text13       000C54
_ENVIA_LCD_CMD           text10       000C20
_ENVIA_NIBBLE            text15       000D0A
_ESCRIBE_MENSAJE         text12       000B72
_INTCON                  (abs)        000FF2
_LATD                    (abs)        000F8C
_LATDbits                (abs)        000F8C
_LCD_CONFIG              text7        000B12
_LEER_LCD                text14       000A3C
_PIE1                    (abs)        000F9D
_PIR1bits                (abs)        000F9E
_PORTD                   (abs)        000F83
_POS_CURSOR              text5        000BB0
_T1CON                   (abs)        000FCD
_TRISD                   (abs)        000F95
__HRAM                   (abs)        000000
__Habs1                  abs1         000000
__Hbank0                 bank0        000000
__Hbank1                 bank1        000000
__Hbank2                 bank2        000000
__Hbank3                 bank3        000000
__Hbank4                 bank4        000000
__Hbank5                 bank5        000000
__Hbank6                 bank6        000000
__Hbank7                 bank7        000000
__Hbigbss                bigbss       000000
__Hbigdata               bigdata      000000
__Hbigram                bigram       000000
__Hbigsfr                bigsfr       000000
__Hbss                   bss          000000
__HbssCOMRAM             bssCOMRAM    000000
__Hcinit                 cinit        000000
__Hclrtext               clrtext      000000
__Hcomram                comram       000000
__Hconfig                config       30000E
__Hconst                 const        000000
__HcstackCOMRAM          cstackCOMRAM 000000
__Hdata                  data         000000
__HdataCOMRAM            dataCOMRAM   000000
__Heeprom_data           eeprom_data  000000
__Hfarbss                farbss       000000
__Hfardata               fardata      000000
__Hheap                  heap         000000
__Hibigdata              ibigdata     000000
__Hidata                 idata        000000
__HidataCOMRAM           idataCOMRAM  000000
__Hidloc                 idloc        200008
__Hifardata              ifardata     000000
__Hinit                  init         000012
__Hintcode               intcode      00000E
__Hintcode_body          intcode_body 000000
__Hintcodelo             intcodelo    00000E
__Hintentry              intentry     000000
__Hintret                intret       000000
__Hintsave_regs          intsave_regs 000000
__Hirdata                irdata       000000
__Hmediumconst           mediumconst  000000
__HnvFARRAM              nvFARRAM     000000
__Hnvbit                 nvbit        000000
__Hnvrram                nvrram       000000
__Hparam                 rparam       000000
__Hpowerup               powerup      00000E
__Hram                   ram          000000
__Hramtop                ramtop       000800
__Hrbit                  rbit         000000
__Hrbss                  rbss         000000
__Hrdata                 rdata        000000
__Hreset_vec             reset_vec    000004
__Hrparam                rparam       000000
__Hsfr                   sfr          000000
__Hsmallconst            smallconst   000814
__Hspace_0               (abs)        000D4A
__Hspace_1               (abs)        00001C
__Hspace_2               (abs)        000000
__Hspace_4               (abs)        60000E
__Hstack                 stack        000000
__Hstruct                struct       000000
__Htemp                  temp         00001C
__Htext                  text         000000
__Htext0                 text0        000000
__Htext1                 text1        000000
__Htext10                text10       000000
__Htext11                text11       000000
__Htext12                text12       000000
__Htext13                text13       000000
__Htext14                text14       000000
__Htext15                text15       000000
__Htext2                 text2        000000
__Htext3                 text3        000000
__Htext4                 text4        000000
__Htext5                 text5        000000
__Htext6                 text6        000000
__Htext7                 text7        000000
__Htext8                 text8        000000
__Htext9                 text9        000000
__LRAM                   (abs)        000001
__Labs1                  abs1         000000
__Lbank0                 bank0        000000
__Lbank1                 bank1        000000
__Lbank2                 bank2        000000
__Lbank3                 bank3        000000
__Lbank4                 bank4        000000
__Lbank5                 bank5        000000
__Lbank6                 bank6        000000
__Lbank7                 bank7        000000
__Lbigbss                bigbss       000000
__Lbigdata               bigdata      000000
__Lbigram                bigram       000000
__Lbigsfr                bigsfr       000000
__Lbss                   bss          000000
__LbssCOMRAM             bssCOMRAM    000000
__Lcinit                 cinit        000000
__Lclrtext               clrtext      000000
__Lcomram                comram       000000
__Lconfig                config       000000
__Lconst                 const        000000
__LcstackCOMRAM          cstackCOMRAM 000000
__Ldata                  data         000000
__LdataCOMRAM            dataCOMRAM   000000
__Leeprom_data           eeprom_data  000000
__Lfarbss                farbss       000000
__Lfardata               fardata      000000
__Lheap                  heap         000000
__Libigdata              ibigdata     000000
__Lidata                 idata        000000
__LidataCOMRAM           idataCOMRAM  000000
__Lidloc                 idloc        000000
__Lifardata              ifardata     000000
__Linit                  init         00000E
__Lintcode               intcode      000008
__Lintcode_body          intcode_body 000000
__Lintcodelo             intcodelo    00000E
__Lintentry              intentry     000000
__Lintret                intret       000000
__Lintsave_regs          intsave_regs 000000
__Lirdata                irdata       000000
__Lmediumconst           mediumconst  000000
__LnvFARRAM              nvFARRAM     000000
__Lnvbit                 nvbit        000000
__Lnvrram                nvrram       000000
__Lparam                 rparam       000000
__Lpowerup               powerup      00000E
__Lram                   ram          000000
__Lramtop                ramtop       000800
__Lrbit                  rbit         000000
__Lrbss                  rbss         000000
__Lrdata                 rdata        000000
__Lreset_vec             reset_vec    000000
__Lrparam                rparam       000000
__Lsfr                   sfr          000000
__Lsmallconst            smallconst   000800
__Lspace_0               (abs)        000000
__Lspace_1               (abs)        000000
__Lspace_2               (abs)        000000
__Lspace_4               (abs)        000000
__Lstack                 stack        000000
__Lstruct                struct       000000
__Ltemp                  temp         00001B
__Ltext                  text         000000
__Ltext0                 text0        000000
__Ltext1                 text1        000000
__Ltext10                text10       000000
__Ltext11                text11       000000
__Ltext12                text12       000000
__Ltext13                text13       000000
__Ltext14                text14       000000
__Ltext15                text15       000000
__Ltext2                 text2        000000
__Ltext3                 text3        000000
__Ltext4                 text4        000000
__Ltext5                 text5        000000
__Ltext6                 text6        000000
__Ltext7                 text7        000000
__Ltext8                 text8        000000
__Ltext9                 text9        000000
__S0                     (abs)        000D4A
__S1                     (abs)        00001C
__S4                     (abs)        000000
__S5                     (abs)        000000
___heap_hi               (abs)        000000
___heap_lo               (abs)        000000
___inthi_sp              stack        000000
___intlo_sp              stack        000000
___lwdiv                 text4        0009C8
___lwdiv@counter         cstackCOMRAM 00000C
___lwdiv@dividend        cstackCOMRAM 000006
___lwdiv@divisor         cstackCOMRAM 000008
___lwdiv@quotient        cstackCOMRAM 00000A
___lwmod                 text3        000AAE
___lwmod@counter         cstackCOMRAM 000005
___lwmod@dividend        cstackCOMRAM 000001
___lwmod@divisor         cstackCOMRAM 000003
___param_bank            (abs)        000000
___rparam_used           (abs)        000001
___sp                    stack        000000
__accesstop              (abs)        000060
__activetblptr           (abs)        000001
__end_of_CCP1_ISR        intcode_body 0009C8
__end_of_CURSOR_HOME     text9        000D48
__end_of_CURSOR_ONOFF    text8        000CB8
__end_of_ENVIA_CHAR      text13       000C88
__end_of_ENVIA_LCD_CMD   text10       000C54
__end_of_ENVIA_NIBBLE    text15       000D26
__end_of_ESCRIBE_MENSAJE text12       000BB0
__end_of_LCD_CONFIG      text7        000B72
__end_of_LEER_LCD        text14       000AAE
__end_of_POS_CURSOR      text5        000BEA
__end_of___lwdiv         text4        000A3C
__end_of___lwmod         text3        000B12
__end_of__initialization cinit        000C0E
__end_of_configuro       text11       000D40
__end_of_convierte       text2        0008C2
__end_of_lcd_init        text6        000D0A
__end_of_main            text0        000CE6
__end_of_muestra_hora    text1        000948
__initialization         cinit        000BEA
__mediumconst            mediumconst  000000
__pbssCOMRAM             bssCOMRAM    00000F
__pcinit                 cinit        000BEA
__pcstackCOMRAM          cstackCOMRAM 000001
__pdataCOMRAM            dataCOMRAM   000019
__pidataCOMRAM           idataCOMRAM  000D48
__pintcode               intcode      000008
__pintcode_body          intcode_body 000948
__psmallconst            smallconst   000800
__ptext0                 text0        000CB8
__ptext1                 text1        0008C2
__ptext10                text10       000C20
__ptext11                text11       000D26
__ptext12                text12       000B72
__ptext13                text13       000C54
__ptext14                text14       000A3C
__ptext15                text15       000D0A
__ptext2                 text2        000814
__ptext3                 text3        000AAE
__ptext4                 text4        0009C8
__ptext5                 text5        000BB0
__ptext6                 text6        000CE6
__ptext7                 text7        000B12
__ptext8                 text8        000C88
__ptext9                 text9        000D40
__ramtop                 ramtop       000800
__smallconst             smallconst   000800
_centena                 bssCOMRAM    000013
_configuro               text11       000D26
_convierte               text2        000814
_decena                  bssCOMRAM    000011
_horas                   dataCOMRAM   000019
_lcd_init                text6        000CE6
_main                    text0        000CB8
_millar                  bssCOMRAM    000015
_minutos                 dataCOMRAM   00001A
_muestra_hora            text1        0008C2
_segundos                bssCOMRAM    000017
_ticks                   bssCOMRAM    000018
_unidad                  bssCOMRAM    00000F
btemp                    temp         00001B
convierte@numero         cstackCOMRAM 00000D
end_of_initialization    cinit        000C0E
int$flags                temp         00001B
int_func                 intcode_body 000948
intlevel0                text         000000
intlevel1                text         000000
intlevel2                text         000000
intlevel3                text         000000
isa$std                  (abs)        000001
isa$xinst                (abs)        000000
stackhi                  (abs)        000000
stacklo                  (abs)        000000
start                    init         00000E
start_initialization     cinit        000BEA
ttemp5                   temp         00001C
ttemp6                   temp         00001F
ttemp7                   temp         000023
wtemp8                   temp         00001C


MODULE INFORMATION

Module		Function		Class		Link	Load	Size
C:\Program Files\Microchip\xc8\v2.36\pic\sources\c99\common\lwmod.c
		___lwmod       		CODE           	0AAE	0000	100

C:\Program Files\Microchip\xc8\v2.36\pic\sources\c99\common\lwmod.c estimated size: 100

C:\Program Files\Microchip\xc8\v2.36\pic\sources\c99\common\lwdiv.c
		___lwdiv       		CODE           	09C8	0000	116

C:\Program Files\Microchip\xc8\v2.36\pic\sources\c99\common\lwdiv.c estimated size: 116

shared
		__initialization		CODE           	0BEA	0000	36

shared estimated size: 36

maincode.c
		_configuro     		CODE           	0D26	0000	26
		_main          		CODE           	0CB8	0000	46
		_CCP1_ISR      		CODE           	0008	0000	134
		_convierte     		CODE           	0814	0000	174
		_muestra_hora  		CODE           	08C2	0000	134
		_lcd_init      		CODE           	0CE6	0000	36

maincode.c estimated size: 550

LCD.c
		_ENVIA_NIBBLE  		CODE           	0D0A	0000	28
		_ENVIA_CHAR    		CODE           	0C54	0000	52
		_CURSOR_HOME   		CODE           	0D40	0000	8
		_CURSOR_ONOFF  		CODE           	0C88	0000	48
		_POS_CURSOR    		CODE           	0BB0	0000	58
		_ESCRIBE_MENSAJE		CODE           	0B72	0000	62
		_ENVIA_LCD_CMD 		CODE           	0C20	0000	52
		_LCD_CONFIG    		CODE           	0B12	0000	96
		_LEER_LCD      		CODE           	0A3C	0000	114

LCD.c estimated size: 518

