Microchip MPLAB XC8 Compiler V2.05 ()

Linker command line:

-W-3 --edf=C:\Program Files (x86)\Microchip\xc8\v2.05\pic\dat\en_msgs.txt \
  -cs \
  -h+dist/default/production\losbullanguerosdesurquillo.X.production.sym \
  --cmf=dist/default/production\losbullanguerosdesurquillo.X.production.cmf \
  -z -Q18F4550 -oC:\Users\ELECTR~1\AppData\Local\Temp\s6c0.2 \
  --defsym=__MPLAB_BUILD=1 \
  -Mdist/default/production/losbullanguerosdesurquillo.X.production.map -E1 \
  -ver=XC8 --acfsm=1493 -ASTACK=0130h-07FFh -pstack=STACK -ACODE=00h-07FFFh \
  -ACONST=00h-07FFFh -ASMALLCONST=0800h-08FFhx120 \
  -AMEDIUMCONST=0800h-07FFFh -ACOMRAM=01h-05Fh -AABS1=00h-07FFh \
  -ABIGRAM=01h-07FFh -ARAM=060h-0FFh,0100h-01FFhx7 -ABANK0=060h-0FFh \
  -ABANK1=0100h-01FFh -ABANK2=0200h-02FFh -ABANK3=0300h-03FFh \
  -ABANK4=0400h-04FFh -ABANK5=0500h-05FFh -ABANK6=0600h-06FFh \
  -ABANK7=0700h-07FFh -ASFR=0F60h-0FFFh \
  -preset_vec=00h,intcode=08h,intcodelo,powerup,init -pramtop=0800h \
  -psmallconst=SMALLCONST -pmediumconst=MEDIUMCONST -pconst=CONST \
  -AFARRAM=00h-00h -ACONFIG=0300000h-030000Dh -pconfig=CONFIG \
  -AIDLOC=0200000h-0200007h -pidloc=IDLOC -AEEDATA=0F00000h-0F000FFh \
  -peeprom_data=EEDATA \
  -prdata=COMRAM,nvrram=COMRAM,nvbit=COMRAM,rbss=COMRAM,rbit=COMRAM \
  -pfarbss=FARRAM,fardata=FARRAM,nvFARRAM=FARRAM \
  -pintsave_regs=BIGRAM,bigbss=BIGRAM,bigdata=BIGRAM -pbss=RAM \
  -pidata=CODE,irdata=CODE,ibigdata=CODE,ifardata=CODE -prparam=COMRAM \
  C:\Users\ELECTR~1\AppData\Local\Temp\s6c0.o \
  dist/default/production\losbullanguerosdesurquillo.X.production.o 

Object code version is 3.11

Machine type is 18F4550

Call graph: (short form)




                Name                               Link     Load   Length Selector   Space Scale
C:\Users\ELECTR~1\AppData\Local\Temp\s6c0.o
                init                                  E        E        4        4       0
                reset_vec                             0        0        4        0       0
                idloc                            200000   200000        8   200000       0
                config                           300000   300000        E   300000       0
dist/default/production\losbullanguerosdesurquillo.X.production.o
                intcode                               8        8        6        4       0
                temp                                 5C       5C        1        1       1
                intcode_body                        544      544       30      252       0
                text10                              5C0      5C0       24      252       0
                text9                               3FE      3FE       62        4       0
                text8                               4A4      4A4       3C      252       0
                text7                               608      608        8      252       0
                text6                               600      600        8      252       0
                text5                               5E4      5E4       1C      252       0
                text4                               4E0      4E0       34      252       0
                text3                               574      574       28      252       0
                text2                               286      286       8C        4       0
                text1                               59C      59C       24      252       0
                text0                                12       12      274        4       0
                cstackCOMRAM                         44       44       17        1       1
                dataBANK1                           100      100       30      100       1
                dataBANK0                            60       60       80       60       1
                dataCOMRAM                            1        1       43        1       1
                bssCOMRAM                            5B       5B        1        1       1
                cinit                               392      392       6C        4       0
                idataBANK1                          514      514       30      252       0
                idataBANK0                          312      312       80        4       0
                idataCOMRAM                         460      460       43        4       0

TOTAL           Name                               Link     Load   Length     Space
        CLASS   STACK          

        CLASS   CODE           
                intcode                               8        8        6         0
                init                                  E        E        4         0
                reset_vec                             0        0        4         0
                intcode_body                        544      544       30         0
                text10                              5C0      5C0       24         0
                text9                               3FE      3FE       62         0
                text8                               4A4      4A4       3C         0
                text7                               608      608        8         0
                text6                               600      600        8         0
                text5                               5E4      5E4       1C         0
                text4                               4E0      4E0       34         0
                text3                               574      574       28         0
                text2                               286      286       8C         0
                text1                               59C      59C       24         0
                text0                                12       12      274         0
                cinit                               392      392       6C         0
                idataBANK1                          514      514       30         0
                idataBANK0                          312      312       80         0
                idataCOMRAM                         460      460       43         0

        CLASS   CONST          

        CLASS   SMALLCONST     

        CLASS   MEDIUMCONST    

        CLASS   COMRAM         
                temp                                 5C       5C        1         1
                cstackCOMRAM                         44       44       17         1
                dataCOMRAM                            1        1       43         1
                bssCOMRAM                            5B       5B        1         1

        CLASS   ABS1           

        CLASS   BIGRAM         

        CLASS   RAM            

        CLASS   BANK0          
                dataBANK0                            60       60       80         1

        CLASS   BANK1          
                dataBANK1                           100      100       30         1

        CLASS   BANK2          

        CLASS   BANK3          

        CLASS   BANK4          

        CLASS   BANK5          

        CLASS   BANK6          

        CLASS   BANK7          

        CLASS   SFR            

        CLASS   FARRAM         

        CLASS   CONFIG         
                config                           300000   300000        E         0

        CLASS   IDLOC          
                idloc                            200000   200000        8         0

        CLASS   EEDATA         



SEGMENTS        Name                           Load    Length   Top    Selector   Space  Class

                reset_vec                      000000  000004  000004         0       0  CODE    
                dataCOMRAM                     000001  00005C  00005D         1       1  COMRAM  
                intcode                        000008  00049B  0004A3         4       0  CODE    
                dataBANK0                      000060  000080  0000E0        60       1  BANK0   
                dataBANK1                      000100  000030  000130       100       1  BANK1   
                text8                          0004A4  00016C  000610       252       0  CODE    
                idloc                          200000  000008  200008    200000       0  IDLOC   
                config                         300000  00000E  30000E    300000       0  CONFIG  


UNUSED ADDRESS RANGES

        Name                Unused          Largest block    Delta
        BANK0            0000E0-0000FF               20
        BANK1            000130-0001FF               D0
        BANK2            000200-0002FF              100
        BANK3            000300-0003FF              100
        BANK4            000400-0004FF              100
        BANK5            000500-0005FF              100
        BANK6            000600-0006FF              100
        BANK7            000700-0007FF              100
        BIGRAM           00005D-00005F                3
                         0000E0-0000FF               20
                         000130-0007FF              6D0
        CODE             000004-000007                4
                         0004A3-0004A3                1
                         000610-007FFF             79F0
        COMRAM           00005D-00005F                3
        CONST            000004-000007                4
                         0004A3-0004A3                1
                         000610-007FFF             79F0
        EEDATA           F00000-F000FF              100
        MEDIUMCONST      000800-007FFF             7800
        RAM              0000E0-0000FF               20
                         000130-0007FF              100
        SFR              000F60-000FFF               A0
        SMALLCONST       000800-007FFF              100
        STACK            000130-0007FF              6D0

                                  Symbol Table

CURSOR_ONOFF@estado       cstackCOMRAM 000047
ENVIA_CHAR@aux            cstackCOMRAM 000046
ENVIA_CHAR@dato           cstackCOMRAM 000045
ENVIA_LCD_CMD@aux         cstackCOMRAM 000046
ENVIA_LCD_CMD@dato        cstackCOMRAM 000045
ENVIA_NIBBLE@dato         cstackCOMRAM 000044
ESCRIBE_MENSAJE@cadena    cstackCOMRAM 000047
ESCRIBE_MENSAJE@i         cstackCOMRAM 00004A
ESCRIBE_MENSAJE@tam       cstackCOMRAM 000049
LEER_LCD@aux              cstackCOMRAM 000044
POS_CURSOR@columna        cstackCOMRAM 000047
POS_CURSOR@fila           cstackCOMRAM 000048
_BAUDCONbits              (abs)        000FB8
_BORRAR_LCD               text7        000608
_CURSOR_HOME              text6        000600
_CURSOR_ONOFF             text5        0005E4
_ENVIA_CHAR               text4        0004E0
_ENVIA_LCD_CMD            text8        0004A4
_ENVIA_NIBBLE             text10       0005C0
_ESCRIBE_MENSAJE          text3        000574
_INTCONbits               (abs)        000FF2
_LATCbits                 (abs)        000F8B
_LATD                     (abs)        000F8C
_LATDbits                 (abs)        000F8C
_LCD_CONFIG               text2        000286
_LEER_LCD                 text9        0003FE
_PIE1bits                 (abs)        000F9D
_PIR1bits                 (abs)        000F9E
_PORTD                    (abs)        000F83
_POS_CURSOR               text1        00059C
_RCIsr                    intcode      000008
_RCREG                    (abs)        000FAE
_RCSTAbits                (abs)        000FAB
_SPBRG                    (abs)        000FAF
_SPBRGH                   (abs)        000FB0
_TRISCbits                (abs)        000F94
_TRISD                    (abs)        000F95
_TXREG                    (abs)        000FAD
_TXSTAbits                (abs)        000FAC
__CFG_BOR$OFF             (abs)        000000
__CFG_BORV$3              (abs)        000000
__CFG_CCP2MX$ON           (abs)        000000
__CFG_CPUDIV$OSC1_PLL2    (abs)        000000
__CFG_FOSC$XTPLL_XT       (abs)        000000
__CFG_LVP$OFF             (abs)        000000
__CFG_MCLRE$ON            (abs)        000000
__CFG_PBADEN$ON           (abs)        000000
__CFG_PLLDIV$1            (abs)        000000
__CFG_PWRT$ON             (abs)        000000
__CFG_WDT$OFF             (abs)        000000
__HRAM                    (abs)        000000
__Habs1                   abs1         000000
__Hbank0                  bank0        000000
__Hbank1                  bank1        000000
__Hbank2                  bank2        000000
__Hbank3                  bank3        000000
__Hbank4                  bank4        000000
__Hbank5                  bank5        000000
__Hbank6                  bank6        000000
__Hbank7                  bank7        000000
__Hbigbss                 bigbss       000000
__Hbigdata                bigdata      000000
__Hbigram                 bigram       000000
__Hbss                    bss          000000
__HbssCOMRAM              bssCOMRAM    000000
__Hcinit                  cinit        000000
__Hclrtext                clrtext      000000
__Hcomram                 comram       000000
__Hconfig                 config       30000E
__Hconst                  const        000000
__HcstackCOMRAM           cstackCOMRAM 000000
__Hdata                   data         000000
__HdataBANK0              dataBANK0    000000
__HdataBANK1              dataBANK1    000000
__HdataCOMRAM             dataCOMRAM   000000
__Heeprom_data            eeprom_data  000000
__Hfarbss                 farbss       000000
__Hfardata                fardata      000000
__Hibigdata               ibigdata     000000
__Hidata                  idata        000000
__HidataBANK0             idataBANK0   000000
__HidataBANK1             idataBANK1   000000
__HidataCOMRAM            idataCOMRAM  000000
__Hidloc                  idloc        200008
__Hifardata               ifardata     000000
__Hinit                   init         000012
__Hintcode                intcode      00000E
__Hintcode_body           intcode_body 000000
__Hintcodelo              intcodelo    00000E
__Hintentry               intentry     000000
__Hintret                 intret       000000
__Hintsave_regs           intsave_regs 000000
__Hirdata                 irdata       000000
__Hmediumconst            mediumconst  000000
__HnvFARRAM               nvFARRAM     000000
__Hnvbit                  nvbit        000000
__Hnvrram                 nvrram       000000
__Hparam                  rparam       000000
__Hpowerup                powerup      00000E
__Hram                    ram          000000
__Hramtop                 ramtop       000800
__Hrbit                   rbit         000000
__Hrbss                   rbss         000000
__Hrdata                  rdata        000000
__Hreset_vec              reset_vec    000004
__Hrparam                 rparam       000000
__Hsfr                    sfr          000000
__Hsmallconst             smallconst   000000
__Hspace_0                (abs)        30000E
__Hspace_1                (abs)        000130
__Hspace_2                (abs)        000000
__Hstack                  stack        000000
__Hstruct                 struct       000000
__Htemp                   temp         00005D
__Htext                   text         000000
__Htext0                  text0        000000
__Htext1                  text1        000000
__Htext10                 text10       000000
__Htext2                  text2        000000
__Htext3                  text3        000000
__Htext4                  text4        000000
__Htext5                  text5        000000
__Htext6                  text6        000000
__Htext7                  text7        000000
__Htext8                  text8        000000
__Htext9                  text9        000000
__LRAM                    (abs)        000001
__Labs1                   abs1         000000
__Lbank0                  bank0        000000
__Lbank1                  bank1        000000
__Lbank2                  bank2        000000
__Lbank3                  bank3        000000
__Lbank4                  bank4        000000
__Lbank5                  bank5        000000
__Lbank6                  bank6        000000
__Lbank7                  bank7        000000
__Lbigbss                 bigbss       000000
__Lbigdata                bigdata      000000
__Lbigram                 bigram       000000
__Lbss                    bss          000000
__LbssCOMRAM              bssCOMRAM    000000
__Lcinit                  cinit        000000
__Lclrtext                clrtext      000000
__Lcomram                 comram       000000
__Lconfig                 config       300000
__Lconst                  const        000000
__LcstackCOMRAM           cstackCOMRAM 000000
__Ldata                   data         000000
__LdataBANK0              dataBANK0    000000
__LdataBANK1              dataBANK1    000000
__LdataCOMRAM             dataCOMRAM   000000
__Leeprom_data            eeprom_data  000000
__Lfarbss                 farbss       000000
__Lfardata                fardata      000000
__Libigdata               ibigdata     000000
__Lidata                  idata        000000
__LidataBANK0             idataBANK0   000000
__LidataBANK1             idataBANK1   000000
__LidataCOMRAM            idataCOMRAM  000000
__Lidloc                  idloc        200000
__Lifardata               ifardata     000000
__Linit                   init         00000E
__Lintcode                intcode      000008
__Lintcode_body           intcode_body 000000
__Lintcodelo              intcodelo    00000E
__Lintentry               intentry     000000
__Lintret                 intret       000000
__Lintsave_regs           intsave_regs 000000
__Lirdata                 irdata       000000
__Lmediumconst            mediumconst  000000
__LnvFARRAM               nvFARRAM     000000
__Lnvbit                  nvbit        000000
__Lnvrram                 nvrram       000000
__Lparam                  rparam       000000
__Lpowerup                powerup      00000E
__Lram                    ram          000000
__Lramtop                 ramtop       000800
__Lrbit                   rbit         000000
__Lrbss                   rbss         000000
__Lrdata                  rdata        000000
__Lreset_vec              reset_vec    000000
__Lrparam                 rparam       000000
__Lsfr                    sfr          000000
__Lsmallconst             smallconst   000000
__Lspace_0                (abs)        000000
__Lspace_1                (abs)        000000
__Lspace_2                (abs)        000000
__Lstack                  stack        000000
__Lstruct                 struct       000000
__Ltemp                   temp         00005C
__Ltext                   text         000000
__Ltext0                  text0        000000
__Ltext1                  text1        000000
__Ltext10                 text10       000000
__Ltext2                  text2        000000
__Ltext3                  text3        000000
__Ltext4                  text4        000000
__Ltext5                  text5        000000
__Ltext6                  text6        000000
__Ltext7                  text7        000000
__Ltext8                  text8        000000
__Ltext9                  text9        000000
__S0                      (abs)        30000E
__S1                      (abs)        000130
__S2                      (abs)        000000
___inthi_sp               stack        000000
___intlo_sp               stack        000000
___param_bank             (abs)        000000
___rparam_used            (abs)        000001
___sp                     stack        000000
__accesstop               (abs)        000060
__activetblptr            (abs)        000000
__end_of_BORRAR_LCD       text7        000610
__end_of_CURSOR_HOME      text6        000608
__end_of_CURSOR_ONOFF     text5        000600
__end_of_ENVIA_CHAR       text4        000514
__end_of_ENVIA_LCD_CMD    text8        0004E0
__end_of_ENVIA_NIBBLE     text10       0005E4
__end_of_ESCRIBE_MENSAJE  text3        00059C
__end_of_LCD_CONFIG       text2        000312
__end_of_LEER_LCD         text9        000460
__end_of_POS_CURSOR       text1        0005C0
__end_of_RCIsr            intcode_body 000574
__end_of__initialization  cinit        0003F4
__end_of_main             text0        000286
__initialization          cinit        000392
__mediumconst             mediumconst  000000
__pbssCOMRAM              bssCOMRAM    00005B
__pcinit                  cinit        000392
__pcstackCOMRAM           cstackCOMRAM 000044
__pdataBANK0              dataBANK0    000060
__pdataBANK1              dataBANK1    000100
__pdataCOMRAM             dataCOMRAM   000001
__pidataBANK0             idataBANK0   000312
__pidataBANK1             idataBANK1   000514
__pidataCOMRAM            idataCOMRAM  000460
__pintcode                intcode      000008
__pintcode_body           intcode_body 000544
__ptext0                  text0        000012
__ptext1                  text1        00059C
__ptext10                 text10       0005C0
__ptext2                  text2        000286
__ptext3                  text3        000574
__ptext4                  text4        0004E0
__ptext5                  text5        0005E4
__ptext6                  text6        000600
__ptext7                  text7        000608
__ptext8                  text8        0004A4
__ptext9                  text9        0003FE
__ramtop                  ramtop       000800
__size_of_BORRAR_LCD      (abs)        000000
__size_of_CURSOR_HOME     (abs)        000000
__size_of_CURSOR_ONOFF    (abs)        000000
__size_of_ENVIA_CHAR      (abs)        000000
__size_of_ENVIA_LCD_CMD   (abs)        000000
__size_of_ENVIA_NIBBLE    (abs)        000000
__size_of_ESCRIBE_MENSAJE (abs)        000000
__size_of_LCD_CONFIG      (abs)        000000
__size_of_LEER_LCD        (abs)        000000
__size_of_POS_CURSOR      (abs)        000000
__size_of_RCIsr           (abs)        000000
__size_of_main            (abs)        000000
__smallconst              smallconst   000000
_estado                   bssCOMRAM    00005B
_main                     text0        000012
_mensaje_blightoff        dataCOMRAM   000015
_mensaje_blighton         dataCOMRAM   000001
_mensaje_error            dataBANK0    00008E
_mensaje_lcd1             dataCOMRAM   000039
_mensaje_lcd2             dataCOMRAM   000026
_mensaje_pserial1         dataBANK0    0000C9
_mensaje_pserial2         dataBANK1    000100
_mensaje_pserial3         dataBANK0    000060
_mensaje_pserial4         dataBANK0    0000AF
btemp                     temp         00005C
end_of_initialization     cinit        0003F4
int$flags                 temp         00005C
int_func                  intcode_body 000544
intlevel0                 text         000000
intlevel1                 text         000000
intlevel2                 text         000000
intlevel3                 text         000000
main@c                    cstackCOMRAM 00004D
main@c_456                cstackCOMRAM 00004F
main@c_457                cstackCOMRAM 000051
main@c_458                cstackCOMRAM 000053
main@c_465                cstackCOMRAM 000055
main@c_466                cstackCOMRAM 000057
main@c_467                cstackCOMRAM 000059
stackhi                   (abs)        0007FF
stacklo                   (abs)        000130
start                     init         00000E
start_initialization      cinit        000392
ttemp5                    temp         00005D
ttemp6                    temp         000060
ttemp7                    temp         000064
wtemp8                    temp         00005D


FUNCTION INFORMATION:

 *************** function _main *****************
 Defined at:
		line 32 in file "nenene.c"
 Parameters:    Size  Location     Type
		None
 Auto vars:     Size  Location     Type
  c               2   21[COMRAM] int 
  c               2   19[COMRAM] int 
  c               2   17[COMRAM] int 
  c               2   15[COMRAM] int 
  c               2   13[COMRAM] int 
  c               2   11[COMRAM] int 
  c               2    9[COMRAM] int 
 Return value:  Size  Location     Type
                  1    wreg      void 
 Registers used:
		wreg, fsr2l, fsr2h, status,2, status,0, cstack
 Tracked objects:
		On entry : 
		On exit  : 
		Unchanged: 
 Data sizes:     COMRAM   BANK0   BANK1   BANK2   BANK3   BANK4   BANK5   BANK6   BANK7
      Params:         0       0       0       0       0       0       0       0       0
      Locals:        14       0       0       0       0       0       0       0       0
      Temps:          2       0       0       0       0       0       0       0       0
      Totals:        16       0       0       0       0       0       0       0       0
Total ram usage:       16 bytes
 Hardware stack levels required when called:    4
 This function calls:
		_BORRAR_LCD
		_CURSOR_HOME
		_CURSOR_ONOFF
		_ESCRIBE_MENSAJE
		_LCD_CONFIG
		_POS_CURSOR
 This function is called by:
		Startup code after reset
 This function uses a non-reentrant model


 *************** function _POS_CURSOR *****************
 Defined at:
		line 6 in file "LCD.c"
 Parameters:    Size  Location     Type
  fila            1    wreg     unsigned char 
  columna         1    3[COMRAM] unsigned char 
 Auto vars:     Size  Location     Type
  fila            1    4[COMRAM] unsigned char 
 Return value:  Size  Location     Type
                  1    wreg      void 
 Registers used:
		wreg, status,2, status,0, cstack
 Tracked objects:
		On entry : 
		On exit  : 
		Unchanged: 
 Data sizes:     COMRAM   BANK0   BANK1   BANK2   BANK3   BANK4   BANK5   BANK6   BANK7
      Params:         1       0       0       0       0       0       0       0       0
      Locals:         1       0       0       0       0       0       0       0       0
      Temps:          0       0       0       0       0       0       0       0       0
      Totals:         2       0       0       0       0       0       0       0       0
Total ram usage:        2 bytes
 Hardware stack levels used:    1
 Hardware stack levels required when called:    3
 This function calls:
		_ENVIA_LCD_CMD
 This function is called by:
		_main
 This function uses a non-reentrant model


 *************** function _LCD_CONFIG *****************
 Defined at:
		line 73 in file "LCD.c"
 Parameters:    Size  Location     Type
		None
 Auto vars:     Size  Location     Type
		None
 Return value:  Size  Location     Type
                  1    wreg      void 
 Registers used:
		wreg, status,2, status,0, cstack
 Tracked objects:
		On entry : 
		On exit  : 
		Unchanged: 
 Data sizes:     COMRAM   BANK0   BANK1   BANK2   BANK3   BANK4   BANK5   BANK6   BANK7
      Params:         0       0       0       0       0       0       0       0       0
      Locals:         0       0       0       0       0       0       0       0       0
      Temps:          1       0       0       0       0       0       0       0       0
      Totals:         1       0       0       0       0       0       0       0       0
Total ram usage:        1 bytes
 Hardware stack levels used:    1
 Hardware stack levels required when called:    3
 This function calls:
		_ENVIA_LCD_CMD
		_ENVIA_NIBBLE
 This function is called by:
		_main
 This function uses a non-reentrant model


 *************** function _ESCRIBE_MENSAJE *****************
 Defined at:
		line 41 in file "LCD.c"
 Parameters:    Size  Location     Type
  cadena          2    3[COMRAM] PTR const unsigned char 
		 -> mensaje_lcd2(19), mensaje_lcd1(11), 
  tam             1    5[COMRAM] unsigned char 
 Auto vars:     Size  Location     Type
  i               1    6[COMRAM] unsigned char 
 Return value:  Size  Location     Type
                  1    wreg      void 
 Registers used:
		wreg, fsr2l, fsr2h, status,2, status,0, cstack
 Tracked objects:
		On entry : 
		On exit  : 
		Unchanged: 
 Data sizes:     COMRAM   BANK0   BANK1   BANK2   BANK3   BANK4   BANK5   BANK6   BANK7
      Params:         3       0       0       0       0       0       0       0       0
      Locals:         1       0       0       0       0       0       0       0       0
      Temps:          0       0       0       0       0       0       0       0       0
      Totals:         4       0       0       0       0       0       0       0       0
Total ram usage:        4 bytes
 Hardware stack levels used:    1
 Hardware stack levels required when called:    3
 This function calls:
		_ENVIA_CHAR
 This function is called by:
		_main
 This function uses a non-reentrant model


 *************** function _ENVIA_CHAR *****************
 Defined at:
		line 50 in file "LCD.c"
 Parameters:    Size  Location     Type
  dato            1    wreg     unsigned char 
 Auto vars:     Size  Location     Type
  dato            1    1[COMRAM] unsigned char 
  aux             1    2[COMRAM] unsigned char 
 Return value:  Size  Location     Type
                  1    wreg      void 
 Registers used:
		wreg, status,2, status,0, cstack
 Tracked objects:
		On entry : 
		On exit  : 
		Unchanged: 
 Data sizes:     COMRAM   BANK0   BANK1   BANK2   BANK3   BANK4   BANK5   BANK6   BANK7
      Params:         0       0       0       0       0       0       0       0       0
      Locals:         2       0       0       0       0       0       0       0       0
      Temps:          0       0       0       0       0       0       0       0       0
      Totals:         2       0       0       0       0       0       0       0       0
Total ram usage:        2 bytes
 Hardware stack levels used:    1
 Hardware stack levels required when called:    2
 This function calls:
		_ENVIA_NIBBLE
		_LEER_LCD
 This function is called by:
		_ESCRIBE_MENSAJE
		_GENERACARACTER
 This function uses a non-reentrant model


 *************** function _CURSOR_ONOFF *****************
 Defined at:
		line 35 in file "LCD.c"
 Parameters:    Size  Location     Type
  estado          1    wreg     unsigned char 
 Auto vars:     Size  Location     Type
  estado          1    3[COMRAM] unsigned char 
 Return value:  Size  Location     Type
                  1    wreg      void 
 Registers used:
		wreg, status,2, status,0, cstack
 Tracked objects:
		On entry : 
		On exit  : 
		Unchanged: 
 Data sizes:     COMRAM   BANK0   BANK1   BANK2   BANK3   BANK4   BANK5   BANK6   BANK7
      Params:         0       0       0       0       0       0       0       0       0
      Locals:         1       0       0       0       0       0       0       0       0
      Temps:          0       0       0       0       0       0       0       0       0
      Totals:         1       0       0       0       0       0       0       0       0
Total ram usage:        1 bytes
 Hardware stack levels used:    1
 Hardware stack levels required when called:    3
 This function calls:
		_ENVIA_LCD_CMD
 This function is called by:
		_main
 This function uses a non-reentrant model


 *************** function _CURSOR_HOME *****************
 Defined at:
		line 30 in file "LCD.c"
 Parameters:    Size  Location     Type
		None
 Auto vars:     Size  Location     Type
		None
 Return value:  Size  Location     Type
                  1    wreg      void 
 Registers used:
		wreg, status,2, status,0, cstack
 Tracked objects:
		On entry : 
		On exit  : 
		Unchanged: 
 Data sizes:     COMRAM   BANK0   BANK1   BANK2   BANK3   BANK4   BANK5   BANK6   BANK7
      Params:         0       0       0       0       0       0       0       0       0
      Locals:         0       0       0       0       0       0       0       0       0
      Temps:          0       0       0       0       0       0       0       0       0
      Totals:         0       0       0       0       0       0       0       0       0
Total ram usage:        0 bytes
 Hardware stack levels used:    1
 Hardware stack levels required when called:    3
 This function calls:
		_ENVIA_LCD_CMD
 This function is called by:
		_main
 This function uses a non-reentrant model


 *************** function _BORRAR_LCD *****************
 Defined at:
		line 68 in file "LCD.c"
 Parameters:    Size  Location     Type
		None
 Auto vars:     Size  Location     Type
		None
 Return value:  Size  Location     Type
                  1    wreg      void 
 Registers used:
		wreg, status,2, status,0, cstack
 Tracked objects:
		On entry : 
		On exit  : 
		Unchanged: 
 Data sizes:     COMRAM   BANK0   BANK1   BANK2   BANK3   BANK4   BANK5   BANK6   BANK7
      Params:         0       0       0       0       0       0       0       0       0
      Locals:         0       0       0       0       0       0       0       0       0
      Temps:          0       0       0       0       0       0       0       0       0
      Totals:         0       0       0       0       0       0       0       0       0
Total ram usage:        0 bytes
 Hardware stack levels used:    1
 Hardware stack levels required when called:    3
 This function calls:
		_ENVIA_LCD_CMD
 This function is called by:
		_main
 This function uses a non-reentrant model


 *************** function _ENVIA_LCD_CMD *****************
 Defined at:
		line 117 in file "LCD.c"
 Parameters:    Size  Location     Type
  dato            1    wreg     unsigned char 
 Auto vars:     Size  Location     Type
  dato            1    1[COMRAM] unsigned char 
  aux             1    2[COMRAM] unsigned char 
 Return value:  Size  Location     Type
                  1    wreg      void 
 Registers used:
		wreg, status,2, status,0, cstack
 Tracked objects:
		On entry : 
		On exit  : 
		Unchanged: 
 Data sizes:     COMRAM   BANK0   BANK1   BANK2   BANK3   BANK4   BANK5   BANK6   BANK7
      Params:         0       0       0       0       0       0       0       0       0
      Locals:         2       0       0       0       0       0       0       0       0
      Temps:          0       0       0       0       0       0       0       0       0
      Totals:         2       0       0       0       0       0       0       0       0
Total ram usage:        2 bytes
 Hardware stack levels used:    1
 Hardware stack levels required when called:    2
 This function calls:
		_ENVIA_NIBBLE
		_LEER_LCD
 This function is called by:
		_POS_CURSOR
		_CURSOR_HOME
		_CURSOR_ONOFF
		_BORRAR_LCD
		_LCD_CONFIG
		_BLINK_CURSOR
		_DISPLAY_ONOFF
		_GENERACARACTER
 This function uses a non-reentrant model


 *************** function _LEER_LCD *****************
 Defined at:
		line 136 in file "LCD.c"
 Parameters:    Size  Location     Type
		None
 Auto vars:     Size  Location     Type
  aux             1    0[COMRAM] unsigned char 
 Return value:  Size  Location     Type
                  1    wreg      void 
 Registers used:
		wreg, status,2, status,0
 Tracked objects:
		On entry : 
		On exit  : 
		Unchanged: 
 Data sizes:     COMRAM   BANK0   BANK1   BANK2   BANK3   BANK4   BANK5   BANK6   BANK7
      Params:         0       0       0       0       0       0       0       0       0
      Locals:         1       0       0       0       0       0       0       0       0
      Temps:          0       0       0       0       0       0       0       0       0
      Totals:         1       0       0       0       0       0       0       0       0
Total ram usage:        1 bytes
 Hardware stack levels used:    1
 Hardware stack levels required when called:    1
 This function calls:
		Nothing
 This function is called by:
		_ENVIA_CHAR
		_ENVIA_LCD_CMD
 This function uses a non-reentrant model


 *************** function _ENVIA_NIBBLE *****************
 Defined at:
		line 104 in file "LCD.c"
 Parameters:    Size  Location     Type
  dato            1    wreg     unsigned char 
 Auto vars:     Size  Location     Type
  dato            1    0[COMRAM] unsigned char 
 Return value:  Size  Location     Type
                  1    wreg      void 
 Registers used:
		wreg, status,2, status,0
 Tracked objects:
		On entry : 
		On exit  : 
		Unchanged: 
 Data sizes:     COMRAM   BANK0   BANK1   BANK2   BANK3   BANK4   BANK5   BANK6   BANK7
      Params:         0       0       0       0       0       0       0       0       0
      Locals:         1       0       0       0       0       0       0       0       0
      Temps:          0       0       0       0       0       0       0       0       0
      Totals:         1       0       0       0       0       0       0       0       0
Total ram usage:        1 bytes
 Hardware stack levels used:    1
 Hardware stack levels required when called:    1
 This function calls:
		Nothing
 This function is called by:
		_ENVIA_CHAR
		_LCD_CONFIG
		_ENVIA_LCD_CMD
 This function uses a non-reentrant model


 *************** function _RCIsr *****************
 Defined at:
		line 135 in file "nenene.c"
 Parameters:    Size  Location     Type
		None
 Auto vars:     Size  Location     Type
		None
 Return value:  Size  Location     Type
                  1    wreg      void 
 Registers used:
		wreg, status,2, status,0
 Tracked objects:
		On entry : 
		On exit  : 
		Unchanged: 
 Data sizes:     COMRAM   BANK0   BANK1   BANK2   BANK3   BANK4   BANK5   BANK6   BANK7
      Params:         0       0       0       0       0       0       0       0       0
      Locals:         0       0       0       0       0       0       0       0       0
      Temps:          0       0       0       0       0       0       0       0       0
      Totals:         0       0       0       0       0       0       0       0       0
Total ram usage:        0 bytes
 Hardware stack levels used:    1
 This function calls:
		Nothing
 This function is called by:
		Interrupt level 2
 This function uses a non-reentrant model



MODULE INFORMATION

Module		Function		Class		Link	Load	Size
nenene.c
		_RCIsr         		CODE           	0008	0000	55
		_main          		CODE           	0012	0000	629

nenene.c estimated size: 684

shared
		__initialization		CODE           	0392	0000	99

shared estimated size: 99

LCD.c
		_ENVIA_NIBBLE  		CODE           	05C0	0000	37
		_ENVIA_CHAR    		CODE           	04E0	0000	53
		_CURSOR_HOME   		CODE           	0600	0000	9
		_CURSOR_ONOFF  		CODE           	05E4	0000	29
		_POS_CURSOR    		CODE           	059C	0000	37
		_ESCRIBE_MENSAJE		CODE           	0574	0000	41
		_ENVIA_LCD_CMD 		CODE           	04A4	0000	61
		_LCD_CONFIG    		CODE           	0286	0000	141
		_BORRAR_LCD    		CODE           	0608	0000	9
		_LEER_LCD      		CODE           	03FE	0000	99

LCD.c estimated size: 516

