MPLINK 5.08, LINKER
Linker Map File - Created Tue Aug 21 12:08:34 2018

                                 Section Info
                  Section       Type    Address   Location Size(Bytes)
                ---------  ---------  ---------  ---------  ---------
                   .org_0       code   0x000000    program   0x000004
                   .cinit    romdata   0x000004    program   0x000002
                   .org_1       code   0x000020    program   0x000046
.config_300001_BUILD/DEFAULT/PRODUCTION/LEDMON.    romdata   0x300001    program   0x000001
.config_300002_BUILD/DEFAULT/PRODUCTION/LEDMON.    romdata   0x300002    program   0x000001
.config_300003_BUILD/DEFAULT/PRODUCTION/LEDMON.    romdata   0x300003    program   0x000001
.config_300005_BUILD/DEFAULT/PRODUCTION/LEDMON.    romdata   0x300005    program   0x000001
.config_300006_BUILD/DEFAULT/PRODUCTION/LEDMON.    romdata   0x300006    program   0x000001



                              Program Memory Usage 
                               Start         End      
                           ---------   ---------      
                            0x000000    0x000005      
                            0x000020    0x000065      
                            0x300001    0x300003      
                            0x300005    0x300006      
            81 out of 33048 program addresses used, program memory utilization is 0%



                              Symbols - Sorted by Name
                     Name    Address   Location    Storage File                     
                ---------  ---------  ---------  --------- ---------                
                   bucle1   0x000046    program     static C:\Users\klnla\MPLABXProjects\20182_prendeapaga.X\ledmon.asm
                   bucle2   0x000058    program     static C:\Users\klnla\MPLABXProjects\20182_prendeapaga.X\ledmon.asm
                configuro   0x000020    program     static C:\Users\klnla\MPLABXProjects\20182_prendeapaga.X\ledmon.asm
                   inicio   0x000024    program     static C:\Users\klnla\MPLABXProjects\20182_prendeapaga.X\ledmon.asm
                    otro1   0x000038    program     static C:\Users\klnla\MPLABXProjects\20182_prendeapaga.X\ledmon.asm
                    otro2   0x00004a    program     static C:\Users\klnla\MPLABXProjects\20182_prendeapaga.X\ledmon.asm
                    otro3   0x00005c    program     static C:\Users\klnla\MPLABXProjects\20182_prendeapaga.X\ledmon.asm
                 retardon   0x000034    program     static C:\Users\klnla\MPLABXProjects\20182_prendeapaga.X\ledmon.asm



                              Symbols - Sorted by Address
                     Name    Address   Location    Storage File                     
                ---------  ---------  ---------  --------- ---------                
                configuro   0x000020    program     static C:\Users\klnla\MPLABXProjects\20182_prendeapaga.X\ledmon.asm
                   inicio   0x000024    program     static C:\Users\klnla\MPLABXProjects\20182_prendeapaga.X\ledmon.asm
                 retardon   0x000034    program     static C:\Users\klnla\MPLABXProjects\20182_prendeapaga.X\ledmon.asm
                    otro1   0x000038    program     static C:\Users\klnla\MPLABXProjects\20182_prendeapaga.X\ledmon.asm
                   bucle1   0x000046    program     static C:\Users\klnla\MPLABXProjects\20182_prendeapaga.X\ledmon.asm
                    otro2   0x00004a    program     static C:\Users\klnla\MPLABXProjects\20182_prendeapaga.X\ledmon.asm
                   bucle2   0x000058    program     static C:\Users\klnla\MPLABXProjects\20182_prendeapaga.X\ledmon.asm
                    otro3   0x00005c    program     static C:\Users\klnla\MPLABXProjects\20182_prendeapaga.X\ledmon.asm


