Microchip MPLAB XC8 Compiler V2.10 ()

Linker command line:

-W-3 --edf=C:\Program Files (x86)\Microchip\xc8\v2.10\pic\dat\en_msgs.txt \
  -cs -h+dist/default/production\test_lcd.X.production.sym \
  --cmf=dist/default/production\test_lcd.X.production.cmf -z -Q18F4550 \
  -oC:\Users\klnla\AppData\Local\Temp\sdqk.2 --defsym=__MPLAB_BUILD=1 \
  -Mdist/default/production/test_lcd.X.production.map -E1 -ver=XC8 \
  --acfsm=1493 -ASTACK=060h-07FFh -pstack=STACK -ACODE=00h-07FFFh \
  -ACONST=00h-07FFFh -ASMALLCONST=0800h-08FFhx120 \
  -AMEDIUMCONST=0800h-07FFFh -ACOMRAM=01h-05Fh -AABS1=00h-07FFh \
  -ABIGRAM=01h-07FFh -ARAM=060h-0FFh,0100h-01FFhx7 -ABANK0=060h-0FFh \
  -ABANK1=0100h-01FFh -ABANK2=0200h-02FFh -ABANK3=0300h-03FFh \
  -ABANK4=0400h-04FFh -ABANK5=0500h-05FFh -ABANK6=0600h-06FFh \
  -ABANK7=0700h-07FFh -ASFR=0F60h-0FFFh \
  -preset_vec=00h,intcode,intcodelo,powerup,init -pramtop=0800h \
  -psmallconst=SMALLCONST -pmediumconst=MEDIUMCONST -pconst=CONST \
  -AFARRAM=00h-00h -ACONFIG=0300000h-030000Dh -pconfig=CONFIG \
  -AIDLOC=0200000h-0200007h -pidloc=IDLOC -AEEDATA=0F00000h-0F000FFh \
  -peeprom_data=EEDATA \
  -prdata=COMRAM,nvrram=COMRAM,nvbit=COMRAM,rbss=COMRAM,rbit=COMRAM \
  -pfarbss=FARRAM,fardata=FARRAM,nvFARRAM=FARRAM \
  -pintsave_regs=BIGRAM,bigbss=BIGRAM,bigdata=BIGRAM -pbss=RAM \
  -pidata=CODE,irdata=CODE,ibigdata=CODE,ifardata=CODE -prparam=COMRAM \
  C:\Users\klnla\AppData\Local\Temp\sdqk.o \
  dist/default/production\test_lcd.X.production.o 

Object code version is 3.11

Machine type is 18F4550

Call graph: (short form)




                Name                               Link     Load   Length Selector   Space Scale
C:\Users\klnla\AppData\Local\Temp\sdqk.o
                init                                  0        0        4        0       0
                idloc                            200000   200000        8   200000       0
                config                           300000   300000        E   300000       0
dist/default/production\test_lcd.X.production.o
                smallconst                          800      800       14      400       0
                text14                              CD6      CD6       1C      40A       0
                text13                              ACE      ACE       72      40A       0
                text12                              C4C      C4C       34      40A       0
                text11                              D14      D14        8      40A       0
                text10                              D0C      D0C        8      40A       0
                text9                               C80      C80       30      40A       0
                text8                               C18      C18       34      40A       0
                text7                               BA0      BA0       3E      40A       0
                text6                               B40      B40       60      40A       0
                text5                               BDE      BDE       3A      40A       0
                text4                               8E0      8E0       C4      40A       0
                text3                               A5A      A5A       74      40A       0
                text2                               CB0      CB0       26      40A       0
                text1                               9A4      9A4       B6      40A       0
                text0                               814      814       CC      40A       0
                cstackCOMRAM                          F        F        B        1       1
                bssCOMRAM                             1        1        E        1       1
                cinit                               CF2      CF2       1A      40A       0

TOTAL           Name                               Link     Load   Length     Space
        CLASS   STACK          

        CLASS   CODE           
                init                                  0        0        4         0
                text14                              CD6      CD6       1C         0
                text13                              ACE      ACE       72         0
                text12                              C4C      C4C       34         0
                text11                              D14      D14        8         0
                text10                              D0C      D0C        8         0
                text9                               C80      C80       30         0
                text8                               C18      C18       34         0
                text7                               BA0      BA0       3E         0
                text6                               B40      B40       60         0
                text5                               BDE      BDE       3A         0
                text4                               8E0      8E0       C4         0
                text3                               A5A      A5A       74         0
                text2                               CB0      CB0       26         0
                text1                               9A4      9A4       B6         0
                text0                               814      814       CC         0
                cinit                               CF2      CF2       1A         0

        CLASS   CONST          

        CLASS   SMALLCONST     
                smallconst                          800      800       14         0

        CLASS   MEDIUMCONST    

        CLASS   COMRAM         
                cstackCOMRAM                          F        F        B         1
                bssCOMRAM                             1        1        E         1

        CLASS   ABS1           

        CLASS   BIGRAM         

        CLASS   RAM            

        CLASS   BANK0          

        CLASS   BANK1          

        CLASS   BANK2          

        CLASS   BANK3          

        CLASS   BANK4          

        CLASS   BANK5          

        CLASS   BANK6          

        CLASS   BANK7          

        CLASS   SFR            

        CLASS   FARRAM         

        CLASS   CONFIG         
                config                           300000   300000        E         0

        CLASS   IDLOC          
                idloc                            200000   200000        8         0

        CLASS   EEDATA         



SEGMENTS        Name                           Load    Length   Top    Selector   Space  Class

                reset_vec                      000000  000004  000004         0       0  CODE    
                bssCOMRAM                      000001  000019  00001A         1       1  COMRAM  
                smallconst                     000800  000014  000814       400       0  SMALLCON
                text0                          000814  000508  000D1C       40A       0  CODE    
                idloc                          200000  000008  200008    200000       0  IDLOC   
                config                         300000  00000E  30000E    300000       0  CONFIG  


UNUSED ADDRESS RANGES

        Name                Unused          Largest block    Delta
        BANK0            000060-0000FF               A0
        BANK1            000100-0001FF              100
        BANK2            000200-0002FF              100
        BANK3            000300-0003FF              100
        BANK4            000400-0004FF              100
        BANK5            000500-0005FF              100
        BANK6            000600-0006FF              100
        BANK7            000700-0007FF              100
        BIGRAM           00001A-0007FF              7E6
        CODE             000004-0007FF              7FC
                         000D1C-007FFF             72E4
        COMRAM           00001A-00005F               46
        CONST            000004-0007FF              7FC
                         000D1C-007FFF             72E4
        EEDATA           F00000-F000FF              100
        MEDIUMCONST      000D1C-007FFF             72E4
        RAM              000060-0007FF              100
        SFR              000F60-000FFF               A0
        SMALLCONST       000D1C-007FFF              100
        STACK            000060-0007FF              7A0

                                  Symbol Table

?___awdiv                 cstackCOMRAM 00000F
?___lwdiv                 cstackCOMRAM 00000F
?___wmul                  cstackCOMRAM 00000F
CURSOR_ONOFF@estado       cstackCOMRAM 000012
ENVIA_CHAR@aux            cstackCOMRAM 000011
ENVIA_CHAR@dato           cstackCOMRAM 000010
ENVIA_LCD_CMD@aux         cstackCOMRAM 000011
ENVIA_LCD_CMD@dato        cstackCOMRAM 000010
ENVIA_NIBBLE@dato         cstackCOMRAM 00000F
ESCRIBE_MENSAJE@cadena    cstackCOMRAM 000012
ESCRIBE_MENSAJE@i         cstackCOMRAM 000017
ESCRIBE_MENSAJE@tam       cstackCOMRAM 000014
LEER_LCD@aux              cstackCOMRAM 00000F
POS_CURSOR@columna        cstackCOMRAM 000012
POS_CURSOR@fila           cstackCOMRAM 000013
_ADCON0                   (abs)        000FC2
_ADCON0bits               (abs)        000FC2
_ADCON1                   (abs)        000FC1
_ADCON2                   (abs)        000FC0
_ADRESH                   (abs)        000FC4
_ADRESL                   (abs)        000FC3
_BORRAR_LCD               text11       000D14
_CURSOR_HOME              text10       000D0C
_CURSOR_ONOFF             text9        000C80
_ENVIA_CHAR               text8        000C18
_ENVIA_LCD_CMD            text12       000C4C
_ENVIA_NIBBLE             text14       000CD6
_ESCRIBE_MENSAJE          text7        000BA0
_LATD                     (abs)        000F8C
_LATDbits                 (abs)        000F8C
_LCD_CONFIG               text6        000B40
_LEER_LCD                 text13       000ACE
_PORTD                    (abs)        000F83
_POS_CURSOR               text5        000BDE
_TRISD                    (abs)        000F95
__CFG_BOR$OFF             (abs)        000000
__CFG_BORV$3              (abs)        000000
__CFG_CCP2MX$ON           (abs)        000000
__CFG_CPUDIV$OSC1_PLL2    (abs)        000000
__CFG_FOSC$XTPLL_XT       (abs)        000000
__CFG_LPT1OSC$OFF         (abs)        000000
__CFG_LVP$OFF             (abs)        000000
__CFG_MCLRE$ON            (abs)        000000
__CFG_PBADEN$OFF          (abs)        000000
__CFG_PLLDIV$1            (abs)        000000
__CFG_PWRT$ON             (abs)        000000
__CFG_WDT$OFF             (abs)        000000
__CFG_WDTPS$32768         (abs)        000000
__HRAM                    (abs)        000000
__Habs1                   abs1         000000
__Hbank0                  bank0        000000
__Hbank1                  bank1        000000
__Hbank2                  bank2        000000
__Hbank3                  bank3        000000
__Hbank4                  bank4        000000
__Hbank5                  bank5        000000
__Hbank6                  bank6        000000
__Hbank7                  bank7        000000
__Hbigbss                 bigbss       000000
__Hbigdata                bigdata      000000
__Hbigram                 bigram       000000
__Hbss                    bss          000000
__HbssCOMRAM              bssCOMRAM    000000
__Hcinit                  cinit        000000
__Hclrtext                clrtext      000000
__Hcomram                 comram       000000
__Hconfig                 config       30000E
__Hconst                  const        000000
__HcstackCOMRAM           cstackCOMRAM 000000
__Hdata                   data         000000
__Heeprom_data            eeprom_data  000000
__Hfarbss                 farbss       000000
__Hfardata                fardata      000000
__Hibigdata               ibigdata     000000
__Hidata                  idata        000000
__Hidloc                  idloc        200008
__Hifardata               ifardata     000000
__Hinit                   init         000004
__Hintcode                intcode      000000
__Hintcode_body           intcode_body 000000
__Hintcodelo              intcodelo    000000
__Hintentry               intentry     000000
__Hintret                 intret       000000
__Hintsave_regs           intsave_regs 000000
__Hirdata                 irdata       000000
__Hmediumconst            mediumconst  000000
__HnvFARRAM               nvFARRAM     000000
__Hnvbit                  nvbit        000000
__Hnvrram                 nvrram       000000
__Hparam                  rparam       000000
__Hpowerup                powerup      000000
__Hram                    ram          000000
__Hramtop                 ramtop       000800
__Hrbit                   rbit         000000
__Hrbss                   rbss         000000
__Hrdata                  rdata        000000
__Hreset_vec              reset_vec    000000
__Hrparam                 rparam       000000
__Hsfr                    sfr          000000
__Hsmallconst             smallconst   000814
__Hspace_0                (abs)        30000E
__Hspace_1                (abs)        00001A
__Hspace_2                (abs)        000000
__Hstack                  stack        000000
__Hstruct                 struct       000000
__Htemp                   temp         000000
__Htext                   text         000000
__Htext0                  text0        000000
__Htext1                  text1        000000
__Htext10                 text10       000000
__Htext11                 text11       000000
__Htext12                 text12       000000
__Htext13                 text13       000000
__Htext14                 text14       000000
__Htext2                  text2        000000
__Htext3                  text3        000000
__Htext4                  text4        000000
__Htext5                  text5        000000
__Htext6                  text6        000000
__Htext7                  text7        000000
__Htext8                  text8        000000
__Htext9                  text9        000000
__LRAM                    (abs)        000001
__Labs1                   abs1         000000
__Lbank0                  bank0        000000
__Lbank1                  bank1        000000
__Lbank2                  bank2        000000
__Lbank3                  bank3        000000
__Lbank4                  bank4        000000
__Lbank5                  bank5        000000
__Lbank6                  bank6        000000
__Lbank7                  bank7        000000
__Lbigbss                 bigbss       000000
__Lbigdata                bigdata      000000
__Lbigram                 bigram       000000
__Lbss                    bss          000000
__LbssCOMRAM              bssCOMRAM    000000
__Lcinit                  cinit        000000
__Lclrtext                clrtext      000000
__Lcomram                 comram       000000
__Lconfig                 config       300000
__Lconst                  const        000000
__LcstackCOMRAM           cstackCOMRAM 000000
__Ldata                   data         000000
__Leeprom_data            eeprom_data  000000
__Lfarbss                 farbss       000000
__Lfardata                fardata      000000
__Libigdata               ibigdata     000000
__Lidata                  idata        000000
__Lidloc                  idloc        200000
__Lifardata               ifardata     000000
__Linit                   init         000000
__Lintcode                intcode      000000
__Lintcode_body           intcode_body 000000
__Lintcodelo              intcodelo    000000
__Lintentry               intentry     000000
__Lintret                 intret       000000
__Lintsave_regs           intsave_regs 000000
__Lirdata                 irdata       000000
__Lmediumconst            mediumconst  000000
__LnvFARRAM               nvFARRAM     000000
__Lnvbit                  nvbit        000000
__Lnvrram                 nvrram       000000
__Lparam                  rparam       000000
__Lpowerup                powerup      000000
__Lram                    ram          000000
__Lramtop                 ramtop       000800
__Lrbit                   rbit         000000
__Lrbss                   rbss         000000
__Lrdata                  rdata        000000
__Lreset_vec              reset_vec    000000
__Lrparam                 rparam       000000
__Lsfr                    sfr          000000
__Lsmallconst             smallconst   000800
__Lspace_0                (abs)        000000
__Lspace_1                (abs)        000000
__Lspace_2                (abs)        000000
__Lstack                  stack        000000
__Lstruct                 struct       000000
__Ltemp                   temp         000000
__Ltext                   text         000000
__Ltext0                  text0        000000
__Ltext1                  text1        000000
__Ltext10                 text10       000000
__Ltext11                 text11       000000
__Ltext12                 text12       000000
__Ltext13                 text13       000000
__Ltext14                 text14       000000
__Ltext2                  text2        000000
__Ltext3                  text3        000000
__Ltext4                  text4        000000
__Ltext5                  text5        000000
__Ltext6                  text6        000000
__Ltext7                  text7        000000
__Ltext8                  text8        000000
__Ltext9                  text9        000000
__S0                      (abs)        30000E
__S1                      (abs)        00001A
__S2                      (abs)        000000
___awdiv                  text4        0008E0
___awdiv@counter          cstackCOMRAM 000013
___awdiv@dividend         cstackCOMRAM 00000F
___awdiv@divisor          cstackCOMRAM 000011
___awdiv@quotient         cstackCOMRAM 000015
___awdiv@sign             cstackCOMRAM 000014
___inthi_sp               stack        000000
___intlo_sp               stack        000000
___lwdiv                  text3        000A5A
___lwdiv@counter          cstackCOMRAM 000015
___lwdiv@dividend         cstackCOMRAM 00000F
___lwdiv@divisor          cstackCOMRAM 000011
___lwdiv@quotient         cstackCOMRAM 000013
___param_bank             (abs)        000000
___rparam_used            (abs)        000001
___sp                     stack        000000
___wmul                   text2        000CB0
___wmul@multiplicand      cstackCOMRAM 000011
___wmul@multiplier        cstackCOMRAM 00000F
___wmul@product           cstackCOMRAM 000013
__accesstop               (abs)        000060
__activetblptr            (abs)        000001
__end_of_BORRAR_LCD       text11       000D1C
__end_of_CURSOR_HOME      text10       000D14
__end_of_CURSOR_ONOFF     text9        000CB0
__end_of_ENVIA_CHAR       text8        000C4C
__end_of_ENVIA_LCD_CMD    text12       000C80
__end_of_ENVIA_NIBBLE     text14       000CF2
__end_of_ESCRIBE_MENSAJE  text7        000BDE
__end_of_LCD_CONFIG       text6        000BA0
__end_of_LEER_LCD         text13       000B40
__end_of_POS_CURSOR       text5        000C18
__end_of___awdiv          text4        0009A4
__end_of___lwdiv          text3        000ACE
__end_of___wmul           text2        000CD6
__end_of__initialization  cinit        000CFE
__end_of_conviertemenso   text1        000A5A
__end_of_main             text0        0008E0
__initialization          cinit        000CF2
__mediumconst             mediumconst  000000
__pbssCOMRAM              bssCOMRAM    000001
__pcinit                  cinit        000CF2
__pcstackCOMRAM           cstackCOMRAM 00000F
__psmallconst             smallconst   000800
__ptext0                  text0        000814
__ptext1                  text1        0009A4
__ptext10                 text10       000D0C
__ptext11                 text11       000D14
__ptext12                 text12       000C4C
__ptext13                 text13       000ACE
__ptext14                 text14       000CD6
__ptext2                  text2        000CB0
__ptext3                  text3        000A5A
__ptext4                  text4        0008E0
__ptext5                  text5        000BDE
__ptext6                  text6        000B40
__ptext7                  text7        000BA0
__ptext8                  text8        000C18
__ptext9                  text9        000C80
__ramtop                  ramtop       000800
__size_of_BORRAR_LCD      (abs)        000000
__size_of_CURSOR_HOME     (abs)        000000
__size_of_CURSOR_ONOFF    (abs)        000000
__size_of_ENVIA_CHAR      (abs)        000000
__size_of_ENVIA_LCD_CMD   (abs)        000000
__size_of_ENVIA_NIBBLE    (abs)        000000
__size_of_ESCRIBE_MENSAJE (abs)        000000
__size_of_LCD_CONFIG      (abs)        000000
__size_of_LEER_LCD        (abs)        000000
__size_of_POS_CURSOR      (abs)        000000
__size_of___awdiv         (abs)        000000
__size_of___lwdiv         (abs)        000000
__size_of___wmul          (abs)        000000
__size_of_conviertemenso  (abs)        000000
__size_of_main            (abs)        000000
__smallconst              smallconst   000800
_an0_raw                  bssCOMRAM    000001
_conviertemenso           text1        0009A4
_digcen                   bssCOMRAM    000007
_digdec                   bssCOMRAM    000005
_digmil                   bssCOMRAM    000009
_diguni                   bssCOMRAM    000003
_main                     text0        000814
_temporal                 bssCOMRAM    00000D
_temporal2                bssCOMRAM    00000B
conviertemenso@numero     cstackCOMRAM 000017
end_of_initialization     cinit        000CFE
intlevel0                 text         000000
intlevel1                 text         000000
intlevel2                 text         000000
intlevel3                 text         000000
stackhi                   (abs)        0007FF
stacklo                   (abs)        000060
start                     init         000000
start_initialization      cinit        000CF2


FUNCTION INFORMATION:

 *************** function _main *****************
 Defined at:
		line 41 in file "newmain2.c"
 Parameters:    Size  Location     Type
		None
 Auto vars:     Size  Location     Type
		None
 Return value:  Size  Location     Type
                  1    wreg      void 
 Registers used:
		wreg, status,2, status,0, tblptrl, tblptrh, tblptru, prodl, prodh, cstack
 Tracked objects:
		On entry : 
		On exit  : 
		Unchanged: 
 Data sizes:     COMRAM   BANK0   BANK1   BANK2   BANK3   BANK4   BANK5   BANK6   BANK7
      Params:         0       0       0       0       0       0       0       0       0
      Locals:         0       0       0       0       0       0       0       0       0
      Temps:          1       0       0       0       0       0       0       0       0
      Totals:         1       0       0       0       0       0       0       0       0
Total ram usage:        1 bytes
 Hardware stack levels required when called:    3
 This function calls:
		_BORRAR_LCD
		_CURSOR_HOME
		_CURSOR_ONOFF
		_ENVIA_CHAR
		_ESCRIBE_MENSAJE
		_LCD_CONFIG
		_POS_CURSOR
		_conviertemenso
 This function is called by:
		Startup code after reset
 This function uses a non-reentrant model


 *************** function _conviertemenso *****************
 Defined at:
		line 32 in file "newmain2.c"
 Parameters:    Size  Location     Type
  numero          2    8[COMRAM] int 
 Auto vars:     Size  Location     Type
		None
 Return value:  Size  Location     Type
                  2    8[COMRAM] unsigned int 
 Registers used:
		wreg, status,2, status,0, prodl, prodh, cstack
 Tracked objects:
		On entry : 
		On exit  : 
		Unchanged: 
 Data sizes:     COMRAM   BANK0   BANK1   BANK2   BANK3   BANK4   BANK5   BANK6   BANK7
      Params:         2       0       0       0       0       0       0       0       0
      Locals:         0       0       0       0       0       0       0       0       0
      Temps:          0       0       0       0       0       0       0       0       0
      Totals:         2       0       0       0       0       0       0       0       0
Total ram usage:        2 bytes
 Hardware stack levels used:    1
 Hardware stack levels required when called:    1
 This function calls:
		___awdiv
		___lwdiv
		___wmul
 This function is called by:
		_main
 This function uses a non-reentrant model


 *************** function ___wmul *****************
 Defined at:
		line 15 in file "C:\Program Files (x86)\Microchip\xc8\v2.10\pic\sources\c99\common\Umul16.c"
 Parameters:    Size  Location     Type
  multiplier      2    0[COMRAM] unsigned int 
  multiplicand    2    2[COMRAM] unsigned int 
 Auto vars:     Size  Location     Type
  product         2    4[COMRAM] unsigned int 
 Return value:  Size  Location     Type
                  2    0[COMRAM] unsigned int 
 Registers used:
		wreg, status,2, status,0, prodl, prodh
 Tracked objects:
		On entry : 
		On exit  : 
		Unchanged: 
 Data sizes:     COMRAM   BANK0   BANK1   BANK2   BANK3   BANK4   BANK5   BANK6   BANK7
      Params:         4       0       0       0       0       0       0       0       0
      Locals:         2       0       0       0       0       0       0       0       0
      Temps:          0       0       0       0       0       0       0       0       0
      Totals:         6       0       0       0       0       0       0       0       0
Total ram usage:        6 bytes
 Hardware stack levels used:    1
 This function calls:
		Nothing
 This function is called by:
		_conviertemenso
 This function uses a non-reentrant model


 *************** function ___lwdiv *****************
 Defined at:
		line 7 in file "C:\Program Files (x86)\Microchip\xc8\v2.10\pic\sources\c99\common\lwdiv.c"
 Parameters:    Size  Location     Type
  dividend        2    0[COMRAM] unsigned int 
  divisor         2    2[COMRAM] unsigned int 
 Auto vars:     Size  Location     Type
  quotient        2    4[COMRAM] unsigned int 
  counter         1    6[COMRAM] unsigned char 
 Return value:  Size  Location     Type
                  2    0[COMRAM] unsigned int 
 Registers used:
		wreg, status,2, status,0
 Tracked objects:
		On entry : 
		On exit  : 
		Unchanged: 
 Data sizes:     COMRAM   BANK0   BANK1   BANK2   BANK3   BANK4   BANK5   BANK6   BANK7
      Params:         4       0       0       0       0       0       0       0       0
      Locals:         3       0       0       0       0       0       0       0       0
      Temps:          0       0       0       0       0       0       0       0       0
      Totals:         7       0       0       0       0       0       0       0       0
Total ram usage:        7 bytes
 Hardware stack levels used:    1
 This function calls:
		Nothing
 This function is called by:
		_conviertemenso
 This function uses a non-reentrant model


 *************** function ___awdiv *****************
 Defined at:
		line 7 in file "C:\Program Files (x86)\Microchip\xc8\v2.10\pic\sources\c99\common\awdiv.c"
 Parameters:    Size  Location     Type
  dividend        2    0[COMRAM] int 
  divisor         2    2[COMRAM] int 
 Auto vars:     Size  Location     Type
  quotient        2    6[COMRAM] int 
  sign            1    5[COMRAM] unsigned char 
  counter         1    4[COMRAM] unsigned char 
 Return value:  Size  Location     Type
                  2    0[COMRAM] int 
 Registers used:
		wreg, status,2, status,0
 Tracked objects:
		On entry : 
		On exit  : 
		Unchanged: 
 Data sizes:     COMRAM   BANK0   BANK1   BANK2   BANK3   BANK4   BANK5   BANK6   BANK7
      Params:         4       0       0       0       0       0       0       0       0
      Locals:         4       0       0       0       0       0       0       0       0
      Temps:          0       0       0       0       0       0       0       0       0
      Totals:         8       0       0       0       0       0       0       0       0
Total ram usage:        8 bytes
 Hardware stack levels used:    1
 This function calls:
		Nothing
 This function is called by:
		_conviertemenso
 This function uses a non-reentrant model


 *************** function _POS_CURSOR *****************
 Defined at:
		line 6 in file "LCD.c"
 Parameters:    Size  Location     Type
  fila            1    wreg     unsigned char 
  columna         1    3[COMRAM] unsigned char 
 Auto vars:     Size  Location     Type
  fila            1    4[COMRAM] unsigned char 
 Return value:  Size  Location     Type
                  1    wreg      void 
 Registers used:
		wreg, status,2, status,0, cstack
 Tracked objects:
		On entry : 
		On exit  : 
		Unchanged: 
 Data sizes:     COMRAM   BANK0   BANK1   BANK2   BANK3   BANK4   BANK5   BANK6   BANK7
      Params:         1       0       0       0       0       0       0       0       0
      Locals:         1       0       0       0       0       0       0       0       0
      Temps:          0       0       0       0       0       0       0       0       0
      Totals:         2       0       0       0       0       0       0       0       0
Total ram usage:        2 bytes
 Hardware stack levels used:    1
 Hardware stack levels required when called:    2
 This function calls:
		_ENVIA_LCD_CMD
 This function is called by:
		_main
 This function uses a non-reentrant model


 *************** function _LCD_CONFIG *****************
 Defined at:
		line 72 in file "LCD.c"
 Parameters:    Size  Location     Type
		None
 Auto vars:     Size  Location     Type
		None
 Return value:  Size  Location     Type
                  1    wreg      void 
 Registers used:
		wreg, status,2, status,0, cstack
 Tracked objects:
		On entry : 
		On exit  : 
		Unchanged: 
 Data sizes:     COMRAM   BANK0   BANK1   BANK2   BANK3   BANK4   BANK5   BANK6   BANK7
      Params:         0       0       0       0       0       0       0       0       0
      Locals:         0       0       0       0       0       0       0       0       0
      Temps:          1       0       0       0       0       0       0       0       0
      Totals:         1       0       0       0       0       0       0       0       0
Total ram usage:        1 bytes
 Hardware stack levels used:    1
 Hardware stack levels required when called:    2
 This function calls:
		_ENVIA_LCD_CMD
		_ENVIA_NIBBLE
 This function is called by:
		_main
 This function uses a non-reentrant model


 *************** function _ESCRIBE_MENSAJE *****************
 Defined at:
		line 41 in file "LCD.c"
 Parameters:    Size  Location     Type
  cadena          2    3[COMRAM] PTR const unsigned char 
		 -> STR_2(6), STR_1(11), 
  tam             1    5[COMRAM] unsigned char 
 Auto vars:     Size  Location     Type
  i               1    8[COMRAM] unsigned char 
 Return value:  Size  Location     Type
                  1    wreg      void 
 Registers used:
		wreg, status,2, status,0, tblptrl, tblptrh, tblptru, cstack
 Tracked objects:
		On entry : 
		On exit  : 
		Unchanged: 
 Data sizes:     COMRAM   BANK0   BANK1   BANK2   BANK3   BANK4   BANK5   BANK6   BANK7
      Params:         3       0       0       0       0       0       0       0       0
      Locals:         1       0       0       0       0       0       0       0       0
      Temps:          2       0       0       0       0       0       0       0       0
      Totals:         6       0       0       0       0       0       0       0       0
Total ram usage:        6 bytes
 Hardware stack levels used:    1
 Hardware stack levels required when called:    2
 This function calls:
		_ENVIA_CHAR
 This function is called by:
		_main
 This function uses a non-reentrant model


 *************** function _ENVIA_CHAR *****************
 Defined at:
		line 50 in file "LCD.c"
 Parameters:    Size  Location     Type
  dato            1    wreg     unsigned char 
 Auto vars:     Size  Location     Type
  dato            1    1[COMRAM] unsigned char 
  aux             1    2[COMRAM] unsigned char 
 Return value:  Size  Location     Type
                  1    wreg      void 
 Registers used:
		wreg, status,2, status,0, cstack
 Tracked objects:
		On entry : 
		On exit  : 
		Unchanged: 
 Data sizes:     COMRAM   BANK0   BANK1   BANK2   BANK3   BANK4   BANK5   BANK6   BANK7
      Params:         0       0       0       0       0       0       0       0       0
      Locals:         2       0       0       0       0       0       0       0       0
      Temps:          0       0       0       0       0       0       0       0       0
      Totals:         2       0       0       0       0       0       0       0       0
Total ram usage:        2 bytes
 Hardware stack levels used:    1
 Hardware stack levels required when called:    1
 This function calls:
		_ENVIA_NIBBLE
		_LEER_LCD
 This function is called by:
		_ESCRIBE_MENSAJE
		_main
		_GENERACARACTER
 This function uses a non-reentrant model


 *************** function _CURSOR_ONOFF *****************
 Defined at:
		line 35 in file "LCD.c"
 Parameters:    Size  Location     Type
  estado          1    wreg     unsigned char 
 Auto vars:     Size  Location     Type
  estado          1    3[COMRAM] unsigned char 
 Return value:  Size  Location     Type
                  1    wreg      void 
 Registers used:
		wreg, status,2, status,0, cstack
 Tracked objects:
		On entry : 
		On exit  : 
		Unchanged: 
 Data sizes:     COMRAM   BANK0   BANK1   BANK2   BANK3   BANK4   BANK5   BANK6   BANK7
      Params:         0       0       0       0       0       0       0       0       0
      Locals:         1       0       0       0       0       0       0       0       0
      Temps:          0       0       0       0       0       0       0       0       0
      Totals:         1       0       0       0       0       0       0       0       0
Total ram usage:        1 bytes
 Hardware stack levels used:    1
 Hardware stack levels required when called:    2
 This function calls:
		_ENVIA_LCD_CMD
 This function is called by:
		_main
 This function uses a non-reentrant model


 *************** function _CURSOR_HOME *****************
 Defined at:
		line 30 in file "LCD.c"
 Parameters:    Size  Location     Type
		None
 Auto vars:     Size  Location     Type
		None
 Return value:  Size  Location     Type
                  1    wreg      void 
 Registers used:
		wreg, status,2, status,0, cstack
 Tracked objects:
		On entry : 
		On exit  : 
		Unchanged: 
 Data sizes:     COMRAM   BANK0   BANK1   BANK2   BANK3   BANK4   BANK5   BANK6   BANK7
      Params:         0       0       0       0       0       0       0       0       0
      Locals:         0       0       0       0       0       0       0       0       0
      Temps:          0       0       0       0       0       0       0       0       0
      Totals:         0       0       0       0       0       0       0       0       0
Total ram usage:        0 bytes
 Hardware stack levels used:    1
 Hardware stack levels required when called:    2
 This function calls:
		_ENVIA_LCD_CMD
 This function is called by:
		_main
 This function uses a non-reentrant model


 *************** function _BORRAR_LCD *****************
 Defined at:
		line 67 in file "LCD.c"
 Parameters:    Size  Location     Type
		None
 Auto vars:     Size  Location     Type
		None
 Return value:  Size  Location     Type
                  1    wreg      void 
 Registers used:
		wreg, status,2, status,0, cstack
 Tracked objects:
		On entry : 
		On exit  : 
		Unchanged: 
 Data sizes:     COMRAM   BANK0   BANK1   BANK2   BANK3   BANK4   BANK5   BANK6   BANK7
      Params:         0       0       0       0       0       0       0       0       0
      Locals:         0       0       0       0       0       0       0       0       0
      Temps:          0       0       0       0       0       0       0       0       0
      Totals:         0       0       0       0       0       0       0       0       0
Total ram usage:        0 bytes
 Hardware stack levels used:    1
 Hardware stack levels required when called:    2
 This function calls:
		_ENVIA_LCD_CMD
 This function is called by:
		_main
 This function uses a non-reentrant model


 *************** function _ENVIA_LCD_CMD *****************
 Defined at:
		line 104 in file "LCD.c"
 Parameters:    Size  Location     Type
  dato            1    wreg     unsigned char 
 Auto vars:     Size  Location     Type
  dato            1    1[COMRAM] unsigned char 
  aux             1    2[COMRAM] unsigned char 
 Return value:  Size  Location     Type
                  1    wreg      void 
 Registers used:
		wreg, status,2, status,0, cstack
 Tracked objects:
		On entry : 
		On exit  : 
		Unchanged: 
 Data sizes:     COMRAM   BANK0   BANK1   BANK2   BANK3   BANK4   BANK5   BANK6   BANK7
      Params:         0       0       0       0       0       0       0       0       0
      Locals:         2       0       0       0       0       0       0       0       0
      Temps:          0       0       0       0       0       0       0       0       0
      Totals:         2       0       0       0       0       0       0       0       0
Total ram usage:        2 bytes
 Hardware stack levels used:    1
 Hardware stack levels required when called:    1
 This function calls:
		_ENVIA_NIBBLE
		_LEER_LCD
 This function is called by:
		_POS_CURSOR
		_CURSOR_HOME
		_CURSOR_ONOFF
		_BORRAR_LCD
		_LCD_CONFIG
		_BLINK_CURSOR
		_DISPLAY_ONOFF
		_GENERACARACTER
 This function uses a non-reentrant model


 *************** function _LEER_LCD *****************
 Defined at:
		line 121 in file "LCD.c"
 Parameters:    Size  Location     Type
		None
 Auto vars:     Size  Location     Type
  aux             1    0[COMRAM] unsigned char 
 Return value:  Size  Location     Type
                  1    wreg      void 
 Registers used:
		wreg, status,2, status,0
 Tracked objects:
		On entry : 
		On exit  : 
		Unchanged: 
 Data sizes:     COMRAM   BANK0   BANK1   BANK2   BANK3   BANK4   BANK5   BANK6   BANK7
      Params:         0       0       0       0       0       0       0       0       0
      Locals:         1       0       0       0       0       0       0       0       0
      Temps:          0       0       0       0       0       0       0       0       0
      Totals:         1       0       0       0       0       0       0       0       0
Total ram usage:        1 bytes
 Hardware stack levels used:    1
 This function calls:
		Nothing
 This function is called by:
		_ENVIA_CHAR
		_ENVIA_LCD_CMD
 This function uses a non-reentrant model


 *************** function _ENVIA_NIBBLE *****************
 Defined at:
		line 93 in file "LCD.c"
 Parameters:    Size  Location     Type
  dato            1    wreg     unsigned char 
 Auto vars:     Size  Location     Type
  dato            1    0[COMRAM] unsigned char 
 Return value:  Size  Location     Type
                  1    wreg      void 
 Registers used:
		wreg, status,2, status,0
 Tracked objects:
		On entry : 
		On exit  : 
		Unchanged: 
 Data sizes:     COMRAM   BANK0   BANK1   BANK2   BANK3   BANK4   BANK5   BANK6   BANK7
      Params:         0       0       0       0       0       0       0       0       0
      Locals:         1       0       0       0       0       0       0       0       0
      Temps:          0       0       0       0       0       0       0       0       0
      Totals:         1       0       0       0       0       0       0       0       0
Total ram usage:        1 bytes
 Hardware stack levels used:    1
 This function calls:
		Nothing
 This function is called by:
		_ENVIA_CHAR
		_LCD_CONFIG
		_ENVIA_LCD_CMD
 This function uses a non-reentrant model



MODULE INFORMATION

Module		Function		Class		Link	Load	Size
C:\Program Files (x86)\Microchip\xc8\v2.10\pic\sources\c99\common\lwdiv.c
		___lwdiv       		CODE           	0A5A	0000	117

C:\Program Files (x86)\Microchip\xc8\v2.10\pic\sources\c99\common\lwdiv.c estimated size: 117

C:\Program Files (x86)\Microchip\xc8\v2.10\pic\sources\c99\common\awdiv.c
		___awdiv       		CODE           	08E0	0000	197

C:\Program Files (x86)\Microchip\xc8\v2.10\pic\sources\c99\common\awdiv.c estimated size: 197

newmain2.c
		_main          		CODE           	0814	0000	205
		_conviertemenso		CODE           	09A4	0000	183

newmain2.c estimated size: 388

shared
		__initialization		CODE           	0CF2	0000	13

shared estimated size: 13

C:\Program Files (x86)\Microchip\xc8\v2.10\pic\sources\c99\common\Umul16.c
		___wmul        		CODE           	0CB0	0000	39

C:\Program Files (x86)\Microchip\xc8\v2.10\pic\sources\c99\common\Umul16.c estimated size: 39

LCD.c
		_ENVIA_NIBBLE  		CODE           	0CD6	0000	29
		_ENVIA_CHAR    		CODE           	0C18	0000	53
		_CURSOR_HOME   		CODE           	0D0C	0000	9
		_CURSOR_ONOFF  		CODE           	0C80	0000	49
		_POS_CURSOR    		CODE           	0BDE	0000	59
		_ESCRIBE_MENSAJE		CODE           	0BA0	0000	63
		_ENVIA_LCD_CMD 		CODE           	0C4C	0000	53
		_LCD_CONFIG    		CODE           	0B40	0000	97
		_BORRAR_LCD    		CODE           	0D14	0000	9
		_LEER_LCD      		CODE           	0ACE	0000	115

LCD.c estimated size: 536

