MPLINK 5.09, LINKER
Linker Map File - Created Mon May 03 21:48:10 2021

                                 Section Info
                  Section       Type    Address   Location Size(Bytes)
                ---------  ---------  ---------  ---------  ---------
                   .org_1       code   0x000000    program   0x000004
                   .cinit    romdata   0x000004    program   0x000002
                   .org_2       code   0x000008    program   0x000004
                   .org_3       code   0x000020    program   0x0000d4
                   .org_0       code   0x000400    program   0x00000a
.config_300000_BUILD/DEFAULT/PRODUCTION/MAINCOD    romdata   0x300000    program   0x000001
.config_300001_BUILD/DEFAULT/PRODUCTION/MAINCOD    romdata   0x300001    program   0x000001
.config_300002_BUILD/DEFAULT/PRODUCTION/MAINCOD    romdata   0x300002    program   0x000001
.config_300003_BUILD/DEFAULT/PRODUCTION/MAINCOD    romdata   0x300003    program   0x000001
.config_300005_BUILD/DEFAULT/PRODUCTION/MAINCOD    romdata   0x300005    program   0x000001
.config_300006_BUILD/DEFAULT/PRODUCTION/MAINCOD    romdata   0x300006    program   0x000001



                              Program Memory Usage 
                               Start         End      
                           ---------   ---------      
                            0x000000    0x000005      
                            0x000008    0x00000b      
                            0x000020    0x0000f3      
                            0x000400    0x000409      
                            0x300000    0x300003      
                            0x300005    0x300006      
            238 out of 33048 program addresses used, program memory utilization is 0%



                              Symbols - Sorted by Name
                     Name    Address   Location    Storage File                     
                ---------  ---------  ---------  --------- ---------                
                 TMR1_ISR   0x0000be    program     static D:\Microcontroladores\20211_ls5a_thermo.X\maincode.asm
                  _1Exit0   0x000074    program     static D:\Microcontroladores\20211_ls5a_thermo.X\maincode.asm
                  _1Exit1   0x000064    program     static D:\Microcontroladores\20211_ls5a_thermo.X\maincode.asm
                  _1Exit2   0x000056    program     static D:\Microcontroladores\20211_ls5a_thermo.X\maincode.asm
                    anid1   0x0000e6    program     static D:\Microcontroladores\20211_ls5a_thermo.X\maincode.asm
                  aun_no1   0x0000da    program     static D:\Microcontroladores\20211_ls5a_thermo.X\maincode.asm
                  aun_no2   0x0000ea    program     static D:\Microcontroladores\20211_ls5a_thermo.X\maincode.asm
                delay_mux   0x0000d6    program     static D:\Microcontroladores\20211_ls5a_thermo.X\maincode.asm
                init_conf   0x000020    program     static D:\Microcontroladores\20211_ls5a_thermo.X\maincode.asm
                     loop   0x00004a    program     static D:\Microcontroladores\20211_ls5a_thermo.X\maincode.asm
                    otro9   0x0000c6    program     static D:\Microcontroladores\20211_ls5a_thermo.X\maincode.asm
                 tabla_7s   0x000400    program     static D:\Microcontroladores\20211_ls5a_thermo.X\maincode.asm



                              Symbols - Sorted by Address
                     Name    Address   Location    Storage File                     
                ---------  ---------  ---------  --------- ---------                
                init_conf   0x000020    program     static D:\Microcontroladores\20211_ls5a_thermo.X\maincode.asm
                     loop   0x00004a    program     static D:\Microcontroladores\20211_ls5a_thermo.X\maincode.asm
                  _1Exit2   0x000056    program     static D:\Microcontroladores\20211_ls5a_thermo.X\maincode.asm
                  _1Exit1   0x000064    program     static D:\Microcontroladores\20211_ls5a_thermo.X\maincode.asm
                  _1Exit0   0x000074    program     static D:\Microcontroladores\20211_ls5a_thermo.X\maincode.asm
                 TMR1_ISR   0x0000be    program     static D:\Microcontroladores\20211_ls5a_thermo.X\maincode.asm
                    otro9   0x0000c6    program     static D:\Microcontroladores\20211_ls5a_thermo.X\maincode.asm
                delay_mux   0x0000d6    program     static D:\Microcontroladores\20211_ls5a_thermo.X\maincode.asm
                  aun_no1   0x0000da    program     static D:\Microcontroladores\20211_ls5a_thermo.X\maincode.asm
                    anid1   0x0000e6    program     static D:\Microcontroladores\20211_ls5a_thermo.X\maincode.asm
                  aun_no2   0x0000ea    program     static D:\Microcontroladores\20211_ls5a_thermo.X\maincode.asm
                 tabla_7s   0x000400    program     static D:\Microcontroladores\20211_ls5a_thermo.X\maincode.asm


