MPLINK 5.09, LINKER
Linker Map File - Created Wed Jan 08 20:45:27 2020

                                 Section Info
                  Section       Type    Address   Location Size(Bytes)
                ---------  ---------  ---------  ---------  ---------
                   .org_0       code   0x000000    program   0x000004
                   .cinit    romdata   0x000004    program   0x000002
                   .org_1       code   0x000020    program   0x000052
.config_300001_BUILD/DEFAULT/PRODUCTION/MAINCOD    romdata   0x300001    program   0x000001
.config_300002_BUILD/DEFAULT/PRODUCTION/MAINCOD    romdata   0x300002    program   0x000001
.config_300003_BUILD/DEFAULT/PRODUCTION/MAINCOD    romdata   0x300003    program   0x000001
.config_300005_BUILD/DEFAULT/PRODUCTION/MAINCOD    romdata   0x300005    program   0x000001
.config_300006_BUILD/DEFAULT/PRODUCTION/MAINCOD    romdata   0x300006    program   0x000001



                              Program Memory Usage 
                               Start         End      
                           ---------   ---------      
                            0x000000    0x000005      
                            0x000020    0x000071      
                            0x300001    0x300003      
                            0x300005    0x300006      
            93 out of 33048 program addresses used, program memory utilization is 0%



                              Symbols - Sorted by Name
                     Name    Address   Location    Storage File                     
                ---------  ---------  ---------  --------- ---------                
                   anid_1   0x000048    program     static D:\Micro 2020-0\Ejercicio 04 - titileo LED.X\maincode.asm
                   anid_2   0x00005e    program     static D:\Micro 2020-0\Ejercicio 04 - titileo LED.X\maincode.asm
                configuro   0x000020    program     static D:\Micro 2020-0\Ejercicio 04 - titileo LED.X\maincode.asm
                   falso1   0x000042    program     static D:\Micro 2020-0\Ejercicio 04 - titileo LED.X\maincode.asm
                   falso2   0x000058    program     static D:\Micro 2020-0\Ejercicio 04 - titileo LED.X\maincode.asm
                   falso3   0x00006c    program     static D:\Micro 2020-0\Ejercicio 04 - titileo LED.X\maincode.asm
                   inicio   0x000022    program     static D:\Micro 2020-0\Ejercicio 04 - titileo LED.X\maincode.asm
                    otro1   0x000034    program     static D:\Micro 2020-0\Ejercicio 04 - titileo LED.X\maincode.asm
                    otro2   0x00004a    program     static D:\Micro 2020-0\Ejercicio 04 - titileo LED.X\maincode.asm
                    otro3   0x000060    program     static D:\Micro 2020-0\Ejercicio 04 - titileo LED.X\maincode.asm
            retardo_500ms   0x000032    program     static D:\Micro 2020-0\Ejercicio 04 - titileo LED.X\maincode.asm



                              Symbols - Sorted by Address
                     Name    Address   Location    Storage File                     
                ---------  ---------  ---------  --------- ---------                
                configuro   0x000020    program     static D:\Micro 2020-0\Ejercicio 04 - titileo LED.X\maincode.asm
                   inicio   0x000022    program     static D:\Micro 2020-0\Ejercicio 04 - titileo LED.X\maincode.asm
            retardo_500ms   0x000032    program     static D:\Micro 2020-0\Ejercicio 04 - titileo LED.X\maincode.asm
                    otro1   0x000034    program     static D:\Micro 2020-0\Ejercicio 04 - titileo LED.X\maincode.asm
                   falso1   0x000042    program     static D:\Micro 2020-0\Ejercicio 04 - titileo LED.X\maincode.asm
                   anid_1   0x000048    program     static D:\Micro 2020-0\Ejercicio 04 - titileo LED.X\maincode.asm
                    otro2   0x00004a    program     static D:\Micro 2020-0\Ejercicio 04 - titileo LED.X\maincode.asm
                   falso2   0x000058    program     static D:\Micro 2020-0\Ejercicio 04 - titileo LED.X\maincode.asm
                   anid_2   0x00005e    program     static D:\Micro 2020-0\Ejercicio 04 - titileo LED.X\maincode.asm
                    otro3   0x000060    program     static D:\Micro 2020-0\Ejercicio 04 - titileo LED.X\maincode.asm
                   falso3   0x00006c    program     static D:\Micro 2020-0\Ejercicio 04 - titileo LED.X\maincode.asm


