MPLINK 5.09, LINKER
Linker Map File - Created Wed Jan 20 17:33:35 2021

                                 Section Info
                  Section       Type    Address   Location Size(Bytes)
                ---------  ---------  ---------  ---------  ---------
                   .org_1       code   0x000000    program   0x000004
                   .cinit    romdata   0x000004    program   0x000002
                   .org_2       code   0x000020    program   0x00006e
                   .org_0       code   0x000500    program   0x000010
.config_300000_BUILD/DEFAULT/PRODUCTION/MAINCOD    romdata   0x300000    program   0x000001
.config_300001_BUILD/DEFAULT/PRODUCTION/MAINCOD    romdata   0x300001    program   0x000001
.config_300002_BUILD/DEFAULT/PRODUCTION/MAINCOD    romdata   0x300002    program   0x000001
.config_300003_BUILD/DEFAULT/PRODUCTION/MAINCOD    romdata   0x300003    program   0x000001
.config_300005_BUILD/DEFAULT/PRODUCTION/MAINCOD    romdata   0x300005    program   0x000001
.config_300006_BUILD/DEFAULT/PRODUCTION/MAINCOD    romdata   0x300006    program   0x000001



                              Program Memory Usage 
                               Start         End      
                           ---------   ---------      
                            0x000000    0x000005      
                            0x000020    0x00008d      
                            0x000500    0x00050f      
                            0x300000    0x300003      
                            0x300005    0x300006      
            138 out of 33048 program addresses used, program memory utilization is 0%



                              Symbols - Sorted by Name
                     Name    Address   Location    Storage File                     
                ---------  ---------  ---------  --------- ---------                
                   bucle1   0x00006c    program     static D:\Microcontroladores\20210_contador09.X\maincode2.asm
                   bucle2   0x000080    program     static D:\Microcontroladores\20210_contador09.X\maincode2.asm
                 delaymon   0x00005c    program     static D:\Microcontroladores\20210_contador09.X\maincode2.asm
                init_conf   0x000020    program     static D:\Microcontroladores\20210_contador09.X\maincode2.asm
                     loop   0x000034    program     static D:\Microcontroladores\20210_contador09.X\maincode2.asm
                  nollega   0x000042    program     static D:\Microcontroladores\20210_contador09.X\maincode2.asm
                    otro1   0x000060    program     static D:\Microcontroladores\20210_contador09.X\maincode2.asm
                    otro2   0x000070    program     static D:\Microcontroladores\20210_contador09.X\maincode2.asm
                    otro3   0x000084    program     static D:\Microcontroladores\20210_contador09.X\maincode2.asm
                 tabla_7s   0x000500    program     static D:\Microcontroladores\20210_contador09.X\maincode2.asm
                  termino   0x000044    program     static D:\Microcontroladores\20210_contador09.X\maincode2.asm
               visualizar   0x000050    program     static D:\Microcontroladores\20210_contador09.X\maincode2.asm



                              Symbols - Sorted by Address
                     Name    Address   Location    Storage File                     
                ---------  ---------  ---------  --------- ---------                
                init_conf   0x000020    program     static D:\Microcontroladores\20210_contador09.X\maincode2.asm
                     loop   0x000034    program     static D:\Microcontroladores\20210_contador09.X\maincode2.asm
                  nollega   0x000042    program     static D:\Microcontroladores\20210_contador09.X\maincode2.asm
                  termino   0x000044    program     static D:\Microcontroladores\20210_contador09.X\maincode2.asm
               visualizar   0x000050    program     static D:\Microcontroladores\20210_contador09.X\maincode2.asm
                 delaymon   0x00005c    program     static D:\Microcontroladores\20210_contador09.X\maincode2.asm
                    otro1   0x000060    program     static D:\Microcontroladores\20210_contador09.X\maincode2.asm
                   bucle1   0x00006c    program     static D:\Microcontroladores\20210_contador09.X\maincode2.asm
                    otro2   0x000070    program     static D:\Microcontroladores\20210_contador09.X\maincode2.asm
                   bucle2   0x000080    program     static D:\Microcontroladores\20210_contador09.X\maincode2.asm
                    otro3   0x000084    program     static D:\Microcontroladores\20210_contador09.X\maincode2.asm
                 tabla_7s   0x000500    program     static D:\Microcontroladores\20210_contador09.X\maincode2.asm


