MPLINK 5.09, LINKER
Linker Map File - Created Fri Sep 07 20:19:55 2018

                                 Section Info
                  Section       Type    Address   Location Size(Bytes)
                ---------  ---------  ---------  ---------  ---------
                   .org_0       code   0x000000    program   0x000004
                   .cinit    romdata   0x000004    program   0x000002
                   .org_1       code   0x000020    program   0x0000ae
.config_300001_BUILD/DEFAULT/PRODUCTION/TORONJA    romdata   0x300001    program   0x000001
.config_300002_BUILD/DEFAULT/PRODUCTION/TORONJA    romdata   0x300002    program   0x000001
.config_300003_BUILD/DEFAULT/PRODUCTION/TORONJA    romdata   0x300003    program   0x000001
.config_300005_BUILD/DEFAULT/PRODUCTION/TORONJA    romdata   0x300005    program   0x000001
.config_300006_BUILD/DEFAULT/PRODUCTION/TORONJA    romdata   0x300006    program   0x000001



                              Program Memory Usage 
                               Start         End      
                           ---------   ---------      
                            0x000000    0x000005      
                            0x000020    0x0000cd      
                            0x300001    0x300003      
                            0x300005    0x300006      
            185 out of 33048 program addresses used, program memory utilization is 0%



                              Symbols - Sorted by Name
                     Name    Address   Location    Storage File                     
                ---------  ---------  ---------  --------- ---------                
                 cerocero   0x000040    program     static C:\Users\klnla\MPLABXProjects\20182_1khzvar_dc.X\toronja.asm
                  cerouno   0x00006c    program     static C:\Users\klnla\MPLABXProjects\20182_1khzvar_dc.X\toronja.asm
                configuro   0x000020    program     static C:\Users\klnla\MPLABXProjects\20182_1khzvar_dc.X\toronja.asm
                    falso   0x000036    program     static C:\Users\klnla\MPLABXProjects\20182_1khzvar_dc.X\toronja.asm
                   inicio   0x000026    program     static C:\Users\klnla\MPLABXProjects\20182_1khzvar_dc.X\toronja.asm
                    otro1   0x000050    program     static C:\Users\klnla\MPLABXProjects\20182_1khzvar_dc.X\toronja.asm
                    otro2   0x000062    program     static C:\Users\klnla\MPLABXProjects\20182_1khzvar_dc.X\toronja.asm
                    otro3   0x00007c    program     static C:\Users\klnla\MPLABXProjects\20182_1khzvar_dc.X\toronja.asm
                    otro4   0x00008e    program     static C:\Users\klnla\MPLABXProjects\20182_1khzvar_dc.X\toronja.asm
                    otro5   0x0000a8    program     static C:\Users\klnla\MPLABXProjects\20182_1khzvar_dc.X\toronja.asm
                    otro6   0x0000ba    program     static C:\Users\klnla\MPLABXProjects\20182_1khzvar_dc.X\toronja.asm
                  unocero   0x000098    program     static C:\Users\klnla\MPLABXProjects\20182_1khzvar_dc.X\toronja.asm
                   unouno   0x0000c4    program     static C:\Users\klnla\MPLABXProjects\20182_1khzvar_dc.X\toronja.asm



                              Symbols - Sorted by Address
                     Name    Address   Location    Storage File                     
                ---------  ---------  ---------  --------- ---------                
                configuro   0x000020    program     static C:\Users\klnla\MPLABXProjects\20182_1khzvar_dc.X\toronja.asm
                   inicio   0x000026    program     static C:\Users\klnla\MPLABXProjects\20182_1khzvar_dc.X\toronja.asm
                    falso   0x000036    program     static C:\Users\klnla\MPLABXProjects\20182_1khzvar_dc.X\toronja.asm
                 cerocero   0x000040    program     static C:\Users\klnla\MPLABXProjects\20182_1khzvar_dc.X\toronja.asm
                    otro1   0x000050    program     static C:\Users\klnla\MPLABXProjects\20182_1khzvar_dc.X\toronja.asm
                    otro2   0x000062    program     static C:\Users\klnla\MPLABXProjects\20182_1khzvar_dc.X\toronja.asm
                  cerouno   0x00006c    program     static C:\Users\klnla\MPLABXProjects\20182_1khzvar_dc.X\toronja.asm
                    otro3   0x00007c    program     static C:\Users\klnla\MPLABXProjects\20182_1khzvar_dc.X\toronja.asm
                    otro4   0x00008e    program     static C:\Users\klnla\MPLABXProjects\20182_1khzvar_dc.X\toronja.asm
                  unocero   0x000098    program     static C:\Users\klnla\MPLABXProjects\20182_1khzvar_dc.X\toronja.asm
                    otro5   0x0000a8    program     static C:\Users\klnla\MPLABXProjects\20182_1khzvar_dc.X\toronja.asm
                    otro6   0x0000ba    program     static C:\Users\klnla\MPLABXProjects\20182_1khzvar_dc.X\toronja.asm
                   unouno   0x0000c4    program     static C:\Users\klnla\MPLABXProjects\20182_1khzvar_dc.X\toronja.asm


