MPLINK 5.08, LINKER
Linker Map File - Created Tue Aug 21 18:25:35 2018

                                 Section Info
                  Section       Type    Address   Location Size(Bytes)
                ---------  ---------  ---------  ---------  ---------
                   .org_0       code   0x000000    program   0x000004
                   .cinit    romdata   0x000004    program   0x000002
                   .org_1       code   0x000020    program   0x00003e
.config_300001_BUILD/DEFAULT/PRODUCTION/CINCOCI    romdata   0x300001    program   0x000001
.config_300002_BUILD/DEFAULT/PRODUCTION/CINCOCI    romdata   0x300002    program   0x000001
.config_300003_BUILD/DEFAULT/PRODUCTION/CINCOCI    romdata   0x300003    program   0x000001
.config_300005_BUILD/DEFAULT/PRODUCTION/CINCOCI    romdata   0x300005    program   0x000001
.config_300006_BUILD/DEFAULT/PRODUCTION/CINCOCI    romdata   0x300006    program   0x000001



                              Program Memory Usage 
                               Start         End      
                           ---------   ---------      
                            0x000000    0x000005      
                            0x000020    0x00005d      
                            0x300001    0x300003      
                            0x300005    0x300006      
            73 out of 33048 program addresses used, program memory utilization is 0%



                              Symbols - Sorted by Name
                     Name    Address   Location    Storage File                     
                ---------  ---------  ---------  --------- ---------                
                   bucle1   0x000042    program     static C:\Users\klnla\MPLABXProjects\20182_prendeapaga2.X\cincocincocinco.asm
                   bucle2   0x000052    program     static C:\Users\klnla\MPLABXProjects\20182_prendeapaga2.X\cincocincocinco.asm
                configuro   0x000020    program     static C:\Users\klnla\MPLABXProjects\20182_prendeapaga2.X\cincocincocinco.asm
                   inicio   0x000022    program     static C:\Users\klnla\MPLABXProjects\20182_prendeapaga2.X\cincocincocinco.asm
                    otro1   0x000036    program     static C:\Users\klnla\MPLABXProjects\20182_prendeapaga2.X\cincocincocinco.asm
                    otro2   0x000046    program     static C:\Users\klnla\MPLABXProjects\20182_prendeapaga2.X\cincocincocinco.asm
                    otro3   0x000056    program     static C:\Users\klnla\MPLABXProjects\20182_prendeapaga2.X\cincocincocinco.asm
               retrasados   0x000032    program     static C:\Users\klnla\MPLABXProjects\20182_prendeapaga2.X\cincocincocinco.asm



                              Symbols - Sorted by Address
                     Name    Address   Location    Storage File                     
                ---------  ---------  ---------  --------- ---------                
                configuro   0x000020    program     static C:\Users\klnla\MPLABXProjects\20182_prendeapaga2.X\cincocincocinco.asm
                   inicio   0x000022    program     static C:\Users\klnla\MPLABXProjects\20182_prendeapaga2.X\cincocincocinco.asm
               retrasados   0x000032    program     static C:\Users\klnla\MPLABXProjects\20182_prendeapaga2.X\cincocincocinco.asm
                    otro1   0x000036    program     static C:\Users\klnla\MPLABXProjects\20182_prendeapaga2.X\cincocincocinco.asm
                   bucle1   0x000042    program     static C:\Users\klnla\MPLABXProjects\20182_prendeapaga2.X\cincocincocinco.asm
                    otro2   0x000046    program     static C:\Users\klnla\MPLABXProjects\20182_prendeapaga2.X\cincocincocinco.asm
                   bucle2   0x000052    program     static C:\Users\klnla\MPLABXProjects\20182_prendeapaga2.X\cincocincocinco.asm
                    otro3   0x000056    program     static C:\Users\klnla\MPLABXProjects\20182_prendeapaga2.X\cincocincocinco.asm


